Archive member included because of file (symbol)

c:/program files (x86)/codesourcery/sourcery g++ lite/bin/../lib/gcc/arm-none-eabi/4.5.2/../../../../arm-none-eabi/lib/thumb2\libc.a(lib_a-memset.o)
                              build/obj/syscalls.o (memset)
c:/program files (x86)/codesourcery/sourcery g++ lite/bin/../lib/gcc/arm-none-eabi/4.5.2/../../../../arm-none-eabi/lib/thumb2\libc.a(lib_a-strcasecmp.o)
                              build/obj/shell.o (strcasecmp)
c:/program files (x86)/codesourcery/sourcery g++ lite/bin/../lib/gcc/arm-none-eabi/4.5.2/../../../../arm-none-eabi/lib/thumb2\libc.a(lib_a-strchr.o)
                              build/obj/shell.o (strchr)
c:/program files (x86)/codesourcery/sourcery g++ lite/bin/../lib/gcc/arm-none-eabi/4.5.2/../../../../arm-none-eabi/lib/thumb2\libc.a(lib_a-strspn.o)
                              build/obj/shell.o (strspn)
c:/program files (x86)/codesourcery/sourcery g++ lite/bin/../lib/gcc/arm-none-eabi/4.5.2/../../../../arm-none-eabi/lib/thumb2\libc.a(lib_a-ctype_.o)
                              c:/program files (x86)/codesourcery/sourcery g++ lite/bin/../lib/gcc/arm-none-eabi/4.5.2/../../../../arm-none-eabi/lib/thumb2\libc.a(lib_a-strcasecmp.o) (__ctype_ptr__)

Discarded input sections

 .text          0x00000000        0x0 build/obj/crt0.o
 .data          0x00000000        0x0 build/obj/crt0.o
 .bss           0x00000000        0x0 build/obj/crt0.o
 .text.__early_init
                0x00000000       0x10 build/obj/crt0.o
 .text          0x00000000        0x0 build/obj/vectors.o
 .data          0x00000000        0x0 build/obj/vectors.o
 .bss           0x00000000        0x0 build/obj/vectors.o
 .text          0x00000000        0x0 build/obj/chcore.o
 .data          0x00000000        0x0 build/obj/chcore.o
 .bss           0x00000000        0x0 build/obj/chcore.o
 .text          0x00000000        0x0 build/obj/chcore_v7m.o
 .data          0x00000000        0x0 build/obj/chcore_v7m.o
 .bss           0x00000000        0x0 build/obj/chcore_v7m.o
 .text          0x00000000        0x0 build/obj/nvic.o
 .data          0x00000000        0x0 build/obj/nvic.o
 .bss           0x00000000        0x0 build/obj/nvic.o
 .text          0x00000000        0x0 build/obj/chsys.o
 .data          0x00000000        0x0 build/obj/chsys.o
 .bss           0x00000000        0x0 build/obj/chsys.o
 .text          0x00000000        0x0 build/obj/chdebug.o
 .data          0x00000000        0x0 build/obj/chdebug.o
 .bss           0x00000000        0x0 build/obj/chdebug.o
 .text          0x00000000        0x0 build/obj/chlists.o
 .data          0x00000000        0x0 build/obj/chlists.o
 .bss           0x00000000        0x0 build/obj/chlists.o
 .text.lifo_remove
                0x00000000       0x10 build/obj/chlists.o
 .text.list_insert
                0x00000000       0x10 build/obj/chlists.o
 .text          0x00000000        0x0 build/obj/chvt.o
 .data          0x00000000        0x0 build/obj/chvt.o
 .bss           0x00000000        0x0 build/obj/chvt.o
 .text.chTimeIsWithin
                0x00000000       0x30 build/obj/chvt.o
 .text          0x00000000        0x0 build/obj/chschd.o
 .data          0x00000000        0x0 build/obj/chschd.o
 .bss           0x00000000        0x0 build/obj/chschd.o
 .text.chSchRescheduleS
                0x00000000       0x20 build/obj/chschd.o
 .text          0x00000000        0x0 build/obj/chthreads.o
 .data          0x00000000        0x0 build/obj/chthreads.o
 .bss           0x00000000        0x0 build/obj/chthreads.o
 .text.chThdSetPriority
                0x00000000       0x30 build/obj/chthreads.o
 .text.chThdResume
                0x00000000       0x20 build/obj/chthreads.o
 .text.chThdTerminate
                0x00000000       0x20 build/obj/chthreads.o
 .text.chThdYield
                0x00000000       0x30 build/obj/chthreads.o
 .text.chThdWait
                0x00000000       0x40 build/obj/chthreads.o
 .text          0x00000000        0x0 build/obj/chdynamic.o
 .data          0x00000000        0x0 build/obj/chdynamic.o
 .bss           0x00000000        0x0 build/obj/chdynamic.o
 .text.chThdAddRef
                0x00000000       0x20 build/obj/chdynamic.o
 .text.chThdRelease
                0x00000000       0x60 build/obj/chdynamic.o
 .text.chThdCreateFromHeap
                0x00000000       0x40 build/obj/chdynamic.o
 .text.chThdCreateFromMemoryPool
                0x00000000       0x40 build/obj/chdynamic.o
 .text          0x00000000        0x0 build/obj/chregistry.o
 .data          0x00000000        0x0 build/obj/chregistry.o
 .bss           0x00000000        0x0 build/obj/chregistry.o
 .text.chRegFirstThread
                0x00000000       0x20 build/obj/chregistry.o
 .text.chRegNextThread
                0x00000000       0x40 build/obj/chregistry.o
 .text          0x00000000        0x0 build/obj/chsem.o
 .data          0x00000000        0x0 build/obj/chsem.o
 .bss           0x00000000        0x0 build/obj/chsem.o
 .text.chSemResetI
[...]
Memory Configuration

Name             Origin             Length             Attributes
flash            0x08000000         0x00020000
ram              0x20000000         0x00005000
*default*        0x00000000         0xffffffff

Linker script and memory map

LOAD build/obj/crt0.o
LOAD build/obj/vectors.o
LOAD build/obj/chcore.o
LOAD build/obj/chcore_v7m.o
LOAD build/obj/nvic.o
LOAD build/obj/chsys.o
LOAD build/obj/chdebug.o
LOAD build/obj/chlists.o
LOAD build/obj/chvt.o
LOAD build/obj/chschd.o
LOAD build/obj/chthreads.o
LOAD build/obj/chdynamic.o
LOAD build/obj/chregistry.o
LOAD build/obj/chsem.o
LOAD build/obj/chmtx.o
LOAD build/obj/chcond.o
LOAD build/obj/chevents.o
LOAD build/obj/chmsg.o
LOAD build/obj/chmboxes.o
LOAD build/obj/chqueues.o
LOAD build/obj/chmemcore.o
LOAD build/obj/chheap.o
LOAD build/obj/chmempools.o
LOAD build/obj/test.o
LOAD build/obj/testthd.o
LOAD build/obj/testsem.o
LOAD build/obj/testmtx.o
LOAD build/obj/testmsg.o
LOAD build/obj/testmbox.o
LOAD build/obj/testevt.o
LOAD build/obj/testheap.o
LOAD build/obj/testpools.o
LOAD build/obj/testdyn.o
LOAD build/obj/testqueues.o
LOAD build/obj/testbmk.o
LOAD build/obj/hal.o
LOAD build/obj/adc.o
LOAD build/obj/can.o
LOAD build/obj/ext.o
LOAD build/obj/gpt.o
LOAD build/obj/i2c.o
LOAD build/obj/icu.o
LOAD build/obj/mac.o
LOAD build/obj/mmc_spi.o
LOAD build/obj/mmcsd.o
LOAD build/obj/pal.o
LOAD build/obj/pwm.o
LOAD build/obj/rtc.o
LOAD build/obj/sdc.o
LOAD build/obj/serial.o
LOAD build/obj/serial_usb.o
LOAD build/obj/spi.o
LOAD build/obj/tm.o
LOAD build/obj/uart.o
LOAD build/obj/usb.o
LOAD build/obj/stm32_dma.o
LOAD build/obj/hal_lld.o
LOAD build/obj/adc_lld.o
LOAD build/obj/ext_lld_isr.o
LOAD build/obj/can_lld.o
LOAD build/obj/ext_lld.o
LOAD build/obj/gpt_lld.o
LOAD build/obj/icu_lld.o
LOAD build/obj/mac_lld.o
LOAD build/obj/pwm_lld.o
LOAD build/obj/serial_lld.o
LOAD build/obj/sdc_lld.o
LOAD build/obj/spi_lld.o
LOAD build/obj/pal_lld.o
LOAD build/obj/i2c_lld.o
LOAD build/obj/rtc_lld.o
LOAD build/obj/uart_lld.o
LOAD build/obj/usb_lld.o
LOAD build/obj/board.o
LOAD build/obj/evtimer.o
LOAD build/obj/syscalls.o
LOAD build/obj/shell.o
LOAD build/obj/chprintf.o
LOAD build/obj/main.o
LOAD build/obj/can_comm.o
LOAD build/obj/hw_test.o
LOAD build/obj/spi_comm.o
LOAD build/obj/meas.o
START GROUP
LOAD c:/program files (x86)/codesourcery/sourcery g++ lite/bin/../lib/gcc/arm-none-eabi/4.5.2/thumb2\libgcc.a
LOAD c:/program files (x86)/codesourcery/sourcery g++ lite/bin/../lib/gcc/arm-none-eabi/4.5.2/../../../../arm-none-eabi/lib/thumb2\libc.a
END GROUP
                0x00000400                __main_stack_size__ = 0x400
                0x00000400                __process_stack_size__ = 0x400
                0x20000000                __ram_start__ = 0x20000000
                0x00005000                __ram_size__ = 0x5000
                0x20005000                __ram_end__ = (__ram_start__ + __ram_size__)
                0x00000000                . = 0x0
                0x00000000                _text = .

startup         0x08000000       0xec
 *(vectors)
 vectors        0x08000000       0xec build/obj/vectors.o
                0x08000000                _vectors

constructors    0x080000ec        0x0
                0x080000ec                PROVIDE (__init_array_start, .)
 *(SORT(.init_array.*))
 *(.init_array)
                0x080000ec                PROVIDE (__init_array_end, .)

destructors     0x080000ec        0x0
                0x080000ec                PROVIDE (__fini_array_start, .)
 *(.fini_array)
 *(SORT(.fini_array.*))
                0x080000ec                PROVIDE (__fini_array_end, .)

.text           0x080000f0     0x2c4c
 *(.text.startup.*)
 *(.text)
 *(.text.*)
 .text.__late_init
                0x080000f0       0x10 build/obj/crt0.o
                0x080000f0                __late_init
 .text._default_exit
                0x08000100       0x10 build/obj/crt0.o
                0x08000100                _default_exit
 .text.ResetHandler
                0x08000110      0x1d0 build/obj/crt0.o
                0x08000110                ResetHandler
 .text._unhandled_exception
                0x080002e0       0x10 build/obj/vectors.o
                0x080002e0                Vector58
                0x080002e0                VectorE8
                0x080002e0                Vector9C
                0x080002e0                VectorAC
                0x080002e0                Vector5C
                0x080002e0                NMIVector
                0x080002e0                VectorDC
                0x080002e0                VectorC8
                0x080002e0                VectorA8
                0x080002e0                VectorB4
                0x080002e0                UsageFaultVector
                0x080002e0                DebugMonitorVector
                0x080002e0                Vector40
                0x080002e0                VectorBC
                0x080002e0                PendSVVector
                0x080002e0                Vector64
                0x080002e0                VectorCC
                0x080002e0                Vector54
                0x080002e0                VectorD8
                0x080002e0                Vector24
                0x080002e0                BusFaultVector
                0x080002e0                VectorD0
                0x080002e0                VectorE4
                0x080002e0                VectorC0
                0x080002e0                HardFaultVector
                0x080002e0                VectorE0
                0x080002e0                MemManageVector
                0x080002e0                VectorA0
                0x080002e0                VectorC4
                0x080002e0                VectorB0
                0x080002e0                Vector60
                0x080002e0                Vector1C
                0x080002e0                Vector48
                0x080002e0                VectorD4
                0x080002e0                Vector4C
                0x080002e0                Vector68
                0x080002e0                _unhandled_exception
                0x080002e0                Vector88
                0x080002e0                Vector50
                0x080002e0                Vector44
                0x080002e0                Vector28
                0x080002e0                VectorB8
                0x080002e0                Vector34
                0x080002e0                VectorA4
                0x080002e0                Vector20
 .text.port_halt
                0x080002f0       0x10 build/obj/chcore.o
                0x080002f0                port_halt
 .text._port_switch_from_isr
                0x08000300       0x10 build/obj/chcore_v7m.o
                0x08000300                _port_switch_from_isr
 .text.SVCallVector
                0x08000310       0x20 build/obj/chcore_v7m.o
                0x08000310                SVCallVector
 .text._port_init
                0x08000330       0x40 build/obj/chcore_v7m.o
                0x08000330                _port_init
 .text._port_lock
                0x08000370       0x10 build/obj/chcore_v7m.o
                0x08000370                _port_lock
 .text._port_unlock
                0x08000380       0x10 build/obj/chcore_v7m.o
                0x08000380                _port_unlock
 .text._port_irq_epilogue
                0x08000390       0x80 build/obj/chcore_v7m.o
                0x08000390                _port_irq_epilogue
 .text.SysTickVector
                0x08000410       0x20 build/obj/chcore_v7m.o
                0x08000410                SysTickVector
 .text._port_switch
                0x08000430       0x10 build/obj/chcore_v7m.o
                0x08000430                _port_switch
 .text._port_thread_start
                0x08000440       0x20 build/obj/chcore_v7m.o
                0x08000440                _port_thread_start
 .text.nvicEnableVector
                0x08000460       0x50 build/obj/nvic.o
                0x08000460                nvicEnableVector
 .text.nvicDisableVector
                0x080004b0       0x40 build/obj/nvic.o
                0x080004b0                nvicDisableVector
 .text.nvicSetSystemHandlerPriority
                0x080004f0       0x30 build/obj/nvic.o
                0x080004f0                nvicSetSystemHandlerPriority
 .text._idle_thread
                0x08000520       0x20 build/obj/chsys.o
                0x08000520                _idle_thread
 .text.chSysInit
                0x08000540       0x60 build/obj/chsys.o
                0x08000540                chSysInit
 .text.chSysTimerHandlerI
                0x080005a0       0x60 build/obj/chsys.o
                0x080005a0                chSysTimerHandlerI
 .text.prio_insert
                0x08000600       0x30 build/obj/chlists.o
                0x08000600                prio_insert
 .text.queue_insert
                0x08000630       0x10 build/obj/chlists.o
                0x08000630                queue_insert
 .text.fifo_remove
                0x08000640       0x10 build/obj/chlists.o
                0x08000640                fifo_remove
 .text.dequeue  0x08000650       0x10 build/obj/chlists.o
                0x08000650                dequeue
 .text.list_remove
                0x08000660       0x10 build/obj/chlists.o
                0x08000660                list_remove
 .text._vt_init
                0x08000670       0x20 build/obj/chvt.o
                0x08000670                _vt_init
 .text.chVTSetI
                0x08000690       0x40 build/obj/chvt.o
                0x08000690                chVTSetI
 .text.chVTResetI
                0x080006d0       0x30 build/obj/chvt.o
                0x080006d0                chVTResetI
 .text.wakeup   0x08000700       0x60 build/obj/chschd.o
 .text._scheduler_init
                0x08000760       0x20 build/obj/chschd.o
                0x08000760                _scheduler_init
 .text.chSchReadyI
                0x08000780       0x20 build/obj/chschd.o
                0x08000780                chSchReadyI
 .text.chSchGoSleepS
                0x080007a0       0x30 build/obj/chschd.o
                0x080007a0                chSchGoSleepS
 .text.chSchGoSleepTimeoutS
                0x080007d0       0x40 build/obj/chschd.o
                0x080007d0                chSchGoSleepTimeoutS
 .text.chSchWakeupS
                0x08000810       0x60 build/obj/chschd.o
                0x08000810                chSchWakeupS
 .text.chSchDoRescheduleBehind
                0x08000870       0x40 build/obj/chschd.o
                0x08000870                chSchDoRescheduleBehind
 .text.chSchDoRescheduleAhead
                0x080008b0       0x40 build/obj/chschd.o
                0x080008b0                chSchDoRescheduleAhead
 .text.chSchDoReschedule
                0x080008f0       0x20 build/obj/chschd.o
                0x080008f0                chSchDoReschedule
 .text._thread_init
                0x08000910       0x40 build/obj/chthreads.o
                0x08000910                _thread_init
 .text.chThdCreateI
                0x08000950       0x60 build/obj/chthreads.o
                0x08000950                chThdCreateI
 .text.chThdCreateStatic
                0x080009b0       0x30 build/obj/chthreads.o
                0x080009b0                chThdCreateStatic
 .text.chThdSleep
                0x080009e0       0x20 build/obj/chthreads.o
                0x080009e0                chThdSleep
 .text.chThdSleepUntil
                0x08000a00       0x20 build/obj/chthreads.o
                0x08000a00                chThdSleepUntil
 .text.chThdExitS
                0x08000a20       0x50 build/obj/chthreads.o
                0x08000a20                chThdExitS
 .text.chThdExit
                0x08000a70       0x10 build/obj/chthreads.o
                0x08000a70                chThdExit
 .text.chSemInit
                0x08000a80       0x10 build/obj/chsem.o
                0x08000a80                chSemInit
 .text.chSemWaitTimeoutS
                0x08000a90       0x40 build/obj/chsem.o
                0x08000a90                chSemWaitTimeoutS
 .text.chSemSignalI
                0x08000ad0       0x20 build/obj/chsem.o
                0x08000ad0                chSemSignalI
 .text.chMtxInit
                0x08000af0       0x10 build/obj/chmtx.o
                0x08000af0                chMtxInit
 .text.chMtxLockS
                0x08000b00       0x80 build/obj/chmtx.o
                0x08000b00                chMtxLockS
 .text.chMtxLock
                0x08000b80       0x10 build/obj/chmtx.o
                0x08000b80                chMtxLock
 .text.chMtxUnlock
                0x08000b90       0x60 build/obj/chmtx.o
                0x08000b90                chMtxUnlock
 .text.chEvtRegisterMask
                0x08000bf0       0x30 build/obj/chevents.o
                0x08000bf0                chEvtRegisterMask
 .text.chEvtUnregister
                0x08000c20       0x30 build/obj/chevents.o
                0x08000c20                chEvtUnregister
 .text.chEvtSignalI
                0x08000c50       0x40 build/obj/chevents.o
                0x08000c50                chEvtSignalI
 .text.chEvtBroadcastFlagsI
                0x08000c90       0x30 build/obj/chevents.o
                0x08000c90                chEvtBroadcastFlagsI
 .text.chEvtWaitAnyTimeout
                0x08000cc0       0x50 build/obj/chevents.o
                0x08000cc0                chEvtWaitAnyTimeout
 .text._core_init
                0x08000d10       0x30 build/obj/chmemcore.o
                0x08000d10                _core_init
 .text.chCoreAlloc
                0x08000d40       0x40 build/obj/chmemcore.o
                0x08000d40                chCoreAlloc
 .text._heap_init
                0x08000d80       0x20 build/obj/chheap.o
                0x08000d80                _heap_init
 .text.halInit  0x08000da0       0x30 build/obj/hal.o
                0x08000da0                halInit
 .text.adcInit  0x08000dd0       0x10 build/obj/adc.o
                0x08000dd0                adcInit
 .text.adcObjectInit
                0x08000de0       0x20 build/obj/adc.o
                0x08000de0                adcObjectInit
 .text.adcStart
                0x08000e00       0x20 build/obj/adc.o
                0x08000e00                adcStart
 .text.adcConvert
                0x08000e20       0x40 build/obj/adc.o
                0x08000e20                adcConvert
 .text.canInit  0x08000e60       0x10 build/obj/can.o
                0x08000e60                canInit
 .text.canObjectInit
                0x08000e70       0x40 build/obj/can.o
                0x08000e70                canObjectInit
 .text.canStart
                0x08000eb0       0x40 build/obj/can.o
                0x08000eb0                canStart
 .text.canTransmit
                0x08000ef0       0x40 build/obj/can.o
                0x08000ef0                canTransmit
 .text.canReceive
                0x08000f30       0x40 build/obj/can.o
                0x08000f30                canReceive
 .text.spiInit  0x08000f70       0x10 build/obj/spi.o
                0x08000f70                spiInit
 .text.spiObjectInit
                0x08000f80       0x10 build/obj/spi.o
                0x08000f80                spiObjectInit
 .text.spiStart
                0x08000f90       0x20 build/obj/spi.o
                0x08000f90                spiStart
 .text.spiStop  0x08000fb0       0x20 build/obj/spi.o
                0x08000fb0                spiStop
 .text.spiSelect
                0x08000fd0       0x10 build/obj/spi.o
                0x08000fd0                spiSelect
 .text.spiUnselect
                0x08000fe0       0x10 build/obj/spi.o
                0x08000fe0                spiUnselect
 .text.spiExchange
                0x08000ff0       0x30 build/obj/spi.o
                0x08000ff0                spiExchange
 .text.spiSend  0x08001020       0x30 build/obj/spi.o
                0x08001020                spiSend
 .text.spiAcquireBus
                0x08001050       0x10 build/obj/spi.o
                0x08001050                spiAcquireBus
 .text.spiReleaseBus
                0x08001060       0x10 build/obj/spi.o
                0x08001060                spiReleaseBus
 .text.tm_start
                0x08001070       0x10 build/obj/tm.o
 .text.tm_stop  0x08001080       0x30 build/obj/tm.o
 .text.tmInit   0x080010b0       0x40 build/obj/tm.o
                0x080010b0                tmInit
 .text.Vector6C
                0x080010f0       0x30 build/obj/stm32_dma.o
                0x080010f0                Vector6C
 .text.Vector70
                0x08001120       0x30 build/obj/stm32_dma.o
                0x08001120                Vector70
 .text.Vector74
                0x08001150       0x30 build/obj/stm32_dma.o
                0x08001150                Vector74
 .text.Vector78
                0x08001180       0x30 build/obj/stm32_dma.o
                0x08001180                Vector78
 .text.Vector7C
                0x080011b0       0x30 build/obj/stm32_dma.o
                0x080011b0                Vector7C
 .text.Vector80
                0x080011e0       0x30 build/obj/stm32_dma.o
                0x080011e0                Vector80
 .text.Vector84
                0x08001210       0x30 build/obj/stm32_dma.o
                0x08001210                Vector84
 .text.dmaInit  0x08001240       0x60 build/obj/stm32_dma.o
                0x08001240                dmaInit
 .text.dmaStreamAllocate
                0x080012a0       0x80 build/obj/stm32_dma.o
                0x080012a0                dmaStreamAllocate
 .text.dmaStreamRelease
                0x08001320       0x40 build/obj/stm32_dma.o
                0x08001320                dmaStreamRelease
 .text.hal_lld_init
                0x08001360       0xa0 build/obj/hal_lld.o
                0x08001360                hal_lld_init
 .text.stm32_clock_init
                0x08001400       0x90 build/obj/hal_lld.o
                0x08001400                stm32_clock_init
 .text.adc_lld_serve_rx_interrupt
                0x08001490      0x120 build/obj/adc_lld.o
 .text.adc_lld_init
                0x080015b0       0x70 build/obj/adc_lld.o
                0x080015b0                adc_lld_init
 .text.adc_lld_start
                0x08001620       0x50 build/obj/adc_lld.o
                0x08001620                adc_lld_start
 .text.adc_lld_start_conversion
                0x08001670       0x70 build/obj/adc_lld.o
                0x08001670                adc_lld_start_conversion
 .text.Vector8C
                0x080016e0       0x50 build/obj/can_lld.o
                0x080016e0                Vector8C
 .text.Vector90
                0x08001730       0x70 build/obj/can_lld.o
                0x08001730                Vector90
 .text.Vector94
                0x080017a0       0x10 build/obj/can_lld.o
                0x080017a0                Vector94
 .text.Vector98
                0x080017b0       0x80 build/obj/can_lld.o
                0x080017b0                Vector98
 .text.can_lld_init
                0x08001830       0x20 build/obj/can_lld.o
                0x08001830                can_lld_init
 .text.can_lld_start
                0x08001850      0x8b0 build/obj/can_lld.o
                0x08001850                can_lld_start
 .text.can_lld_can_transmit
                0x08002100       0x10 build/obj/can_lld.o
                0x08002100                can_lld_can_transmit
 .text.can_lld_transmit
                0x08002110       0x60 build/obj/can_lld.o
                0x08002110                can_lld_transmit
 .text.can_lld_can_receive
                0x08002170       0x10 build/obj/can_lld.o
                0x08002170                can_lld_can_receive
 .text.can_lld_receive
                0x08002180       0x90 build/obj/can_lld.o
                0x08002180                can_lld_receive
 .text.spi_lld_serve_tx_interrupt
                0x08002210       0x10 build/obj/spi_lld.o
 .text.spi_lld_serve_rx_interrupt
                0x08002220       0x70 build/obj/spi_lld.o
 .text.spi_lld_init
                0x08002290       0x40 build/obj/spi_lld.o
                0x08002290                spi_lld_init
 .text.spi_lld_start
                0x080022d0       0xb0 build/obj/spi_lld.o
                0x080022d0                spi_lld_start
 .text.spi_lld_stop
                0x08002380       0x40 build/obj/spi_lld.o
                0x08002380                spi_lld_stop
 .text.spi_lld_select
                0x080023c0       0x10 build/obj/spi_lld.o
                0x080023c0                spi_lld_select
 .text.spi_lld_unselect
                0x080023d0       0x10 build/obj/spi_lld.o
                0x080023d0                spi_lld_unselect
 .text.spi_lld_exchange
                0x080023e0       0x40 build/obj/spi_lld.o
                0x080023e0                spi_lld_exchange
 .text.spi_lld_send
                0x08002420       0x40 build/obj/spi_lld.o
                0x08002420                spi_lld_send
 .text._pal_lld_init
                0x08002460       0x70 build/obj/pal_lld.o
                0x08002460                _pal_lld_init
 .text.__early_init
                0x080024d0       0x10 build/obj/board.o
                0x080024d0                __early_init
 .text.boardInit
                0x080024e0       0x10 build/obj/board.o
                0x080024e0                boardInit
 .text.Thread1  0x080024f0       0x20 build/obj/main.o
 .text.task20ms
                0x08002510       0x30 build/obj/main.o
 .text.main     0x08002540       0x60 build/obj/main.o
                0x08002540                main
 .text.can_rx   0x080025a0      0x140 build/obj/can_comm.o
 .text.can_commInit
                0x080026e0       0xe0 build/obj/can_comm.o
                0x080026e0                can_commInit
 .text.can_commCalc
                0x080027c0       0x10 build/obj/can_comm.o
                0x080027c0                can_commCalc
 .text.SPIExchangeData
                0x080027d0       0x50 build/obj/spi_comm.o
                0x080027d0                SPIExchangeData
 .text.SPISendData
                0x08002820       0x60 build/obj/spi_comm.o
                0x08002820                SPISendData
 .text.SPV1020PWM
                0x08002880       0x20 build/obj/spi_comm.o
                0x08002880                SPV1020PWM
 .text.SPV1020STATUS
                0x080028a0       0x20 build/obj/spi_comm.o
                0x080028a0                SPV1020STATUS
 .text.SPV1020VIN
                0x080028c0       0x20 build/obj/spi_comm.o
                0x080028c0                SPV1020VIN
 .text.spi_commInit
                0x080028e0       0x30 build/obj/spi_comm.o
                0x080028e0                spi_commInit
 .text.adcerrorcallback
                0x08002910       0x10 build/obj/meas.o
 .text.measInit
                0x08002920       0x20 build/obj/meas.o
                0x08002920                measInit
 .text.measGetValue
                0x08002940       0x10 build/obj/meas.o
                0x08002940                measGetValue
 .text.measInterpolateNTC
                0x08002950       0x90 build/obj/meas.o
                0x08002950                measInterpolateNTC
 .text.measCalc
                0x080029e0      0x1b0 build/obj/meas.o
                0x080029e0                measCalc
 *(.rodata)
 *(.rodata.*)
 .rodata.str1.4
                0x08002b90        0x5 build/obj/chsys.o
                                  0x8 (size before relaxing)
 *fill*         0x08002b95        0xb 00
 .rodata.ch_debug
                0x08002ba0       0x18 build/obj/chregistry.o
                0x08002ba0                ch_debug
 *fill*         0x08002bb8        0x8 00
 .rodata._stm32_dma_streams
                0x08002bc0       0x54 build/obj/stm32_dma.o
                0x08002bc0                _stm32_dma_streams
 *fill*         0x08002c14        0xc 00
 .rodata.pal_default_config
                0x08002c20       0x3c build/obj/board.o
                0x08002c20                pal_default_config
 *fill*         0x08002c5c        0x4 00
 .rodata.str1.4
                0x08002c60       0x11 build/obj/main.o
                                 0x14 (size before relaxing)
 *fill*         0x08002c71        0xf 00
 .rodata.str1.4
                0x08002c80        0xc build/obj/can_comm.o
 *fill*         0x08002c8c        0x4 00
 .rodata.cancfg
                0x08002c90       0x10 build/obj/can_comm.o
 .rodata.ls_spicfg_cs1
                0x08002ca0        0xc build/obj/spi_comm.o
 *fill*         0x08002cac        0x4 00
 .rodata.measNTCcalib
                0x08002cb0       0x58 build/obj/meas.o
                0x08002cb0                measNTCcalib
 *fill*         0x08002d08        0x8 00
 .rodata.adcgrpcfg
                0x08002d10       0x2c build/obj/meas.o
 *(.glue_7t)
 .glue_7t       0x00000000        0x0 linker stubs
 *(.glue_7)
 .glue_7        0x00000000        0x0 linker stubs
 *(.gcc*)

.vfp11_veneer   0x08002d3c        0x0
 .vfp11_veneer  0x00000000        0x0 linker stubs

.v4_bx          0x08002d3c        0x0
 .v4_bx         0x00000000        0x0 linker stubs

.ARM.extab
 *(.ARM.extab* .gnu.linkonce.armextab.*)

.ARM.exidx      0x08002d3c        0x0
                0x08002d3c                PROVIDE (__exidx_start, .)
 *(.ARM.exidx* .gnu.linkonce.armexidx.*)
                0x08002d3c                PROVIDE (__exidx_end, .)

.eh_frame_hdr
 *(.eh_frame_hdr)

.eh_frame
 *(.eh_frame)

.textalign      0x08002d3c        0x4
                0x08002d40                . = ALIGN (0x8)
 *fill*         0x08002d3c        0x4 00
                0x08002d40                _etext = .
                0x08002d40                _textdata = _etext

.stacks         0x20000000      0x800
                0x20000000                . = ALIGN (0x8)
                0x20000000                __main_stack_base__ = .
                0x20000400                . = (. + __main_stack_size__)
 *fill*         0x20000000      0x400 00
                0x20000400                . = ALIGN (0x8)
                0x20000400                __main_stack_end__ = .
                0x20000400                __process_stack_base__ = .
                0x20000400                __main_thread_stack_base__ = .
                0x20000800                . = (. + __process_stack_size__)
 *fill*         0x20000400      0x400 00
                0x20000800                . = ALIGN (0x8)
                0x20000800                __process_stack_end__ = .
                0x20000800                __main_thread_stack_end__ = .

.data           0x20000800        0x0 load address 0x08002d40
                0x20000800                . = ALIGN (0x4)
                0x20000800                PROVIDE (_data, .)
 *(.data)
                0x20000800                . = ALIGN (0x4)
 *(.data.*)
                0x20000800                . = ALIGN (0x4)
 *(.ramtext)
                0x20000800                . = ALIGN (0x4)
                0x20000800                PROVIDE (_edata, .)

.bss            0x20000800      0x764 load address 0x08002d40
                0x20000800                . = ALIGN (0x4)
                0x20000800                PROVIDE (_bss_start, .)
 *(.bss)
                0x20000800                . = ALIGN (0x4)
 *(.bss.*)
 .bss._idle_thread_wa
                0x20000800       0xc0 build/obj/chsys.o
                0x20000800                _idle_thread_wa
 .bss.mainthread.4629
                0x200008c0       0x48 build/obj/chsys.o
 .bss.vtlist    0x20000908       0x10 build/obj/chvt.o
                0x20000908                vtlist
 .bss.rlist     0x20000918       0x1c build/obj/chschd.o
                0x20000918                rlist
 .bss.endmem    0x20000934        0x4 build/obj/chmemcore.o
 .bss.nextmem   0x20000938        0x4 build/obj/chmemcore.o
 *fill*         0x2000093c        0x4 00
 .bss.default_heap
                0x20000940       0x20 build/obj/chheap.o
 .bss.measurement_offset
                0x20000960        0x4 build/obj/tm.o
 .bss.dma_isr_redir
                0x20000964       0x38 build/obj/stm32_dma.o
 .bss.dma_streams_mask
                0x2000099c        0x4 build/obj/stm32_dma.o
 .bss.ADCD1     0x200009a0       0x34 build/obj/adc_lld.o
                0x200009a0                ADCD1
 .bss.CAND1     0x200009d4       0x38 build/obj/can_lld.o
                0x200009d4                CAND1
 .bss.dummytx   0x20000a0c        0x2 build/obj/spi_lld.o
 *fill*         0x20000a0e        0x2 00
 .bss.SPID1     0x20000a10       0x30 build/obj/spi_lld.o
                0x20000a10                SPID1
 .bss.dummyrx   0x20000a40        0x2 build/obj/spi_lld.o
 *fill*         0x20000a42        0x6 00
 .bss.waThread1
                0x20000a48      0x130 build/obj/main.o
 .bss.watask20ms
                0x20000b78      0x1b0 build/obj/main.o
 .bss.id        0x20000d28        0x2 build/obj/can_comm.o
 *fill*         0x20000d2a        0x2 00
 .bss.txmsg     0x20000d2c       0x10 build/obj/can_comm.o
 *fill*         0x20000d3c        0x4 00
 .bss.can_rx_wa
                0x20000d40      0x1b0 build/obj/can_comm.o
 .bss.rxmsg     0x20000ef0       0x14 build/obj/can_comm.o
 .bss.txbuf_nop
                0x20000f04        0x4 build/obj/spi_comm.o
 .bss.measValue
                0x20000f08       0x18 build/obj/meas.o
 .bss.measstate
                0x20000f20        0x1 build/obj/meas.o
                0x20000f20                measstate
 *fill*         0x20000f21        0x3 00
 .bss.samples   0x20000f24       0x40 build/obj/meas.o
                0x20000f64                . = ALIGN (0x4)
 *(COMMON)
                0x20000f64                . = ALIGN (0x4)
                0x20000f64                PROVIDE (_bss_end, .)
                0x20000f64                PROVIDE (end, .)
                0x20000f64                _end = .
                0x20000f64                __heap_base__ = _end
                0x20005000                __heap_end__ = __ram_end__
OUTPUT(build/luxcontrol.elf elf32-littlearm)

.debug_abbrev   0x00000000     0x676a
 .debug_abbrev  0x00000000       0xd9 build/obj/crt0.o
 .debug_abbrev  0x000000d9       0x74 build/obj/vectors.o
 .debug_abbrev  0x0000014d       0x41 build/obj/chcore.o
 .debug_abbrev  0x0000018e      0x178 build/obj/chcore_v7m.o
 .debug_abbrev  0x00000306       0xec build/obj/nvic.o
 .debug_abbrev  0x000003f2      0x17c build/obj/chsys.o
 .debug_abbrev  0x0000056e       0x2a build/obj/chdebug.o
 .debug_abbrev  0x00000598      0x163 build/obj/chlists.o
 .debug_abbrev  0x000006fb      0x163 build/obj/chvt.o
 .debug_abbrev  0x0000085e      0x264 build/obj/chschd.o
 .debug_abbrev  0x00000ac2      0x24e build/obj/chthreads.o
 .debug_abbrev  0x00000d10      0x172 build/obj/chdynamic.o
 .debug_abbrev  0x00000e82      0x141 build/obj/chregistry.o
 .debug_abbrev  0x00000fc3      0x1d7 build/obj/chsem.o
 .debug_abbrev  0x0000119a      0x213 build/obj/chmtx.o
 .debug_abbrev  0x000013ad      0x1bf build/obj/chcond.o
 .debug_abbrev  0x0000156c      0x1f9 build/obj/chevents.o
 .debug_abbrev  0x00001765      0x128 build/obj/chmsg.o
 .debug_abbrev  0x0000188d      0x19d build/obj/chmboxes.o
 .debug_abbrev  0x00001a2a      0x20d build/obj/chqueues.o
 .debug_abbrev  0x00001c37      0x14d build/obj/chmemcore.o
 .debug_abbrev  0x00001d84      0x1c9 build/obj/chheap.o
 .debug_abbrev  0x00001f4d      0x1e2 build/obj/chmempools.o
 .debug_abbrev  0x0000212f      0x3ce build/obj/test.o
 .debug_abbrev  0x000024fd      0x196 build/obj/testthd.o
 .debug_abbrev  0x00002693      0x1da build/obj/testsem.o
 .debug_abbrev  0x0000286d      0x277 build/obj/testmtx.o
 .debug_abbrev  0x00002ae4      0x164 build/obj/testmsg.o
 .debug_abbrev  0x00002c48      0x198 build/obj/testmbox.o
 .debug_abbrev  0x00002de0      0x20f build/obj/testevt.o
 .debug_abbrev  0x00002fef      0x19d build/obj/testheap.o
 .debug_abbrev  0x0000318c      0x14a build/obj/testpools.o
 .debug_abbrev  0x000032d6      0x204 build/obj/testdyn.o
 .debug_abbrev  0x000034da      0x1f5 build/obj/testqueues.o
 .debug_abbrev  0x000036cf      0x2b4 build/obj/testbmk.o
 .debug_abbrev  0x00003983      0x167 build/obj/hal.o
 .debug_abbrev  0x00003aea      0x267 build/obj/adc.o
 .debug_abbrev  0x00003d51      0x202 build/obj/can.o
 .debug_abbrev  0x00003f53       0x4f build/obj/ext.o
 .debug_abbrev  0x00003fa2       0x4f build/obj/gpt.o
 .debug_abbrev  0x00003ff1       0x4f build/obj/i2c.o
 .debug_abbrev  0x00004040       0x4f build/obj/icu.o
 .debug_abbrev  0x0000408f       0x4f build/obj/mac.o
 .debug_abbrev  0x000040de       0x4f build/obj/mmc_spi.o
 .debug_abbrev  0x0000412d       0x4f build/obj/mmcsd.o
 .debug_abbrev  0x0000417c       0xfc build/obj/pal.o
 .debug_abbrev  0x00004278       0x4f build/obj/pwm.o
 .debug_abbrev  0x000042c7       0x4f build/obj/rtc.o
 .debug_abbrev  0x00004316       0x4f build/obj/sdc.o
 .debug_abbrev  0x00004365       0x4f build/obj/serial.o
 .debug_abbrev  0x000043b4       0x4f build/obj/serial_usb.o
 .debug_abbrev  0x00004403      0x1fb build/obj/spi.o
 .debug_abbrev  0x000045fe      0x169 build/obj/tm.o
 .debug_abbrev  0x00004767       0x4f build/obj/uart.o
 .debug_abbrev  0x000047b6       0x4f build/obj/usb.o
 .debug_abbrev  0x00004805      0x18a build/obj/stm32_dma.o
 .debug_abbrev  0x0000498f       0xf6 build/obj/hal_lld.o
 .debug_abbrev  0x00004a85      0x231 build/obj/adc_lld.o
 .debug_abbrev  0x00004cb6       0x4f build/obj/ext_lld_isr.o
 .debug_abbrev  0x00004d05      0x29a build/obj/can_lld.o
 .debug_abbrev  0x00004f9f       0x4f build/obj/ext_lld.o
 .debug_abbrev  0x00004fee       0x4f build/obj/gpt_lld.o
 .debug_abbrev  0x0000503d       0x4f build/obj/icu_lld.o
 .debug_abbrev  0x0000508c       0x4f build/obj/mac_lld.o
 .debug_abbrev  0x000050db       0x4f build/obj/pwm_lld.o
 .debug_abbrev  0x0000512a       0x4f build/obj/serial_lld.o
 .debug_abbrev  0x00005179       0x4f build/obj/sdc_lld.o
 .debug_abbrev  0x000051c8      0x26d build/obj/spi_lld.o
 .debug_abbrev  0x00005435      0x129 build/obj/pal_lld.o
 .debug_abbrev  0x0000555e       0x4f build/obj/i2c_lld.o
 .debug_abbrev  0x000055ad       0x4f build/obj/rtc_lld.o
 .debug_abbrev  0x000055fc       0x4f build/obj/uart_lld.o
 .debug_abbrev  0x0000564b       0x4f build/obj/usb_lld.o
 .debug_abbrev  0x0000569a       0xa9 build/obj/board.o
 .debug_abbrev  0x00005743      0x138 build/obj/evtimer.o
 .debug_abbrev  0x0000587b      0x1b5 build/obj/syscalls.o
 .debug_abbrev  0x00005a30      0x2b3 build/obj/shell.o
 .debug_abbrev  0x00005ce3      0x1be build/obj/chprintf.o
 .debug_abbrev  0x00005ea1      0x180 build/obj/main.o
 .debug_abbrev  0x00006021      0x22d build/obj/can_comm.o
 .debug_abbrev  0x0000624e      0x106 build/obj/hw_test.o
 .debug_abbrev  0x00006354      0x1c1 build/obj/spi_comm.o
 .debug_abbrev  0x00006515      0x255 build/obj/meas.o

.debug_info     0x00000000    0x19ff8
 .debug_info    0x00000000      0x345 build/obj/crt0.o
 .debug_info    0x00000345       0xb5 build/obj/vectors.o
 .debug_info    0x000003fa       0x8b build/obj/chcore.o
 .debug_info    0x00000485      0x790 build/obj/chcore_v7m.o
 .debug_info    0x00000c15      0x439 build/obj/nvic.o
 .debug_info    0x0000104e      0x797 build/obj/chsys.o
 .debug_info    0x000017e5       0x73 build/obj/chdebug.o
 .debug_info    0x00001858      0x54c build/obj/chlists.o
 .debug_info    0x00001da4      0x27b build/obj/chvt.o
 .debug_info    0x0000201f      0x7ad build/obj/chschd.o
 .debug_info    0x000027cc      0x847 build/obj/chthreads.o
 .debug_info    0x00003013      0x69c build/obj/chdynamic.o
 .debug_info    0x000036af      0x5fb build/obj/chregistry.o
 .debug_info    0x00003caa      0x725 build/obj/chsem.o
 .debug_info    0x000043cf      0x6b5 build/obj/chmtx.o
 .debug_info    0x00004a84      0x66c build/obj/chcond.o
 .debug_info    0x000050f0      0x8b0 build/obj/chevents.o
 .debug_info    0x000059a0      0x4f8 build/obj/chmsg.o
 .debug_info    0x00005e98      0x7ba build/obj/chmboxes.o
 .debug_info    0x00006652      0x8b2 build/obj/chqueues.o
 .debug_info    0x00006f04      0x1db build/obj/chmemcore.o
 .debug_info    0x000070df      0x650 build/obj/chheap.o
 .debug_info    0x0000772f      0x366 build/obj/chmempools.o
 .debug_info    0x00007a95      0xecf build/obj/test.o
 .debug_info    0x00008964      0x734 build/obj/testthd.o
 .debug_info    0x00009098      0x86f build/obj/testsem.o
 .debug_info    0x00009907      0xbdc build/obj/testmtx.o
 .debug_info    0x0000a4e3      0x5a0 build/obj/testmsg.o
 .debug_info    0x0000aa83      0x63b build/obj/testmbox.o
 .debug_info    0x0000b0be      0x909 build/obj/testevt.o
 .debug_info    0x0000b9c7      0x689 build/obj/testheap.o
 .debug_info    0x0000c050      0x24f build/obj/testpools.o
 .debug_info    0x0000c29f      0x90b build/obj/testdyn.o
 .debug_info    0x0000cbaa      0x83c build/obj/testqueues.o
 .debug_info    0x0000d3e6      0xcca build/obj/testbmk.o
 .debug_info    0x0000e0b0      0x2f5 build/obj/hal.o
 .debug_info    0x0000e3a5      0xbf3 build/obj/adc.o
 .debug_info    0x0000ef98      0xce2 build/obj/can.o
 .debug_info    0x0000fc7a       0x9f build/obj/ext.o
 .debug_info    0x0000fd19       0x9f build/obj/gpt.o
 .debug_info    0x0000fdb8       0x9f build/obj/i2c.o
 .debug_info    0x0000fe57       0x9f build/obj/icu.o
 .debug_info    0x0000fef6       0x9f build/obj/mac.o
 .debug_info    0x0000ff95       0x9f build/obj/mmc_spi.o
 .debug_info    0x00010034       0x9f build/obj/mmcsd.o
 .debug_info    0x000100d3      0x244 build/obj/pal.o
 .debug_info    0x00010317       0x9f build/obj/pwm.o
 .debug_info    0x000103b6       0x9f build/obj/rtc.o
 .debug_info    0x00010455       0x9f build/obj/sdc.o
 .debug_info    0x000104f4       0x9f build/obj/serial.o
 .debug_info    0x00010593       0x9f build/obj/serial_usb.o
 .debug_info    0x00010632      0xbdf build/obj/spi.o
 .debug_info    0x00011211      0x2a1 build/obj/tm.o
 .debug_info    0x000114b2       0x9f build/obj/uart.o
 .debug_info    0x00011551       0x9f build/obj/usb.o
 .debug_info    0x000115f0      0x647 build/obj/stm32_dma.o
 .debug_info    0x00011c37      0x3b1 build/obj/hal_lld.o
 .debug_info    0x00011fe8      0xb99 build/obj/adc_lld.o
 .debug_info    0x00012b81       0x9f build/obj/ext_lld_isr.o
 .debug_info    0x00012c20      0xfdb build/obj/can_lld.o
 .debug_info    0x00013bfb       0x9f build/obj/ext_lld.o
 .debug_info    0x00013c9a       0x9f build/obj/gpt_lld.o
 .debug_info    0x00013d39       0x9f build/obj/icu_lld.o
 .debug_info    0x00013dd8       0x9f build/obj/mac_lld.o
 .debug_info    0x00013e77       0x9f build/obj/pwm_lld.o
 .debug_info    0x00013f16       0x9f build/obj/serial_lld.o
 .debug_info    0x00013fb5       0x9f build/obj/sdc_lld.o
 .debug_info    0x00014054      0xbec build/obj/spi_lld.o
 .debug_info    0x00014c40      0x39a build/obj/pal_lld.o
 .debug_info    0x00014fda       0x9f build/obj/i2c_lld.o
 .debug_info    0x00015079       0x9f build/obj/rtc_lld.o
 .debug_info    0x00015118       0x9f build/obj/uart_lld.o
 .debug_info    0x000151b7       0x9f build/obj/usb_lld.o
 .debug_info    0x00015256      0x185 build/obj/board.o
 .debug_info    0x000153db      0x598 build/obj/evtimer.o
 .debug_info    0x00015973      0xc31 build/obj/syscalls.o
 .debug_info    0x000165a4      0xc0c build/obj/shell.o
 .debug_info    0x000171b0      0x3e6 build/obj/chprintf.o
 .debug_info    0x00017596      0x642 build/obj/main.o
 .debug_info    0x00017bd8      0xdc3 build/obj/can_comm.o
 .debug_info    0x0001899b      0x1e6 build/obj/hw_test.o
 .debug_info    0x00018b81      0x9ce build/obj/spi_comm.o
 .debug_info    0x0001954f      0xaa9 build/obj/meas.o

.debug_line     0x00000000     0xae6e
 .debug_line    0x00000000      0x17d build/obj/crt0.o
 .debug_line    0x0000017d       0x69 build/obj/vectors.o
 .debug_line    0x000001e6       0x5e build/obj/chcore.o
 .debug_line    0x00000244      0x255 build/obj/chcore_v7m.o
 .debug_line    0x00000499      0x12c build/obj/nvic.o
 .debug_line    0x000005c5      0x1df build/obj/chsys.o
 .debug_line    0x000007a4       0x1d build/obj/chdebug.o
 .debug_line    0x000007c1      0x1fa build/obj/chlists.o
 .debug_line    0x000009bb      0x1a1 build/obj/chvt.o
 .debug_line    0x00000b5c      0x2f3 build/obj/chschd.o
 .debug_line    0x00000e4f      0x35d build/obj/chthreads.o
 .debug_line    0x000011ac      0x277 build/obj/chdynamic.o
 .debug_line    0x00001423      0x21b build/obj/chregistry.o
 .debug_line    0x0000163e      0x2ca build/obj/chsem.o
 .debug_line    0x00001908      0x2ad build/obj/chmtx.o
 .debug_line    0x00001bb5      0x23e build/obj/chcond.o
 .debug_line    0x00001df3      0x30b build/obj/chevents.o
 .debug_line    0x000020fe      0x1b8 build/obj/chmsg.o
 .debug_line    0x000022b6      0x2a2 build/obj/chmboxes.o
 .debug_line    0x00002558      0x39c build/obj/chqueues.o
 .debug_line    0x000028f4      0x19b build/obj/chmemcore.o
 .debug_line    0x00002a8f      0x2cd build/obj/chheap.o
 .debug_line    0x00002d5c      0x252 build/obj/chmempools.o
 .debug_line    0x00002fae      0x4fe build/obj/test.o
 .debug_line    0x000034ac      0x218 build/obj/testthd.o
 .debug_line    0x000036c4      0x30c build/obj/testsem.o
 .debug_line    0x000039d0      0x4b6 build/obj/testmtx.o
 .debug_line    0x00003e86      0x1a6 build/obj/testmsg.o
 .debug_line    0x0000402c      0x2de build/obj/testmbox.o
 .debug_line    0x0000430a      0x2b5 build/obj/testevt.o
 .debug_line    0x000045bf      0x25a build/obj/testheap.o
 .debug_line    0x00004819      0x13d build/obj/testpools.o
 .debug_line    0x00004956      0x33f build/obj/testdyn.o
 .debug_line    0x00004c95      0x492 build/obj/testqueues.o
 .debug_line    0x00005127      0x60e build/obj/testbmk.o
 .debug_line    0x00005735      0x24d build/obj/hal.o
 .debug_line    0x00005982      0x3c9 build/obj/adc.o
 .debug_line    0x00005d4b      0x33e build/obj/can.o
 .debug_line    0x00006089       0xe8 build/obj/ext.o
 .debug_line    0x00006171       0xe8 build/obj/gpt.o
 .debug_line    0x00006259       0xe8 build/obj/i2c.o
 .debug_line    0x00006341       0xe8 build/obj/icu.o
 .debug_line    0x00006429       0xe8 build/obj/mac.o
 .debug_line    0x00006511       0xe8 build/obj/mmc_spi.o
 .debug_line    0x000065f9       0xe8 build/obj/mmcsd.o
 .debug_line    0x000066e1      0x1ea build/obj/pal.o
 .debug_line    0x000068cb       0xe8 build/obj/pwm.o
 .debug_line    0x000069b3       0xe8 build/obj/rtc.o
 .debug_line    0x00006a9b       0xe8 build/obj/sdc.o
 .debug_line    0x00006b83       0xe8 build/obj/serial.o
 .debug_line    0x00006c6b       0xe8 build/obj/serial_usb.o
 .debug_line    0x00006d53      0x446 build/obj/spi.o
 .debug_line    0x00007199      0x216 build/obj/tm.o
 .debug_line    0x000073af       0xe8 build/obj/uart.o
 .debug_line    0x00007497       0xe8 build/obj/usb.o
 .debug_line    0x0000757f      0x2a4 build/obj/stm32_dma.o
 .debug_line    0x00007823      0x1e9 build/obj/hal_lld.o
 .debug_line    0x00007a0c      0x3e8 build/obj/adc_lld.o
 .debug_line    0x00007df4       0xe8 build/obj/ext_lld_isr.o
 .debug_line    0x00007edc      0x520 build/obj/can_lld.o
 .debug_line    0x000083fc       0xe8 build/obj/ext_lld.o
 .debug_line    0x000084e4       0xe8 build/obj/gpt_lld.o
 .debug_line    0x000085cc       0xe8 build/obj/icu_lld.o
 .debug_line    0x000086b4       0xe8 build/obj/mac_lld.o
 .debug_line    0x0000879c       0xe8 build/obj/pwm_lld.o
 .debug_line    0x00008884       0xe8 build/obj/serial_lld.o
 .debug_line    0x0000896c       0xe8 build/obj/sdc_lld.o
 .debug_line    0x00008a54      0x46c build/obj/spi_lld.o
 .debug_line    0x00008ec0      0x231 build/obj/pal_lld.o
 .debug_line    0x000090f1       0xe8 build/obj/i2c_lld.o
 .debug_line    0x000091d9       0xe8 build/obj/rtc_lld.o
 .debug_line    0x000092c1       0xe8 build/obj/uart_lld.o
 .debug_line    0x000093a9       0xe8 build/obj/usb_lld.o
 .debug_line    0x00009491      0x159 build/obj/board.o
 .debug_line    0x000095ea      0x1ca build/obj/evtimer.o
 .debug_line    0x000097b4      0x1f3 build/obj/syscalls.o
 .debug_line    0x000099a7      0x3cf build/obj/shell.o
 .debug_line    0x00009d76      0x34a build/obj/chprintf.o
 .debug_line    0x0000a0c0      0x1fc build/obj/main.o
 .debug_line    0x0000a2bc      0x33e build/obj/can_comm.o
 .debug_line    0x0000a5fa      0x1b7 build/obj/hw_test.o
 .debug_line    0x0000a7b1      0x359 build/obj/spi_comm.o
 .debug_line    0x0000ab0a      0x364 build/obj/meas.o

.debug_loc      0x00000000     0x862c
 .debug_loc     0x00000000       0x72 build/obj/crt0.o
 .debug_loc     0x00000072      0x10f build/obj/chcore_v7m.o
 .debug_loc     0x00000181      0x10a build/obj/nvic.o
 .debug_loc     0x0000028b       0xbc build/obj/chsys.o
 .debug_loc     0x00000347       0xcc build/obj/chlists.o
 .debug_loc     0x00000413       0xf0 build/obj/chvt.o
 .debug_loc     0x00000503      0x344 build/obj/chschd.o
 .debug_loc     0x00000847      0x339 build/obj/chthreads.o
 .debug_loc     0x00000b80      0x25d build/obj/chdynamic.o
 .debug_loc     0x00000ddd       0x88 build/obj/chregistry.o
 .debug_loc     0x00000e65      0x346 build/obj/chsem.o
 .debug_loc     0x000011ab      0x2c1 build/obj/chmtx.o
 .debug_loc     0x0000146c      0x263 build/obj/chcond.o
 .debug_loc     0x000016cf      0x534 build/obj/chevents.o
 .debug_loc     0x00001c03      0x10b build/obj/chmsg.o
 .debug_loc     0x00001d0e      0x49a build/obj/chmboxes.o
 .debug_loc     0x000021a8      0x508 build/obj/chqueues.o
 .debug_loc     0x000026b0       0xb8 build/obj/chmemcore.o
 .debug_loc     0x00002768      0x277 build/obj/chheap.o
 .debug_loc     0x000029df      0x226 build/obj/chmempools.o
 .debug_loc     0x00002c05      0x5a8 build/obj/test.o
 .debug_loc     0x000031ad      0x16b build/obj/testthd.o
 .debug_loc     0x00003318      0x290 build/obj/testsem.o
 .debug_loc     0x000035a8      0x604 build/obj/testmtx.o
 .debug_loc     0x00003bac       0xe0 build/obj/testmsg.o
 .debug_loc     0x00003c8c      0x245 build/obj/testmbox.o
 .debug_loc     0x00003ed1      0x249 build/obj/testevt.o
 .debug_loc     0x0000411a      0x1ad build/obj/testheap.o
 .debug_loc     0x000042c7      0x107 build/obj/testpools.o
 .debug_loc     0x000043ce      0x25e build/obj/testdyn.o
 .debug_loc     0x0000462c      0x385 build/obj/testqueues.o
 .debug_loc     0x000049b1      0x58c build/obj/testbmk.o
 .debug_loc     0x00004f3d       0x5c build/obj/hal.o
 .debug_loc     0x00004f99      0x32d build/obj/adc.o
 .debug_loc     0x000052c6      0x26e build/obj/can.o
 .debug_loc     0x00005534       0xaa build/obj/pal.o
 .debug_loc     0x000055de      0x44a build/obj/spi.o
 .debug_loc     0x00005a28       0x77 build/obj/tm.o
 .debug_loc     0x00005a9f      0x2c5 build/obj/stm32_dma.o
 .debug_loc     0x00005d64       0x20 build/obj/hal_lld.o
 .debug_loc     0x00005d84      0x2d5 build/obj/adc_lld.o
 .debug_loc     0x00006059      0x631 build/obj/can_lld.o
 .debug_loc     0x0000668a      0x318 build/obj/spi_lld.o
 .debug_loc     0x000069a2      0x511 build/obj/pal_lld.o
 .debug_loc     0x00006eb3       0xc2 build/obj/evtimer.o
 .debug_loc     0x00006f75      0x145 build/obj/syscalls.o
 .debug_loc     0x000070ba      0x6eb build/obj/shell.o
 .debug_loc     0x000077a5      0x82b build/obj/chprintf.o
 .debug_loc     0x00007fd0       0xb0 build/obj/main.o
 .debug_loc     0x00008080       0x7f build/obj/can_comm.o
 .debug_loc     0x000080ff       0x20 build/obj/hw_test.o
 .debug_loc     0x0000811f      0x1c2 build/obj/spi_comm.o
 .debug_loc     0x000082e1      0x34b build/obj/meas.o

.debug_pubnames
                0x00000000     0x1a55
 .debug_pubnames
                0x00000000       0x56 build/obj/crt0.o
 .debug_pubnames
                0x00000056       0x38 build/obj/vectors.o
 .debug_pubnames
                0x0000008e       0x20 build/obj/chcore.o
 .debug_pubnames
                0x000000ae       0xbd build/obj/chcore_v7m.o
 .debug_pubnames
                0x0000016b       0x5e build/obj/nvic.o
 .debug_pubnames
                0x000001c9       0x5c build/obj/chsys.o
 .debug_pubnames
                0x00000225       0x7f build/obj/chlists.o
 .debug_pubnames
                0x000002a4       0x59 build/obj/chvt.o
 .debug_pubnames
                0x000002fd       0xde build/obj/chschd.o
 .debug_pubnames
                0x000003db       0xdf build/obj/chthreads.o
 .debug_pubnames
                0x000004ba       0x69 build/obj/chdynamic.o
 .debug_pubnames
                0x00000523       0x48 build/obj/chregistry.o
 .debug_pubnames
                0x0000056b       0xd1 build/obj/chsem.o
 .debug_pubnames
                0x0000063c       0x94 build/obj/chmtx.o
 .debug_pubnames
                0x000006d0       0xb9 build/obj/chcond.o
 .debug_pubnames
                0x00000789      0x14b build/obj/chevents.o
 .debug_pubnames
                0x000008d4       0x3f build/obj/chmsg.o
 .debug_pubnames
                0x00000913       0xba build/obj/chmboxes.o
 .debug_pubnames
                0x000009cd       0xb3 build/obj/chqueues.o
 .debug_pubnames
                0x00000a80       0x53 build/obj/chmemcore.o
 .debug_pubnames
                0x00000ad3       0x60 build/obj/chheap.o
 .debug_pubnames
                0x00000b33       0x75 build/obj/chmempools.o
 .debug_pubnames
                0x00000ba8      0x158 build/obj/test.o
 .debug_pubnames
                0x00000d00       0x55 build/obj/testthd.o
 .debug_pubnames
                0x00000d55       0x55 build/obj/testsem.o
 .debug_pubnames
                0x00000daa       0x89 build/obj/testmtx.o
 .debug_pubnames
                0x00000e33       0x2e build/obj/testmsg.o
 .debug_pubnames
                0x00000e61       0x30 build/obj/testmbox.o
 .debug_pubnames
                0x00000e91       0x48 build/obj/testevt.o
 .debug_pubnames
                0x00000ed9       0x30 build/obj/testheap.o
 .debug_pubnames
                0x00000f09       0x32 build/obj/testpools.o
 .debug_pubnames
                0x00000f3b       0x48 build/obj/testdyn.o
 .debug_pubnames
                0x00000f83       0x44 build/obj/testqueues.o
 .debug_pubnames
                0x00000fc7       0xda build/obj/testbmk.o
 .debug_pubnames
                0x000010a1       0x48 build/obj/hal.o
 .debug_pubnames
                0x000010e9       0xd8 build/obj/adc.o
 .debug_pubnames
                0x000011c1       0x83 build/obj/can.o
 .debug_pubnames
                0x00001244       0x43 build/obj/pal.o
 .debug_pubnames
                0x00001287      0x111 build/obj/spi.o
 .debug_pubnames
                0x00001398       0x2e build/obj/tm.o
 .debug_pubnames
                0x000013c6       0xbb build/obj/stm32_dma.o
 .debug_pubnames
                0x00001481       0x38 build/obj/hal_lld.o
 .debug_pubnames
                0x000014b9       0x89 build/obj/adc_lld.o
 .debug_pubnames
                0x00001542      0x103 build/obj/can_lld.o
 .debug_pubnames
                0x00001645       0xe1 build/obj/spi_lld.o
 .debug_pubnames
                0x00001726       0x3e build/obj/pal_lld.o
 .debug_pubnames
                0x00001764       0x48 build/obj/board.o
 .debug_pubnames
                0x000017ac       0x2b build/obj/evtimer.o
 .debug_pubnames
                0x000017d7       0x6c build/obj/syscalls.o
 .debug_pubnames
                0x00001843       0x6c build/obj/shell.o
 .debug_pubnames
                0x000018af       0x1f build/obj/chprintf.o
 .debug_pubnames
                0x000018ce       0x1b build/obj/main.o
 .debug_pubnames
                0x000018e9       0x50 build/obj/can_comm.o
 .debug_pubnames
                0x00001939       0x32 build/obj/hw_test.o
 .debug_pubnames
                0x0000196b       0x77 build/obj/spi_comm.o
 .debug_pubnames
                0x000019e2       0x73 build/obj/meas.o

.debug_pubtypes
                0x00000000     0x4a5f
 .debug_pubtypes
                0x00000000       0x44 build/obj/crt0.o
 .debug_pubtypes
                0x00000044       0x12 build/obj/vectors.o
 .debug_pubtypes
                0x00000056       0x12 build/obj/chcore.o
 .debug_pubtypes
                0x00000068      0x132 build/obj/chcore_v7m.o
 .debug_pubtypes
                0x0000019a       0x38 build/obj/nvic.o
 .debug_pubtypes
                0x000001d2      0x198 build/obj/chsys.o
 .debug_pubtypes
                0x0000036a       0x12 build/obj/chdebug.o
 .debug_pubtypes
                0x0000037c      0x10d build/obj/chlists.o
 .debug_pubtypes
                0x00000489       0x7e build/obj/chvt.o
 .debug_pubtypes
                0x00000507      0x170 build/obj/chschd.o
 .debug_pubtypes
                0x00000677      0x16c build/obj/chthreads.o
 .debug_pubtypes
                0x000007e3      0x19f build/obj/chdynamic.o
 .debug_pubtypes
                0x00000982      0x141 build/obj/chregistry.o
 .debug_pubtypes
                0x00000ac3      0x141 build/obj/chsem.o
 .debug_pubtypes
                0x00000c04      0x126 build/obj/chmtx.o
 .debug_pubtypes
                0x00000d2a      0x133 build/obj/chcond.o
 .debug_pubtypes
                0x00000e5d      0x18d build/obj/chevents.o
 .debug_pubtypes
                0x00000fea      0x11b build/obj/chmsg.o
 .debug_pubtypes
                0x00001105      0x13f build/obj/chmboxes.o
 .debug_pubtypes
                0x00001244      0x180 build/obj/chqueues.o
 .debug_pubtypes
                0x000013c4       0x29 build/obj/chmemcore.o
 .debug_pubtypes
                0x000013ed      0x174 build/obj/chheap.o
 .debug_pubtypes
                0x00001561       0x59 build/obj/chmempools.o
 .debug_pubtypes
                0x000015ba      0x1da build/obj/test.o
 .debug_pubtypes
                0x00001794      0x162 build/obj/testthd.o
 .debug_pubtypes
                0x000018f6      0x19c build/obj/testsem.o
 .debug_pubtypes
                0x00001a92      0x185 build/obj/testmtx.o
 .debug_pubtypes
                0x00001c17      0x128 build/obj/testmsg.o
 .debug_pubtypes
                0x00001d3f      0x179 build/obj/testmbox.o
 .debug_pubtypes
                0x00001eb8      0x1d4 build/obj/testevt.o
 .debug_pubtypes
                0x0000208c      0x192 build/obj/testheap.o
 .debug_pubtypes
                0x0000221e       0x5a build/obj/testpools.o
 .debug_pubtypes
                0x00002278      0x1ca build/obj/testdyn.o
 .debug_pubtypes
                0x00002442      0x1ba build/obj/testqueues.o
 .debug_pubtypes
                0x000025fc      0x1d2 build/obj/testbmk.o
 .debug_pubtypes
                0x000027ce       0x76 build/obj/hal.o
 .debug_pubtypes
                0x00002844      0x22c build/obj/adc.o
 .debug_pubtypes
                0x00002a70      0x250 build/obj/can.o
 .debug_pubtypes
                0x00002cc0       0x1e build/obj/ext.o
 .debug_pubtypes
                0x00002cde       0x1e build/obj/gpt.o
 .debug_pubtypes
                0x00002cfc       0x1e build/obj/i2c.o
 .debug_pubtypes
                0x00002d1a       0x1e build/obj/icu.o
 .debug_pubtypes
                0x00002d38       0x1e build/obj/mac.o
 .debug_pubtypes
                0x00002d56       0x1e build/obj/mmc_spi.o
 .debug_pubtypes
                0x00002d74       0x1e build/obj/mmcsd.o
 .debug_pubtypes
                0x00002d92       0x84 build/obj/pal.o
 .debug_pubtypes
                0x00002e16       0x1e build/obj/pwm.o
 .debug_pubtypes
                0x00002e34       0x1e build/obj/rtc.o
 .debug_pubtypes
                0x00002e52       0x1e build/obj/sdc.o
 .debug_pubtypes
                0x00002e70       0x1e build/obj/serial.o
 .debug_pubtypes
                0x00002e8e       0x1e build/obj/serial_usb.o
 .debug_pubtypes
                0x00002eac      0x1dd build/obj/spi.o
 .debug_pubtypes
                0x00003089       0x6e build/obj/tm.o
 .debug_pubtypes
                0x000030f7       0x1e build/obj/uart.o
 .debug_pubtypes
                0x00003115       0x1e build/obj/usb.o
 .debug_pubtypes
                0x00003133       0xce build/obj/stm32_dma.o
 .debug_pubtypes
                0x00003201       0x93 build/obj/hal_lld.o
 .debug_pubtypes
                0x00003294      0x241 build/obj/adc_lld.o
 .debug_pubtypes
                0x000034d5       0x1e build/obj/ext_lld_isr.o
 .debug_pubtypes
                0x000034f3      0x274 build/obj/can_lld.o
 .debug_pubtypes
                0x00003767       0x1e build/obj/ext_lld.o
 .debug_pubtypes
                0x00003785       0x1e build/obj/gpt_lld.o
 .debug_pubtypes
                0x000037a3       0x1e build/obj/icu_lld.o
 .debug_pubtypes
                0x000037c1       0x1e build/obj/mac_lld.o
 .debug_pubtypes
                0x000037df       0x1e build/obj/pwm_lld.o
 .debug_pubtypes
                0x000037fd       0x1e build/obj/serial_lld.o
 .debug_pubtypes
                0x0000381b       0x1e build/obj/sdc_lld.o
 .debug_pubtypes
                0x00003839      0x20e build/obj/spi_lld.o
 .debug_pubtypes
                0x00003a47       0xaa build/obj/pal_lld.o
 .debug_pubtypes
                0x00003af1       0x1e build/obj/i2c_lld.o
 .debug_pubtypes
                0x00003b0f       0x1e build/obj/rtc_lld.o
 .debug_pubtypes
                0x00003b2d       0x1e build/obj/uart_lld.o
 .debug_pubtypes
                0x00003b4b       0x1e build/obj/usb_lld.o
 .debug_pubtypes
                0x00003b69       0x50 build/obj/board.o
 .debug_pubtypes
                0x00003bb9      0x19c build/obj/evtimer.o
 .debug_pubtypes
                0x00003d55      0x19b build/obj/syscalls.o
 .debug_pubtypes
                0x00003ef0      0x224 build/obj/shell.o
 .debug_pubtypes
                0x00004114       0xac build/obj/chprintf.o
 .debug_pubtypes
                0x000041c0      0x171 build/obj/main.o
 .debug_pubtypes
                0x00004331      0x2bc build/obj/can_comm.o
 .debug_pubtypes
                0x000045ed       0x59 build/obj/hw_test.o
 .debug_pubtypes
                0x00004646      0x1cf build/obj/spi_comm.o
 .debug_pubtypes
                0x00004815      0x24a build/obj/meas.o

.debug_aranges  0x00000000     0x1198
 .debug_aranges
                0x00000000       0x38 build/obj/crt0.o
 .debug_aranges
                0x00000038       0x20 build/obj/vectors.o
 .debug_aranges
                0x00000058       0x20 build/obj/chcore.o
 .debug_aranges
                0x00000078       0x60 build/obj/chcore_v7m.o
 .debug_aranges
                0x000000d8       0x30 build/obj/nvic.o
 .debug_aranges
                0x00000108       0x30 build/obj/chsys.o
 .debug_aranges
                0x00000138       0x50 build/obj/chlists.o
 .debug_aranges
                0x00000188       0x38 build/obj/chvt.o
 .debug_aranges
                0x000001c0       0x68 build/obj/chschd.o
 .debug_aranges
                0x00000228       0x78 build/obj/chthreads.o
 .debug_aranges
                0x000002a0       0x38 build/obj/chdynamic.o
 .debug_aranges
                0x000002d8       0x28 build/obj/chregistry.o
 .debug_aranges
                0x00000300       0x70 build/obj/chsem.o
 .debug_aranges
                0x00000370       0x58 build/obj/chmtx.o
 .debug_aranges
                0x000003c8       0x60 build/obj/chcond.o
 .debug_aranges
                0x00000428       0x88 build/obj/chevents.o
 .debug_aranges
                0x000004b0       0x30 build/obj/chmsg.o
 .debug_aranges
                0x000004e0       0x70 build/obj/chmboxes.o
 .debug_aranges
                0x00000550       0x70 build/obj/chqueues.o
 .debug_aranges
                0x000005c0       0x38 build/obj/chmemcore.o
 .debug_aranges
                0x000005f8       0x40 build/obj/chheap.o
 .debug_aranges
                0x00000638       0x48 build/obj/chmempools.o
 .debug_aranges
                0x00000680       0x98 build/obj/test.o
 .debug_aranges
                0x00000718       0x40 build/obj/testthd.o
 .debug_aranges
                0x00000758       0x70 build/obj/testsem.o
 .debug_aranges
                0x000007c8      0x108 build/obj/testmtx.o
 .debug_aranges
                0x000008d0       0x28 build/obj/testmsg.o
 .debug_aranges
                0x000008f8       0x28 build/obj/testmbox.o
 .debug_aranges
                0x00000920       0x70 build/obj/testevt.o
 .debug_aranges
                0x00000990       0x28 build/obj/testheap.o
 .debug_aranges
                0x000009b8       0x30 build/obj/testpools.o
 .debug_aranges
                0x000009e8       0x58 build/obj/testdyn.o
 .debug_aranges
                0x00000a40       0x50 build/obj/testqueues.o
 .debug_aranges
                0x00000a90       0xd0 build/obj/testbmk.o
 .debug_aranges
                0x00000b60       0x30 build/obj/hal.o
 .debug_aranges
                0x00000b90       0x70 build/obj/adc.o
 .debug_aranges
                0x00000c00       0x58 build/obj/can.o
 .debug_aranges
                0x00000c58       0x30 build/obj/pal.o
 .debug_aranges
                0x00000c88       0x98 build/obj/spi.o
 .debug_aranges
                0x00000d20       0x38 build/obj/tm.o
 .debug_aranges
                0x00000d58       0x68 build/obj/stm32_dma.o
 .debug_aranges
                0x00000dc0       0x28 build/obj/hal_lld.o
 .debug_aranges
                0x00000de8       0x48 build/obj/adc_lld.o
 .debug_aranges
                0x00000e30       0x80 build/obj/can_lld.o
 .debug_aranges
                0x00000eb0       0x78 build/obj/spi_lld.o
 .debug_aranges
                0x00000f28       0x28 build/obj/pal_lld.o
 .debug_aranges
                0x00000f50       0x28 build/obj/board.o
 .debug_aranges
                0x00000f78       0x30 build/obj/evtimer.o
 .debug_aranges
                0x00000fa8       0x50 build/obj/syscalls.o
 .debug_aranges
                0x00000ff8       0x68 build/obj/shell.o
 .debug_aranges
                0x00001060       0x28 build/obj/chprintf.o
 .debug_aranges
                0x00001088       0x30 build/obj/main.o
 .debug_aranges
                0x000010b8       0x30 build/obj/can_comm.o
 .debug_aranges
                0x000010e8       0x28 build/obj/hw_test.o
 .debug_aranges
                0x00001110       0x48 build/obj/spi_comm.o
 .debug_aranges
                0x00001158       0x40 build/obj/meas.o

.debug_ranges   0x00000000     0x1210
 .debug_ranges  0x00000000       0x58 build/obj/crt0.o
 .debug_ranges  0x00000058       0x10 build/obj/vectors.o
 .debug_ranges  0x00000068       0x10 build/obj/chcore.o
 .debug_ranges  0x00000078       0x68 build/obj/chcore_v7m.o
 .debug_ranges  0x000000e0       0x20 build/obj/nvic.o
 .debug_ranges  0x00000100       0x20 build/obj/chsys.o
 .debug_ranges  0x00000120       0x40 build/obj/chlists.o
 .debug_ranges  0x00000160       0x28 build/obj/chvt.o
 .debug_ranges  0x00000188      0x110 build/obj/chschd.o
 .debug_ranges  0x00000298       0x68 build/obj/chthreads.o
 .debug_ranges  0x00000300       0x28 build/obj/chdynamic.o
 .debug_ranges  0x00000328       0x18 build/obj/chregistry.o
 .debug_ranges  0x00000340       0x78 build/obj/chsem.o
 .debug_ranges  0x000003b8       0x90 build/obj/chmtx.o
 .debug_ranges  0x00000448       0x50 build/obj/chcond.o
 .debug_ranges  0x00000498       0x78 build/obj/chevents.o
 .debug_ranges  0x00000510       0x20 build/obj/chmsg.o
 .debug_ranges  0x00000530       0x60 build/obj/chmboxes.o
 .debug_ranges  0x00000590       0x90 build/obj/chqueues.o
 .debug_ranges  0x00000620       0x28 build/obj/chmemcore.o
 .debug_ranges  0x00000648       0x30 build/obj/chheap.o
 .debug_ranges  0x00000678       0xe0 build/obj/chmempools.o
 .debug_ranges  0x00000758       0xe0 build/obj/test.o
 .debug_ranges  0x00000838       0x30 build/obj/testthd.o
 .debug_ranges  0x00000868       0x60 build/obj/testsem.o
 .debug_ranges  0x000008c8       0xf8 build/obj/testmtx.o
 .debug_ranges  0x000009c0       0x18 build/obj/testmsg.o
 .debug_ranges  0x000009d8       0x18 build/obj/testmbox.o
 .debug_ranges  0x000009f0       0x60 build/obj/testevt.o
 .debug_ranges  0x00000a50       0x18 build/obj/testheap.o
 .debug_ranges  0x00000a68       0x20 build/obj/testpools.o
 .debug_ranges  0x00000a88       0x48 build/obj/testdyn.o
 .debug_ranges  0x00000ad0       0x40 build/obj/testqueues.o
 .debug_ranges  0x00000b10       0xc0 build/obj/testbmk.o
 .debug_ranges  0x00000bd0       0x20 build/obj/hal.o
 .debug_ranges  0x00000bf0       0x78 build/obj/adc.o
 .debug_ranges  0x00000c68       0x78 build/obj/can.o
 .debug_ranges  0x00000ce0       0x20 build/obj/pal.o
 .debug_ranges  0x00000d00       0x88 build/obj/spi.o
 .debug_ranges  0x00000d88       0x50 build/obj/tm.o
 .debug_ranges  0x00000dd8       0x58 build/obj/stm32_dma.o
 .debug_ranges  0x00000e30       0x30 build/obj/hal_lld.o
 .debug_ranges  0x00000e60       0x70 build/obj/adc_lld.o
 .debug_ranges  0x00000ed0       0x88 build/obj/can_lld.o
 .debug_ranges  0x00000f58       0x68 build/obj/spi_lld.o
 .debug_ranges  0x00000fc0       0x18 build/obj/pal_lld.o
 .debug_ranges  0x00000fd8       0x18 build/obj/board.o
 .debug_ranges  0x00000ff0       0x20 build/obj/evtimer.o
 .debug_ranges  0x00001010       0x40 build/obj/syscalls.o
 .debug_ranges  0x00001050       0xa8 build/obj/shell.o
 .debug_ranges  0x000010f8       0x58 build/obj/chprintf.o
 .debug_ranges  0x00001150       0x20 build/obj/main.o
 .debug_ranges  0x00001170       0x20 build/obj/can_comm.o
 .debug_ranges  0x00001190       0x18 build/obj/hw_test.o
 .debug_ranges  0x000011a8       0x38 build/obj/spi_comm.o
 .debug_ranges  0x000011e0       0x30 build/obj/meas.o

.debug_str      0x00000000     0x3c34
 .debug_str     0x00000000      0x200 build/obj/crt0.o
                                0x239 (size before relaxing)
 .debug_str     0x00000200       0xb2 build/obj/vectors.o
                                0x147 (size before relaxing)
 .debug_str     0x000002b2       0x38 build/obj/chcore.o
                                0x128 (size before relaxing)
 .debug_str     0x000002ea      0x2ad build/obj/chcore_v7m.o
                                0x3cb (size before relaxing)
 .debug_str     0x00000597       0xc6 build/obj/nvic.o
                                0x21f (size before relaxing)
 .debug_str     0x0000065d      0x1ce build/obj/chsys.o
                                0x475 (size before relaxing)
 .debug_str     0x0000082b       0x29 build/obj/chdebug.o
                                0x119 (size before relaxing)
 .debug_str     0x00000854       0x7a build/obj/chlists.o
                                0x2da (size before relaxing)
 .debug_str     0x000008ce       0x60 build/obj/chvt.o
                                0x1cc (size before relaxing)
 .debug_str     0x0000092e       0xdd build/obj/chschd.o
                                0x3d5 (size before relaxing)
 .debug_str     0x00000a0b       0xdf build/obj/chthreads.o
                                0x3eb (size before relaxing)
 .debug_str     0x00000aea       0xf7 build/obj/chdynamic.o
                                0x3a4 (size before relaxing)
 .debug_str     0x00000be1       0x4d build/obj/chregistry.o
                                0x3eb (size before relaxing)
 .debug_str     0x00000c2e       0xba build/obj/chsem.o
                                0x37c (size before relaxing)
 .debug_str     0x00000ce8       0x89 build/obj/chmtx.o
                                0x337 (size before relaxing)
 .debug_str     0x00000d71       0xbb build/obj/chcond.o
                                0x35f (size before relaxing)
 .debug_str     0x00000e2c      0x19d build/obj/chevents.o
                                0x44c (size before relaxing)
 .debug_str     0x00000fc9       0x48 build/obj/chmsg.o
                                0x2e7 (size before relaxing)
 .debug_str     0x00001011       0xed build/obj/chmboxes.o
                                0x370 (size before relaxing)
 .debug_str     0x000010fe      0x124 build/obj/chqueues.o
                                0x3e0 (size before relaxing)
 .debug_str     0x00001222       0x86 build/obj/chmemcore.o
                                0x18a (size before relaxing)
 .debug_str     0x000012a8       0x75 build/obj/chheap.o
                                0x353 (size before relaxing)
 .debug_str     0x0000131d       0x77 build/obj/chmempools.o
                                0x1d8 (size before relaxing)
 .debug_str     0x00001394      0x26f build/obj/test.o
                                0x5cf (size before relaxing)
 .debug_str     0x00001603       0x78 build/obj/testthd.o
                                0x3b6 (size before relaxing)
 .debug_str     0x0000167b       0xe1 build/obj/testsem.o
                                0x431 (size before relaxing)
 .debug_str     0x0000175c      0x19f build/obj/testmtx.o
                                0x4f5 (size before relaxing)
 .debug_str     0x000018fb       0x36 build/obj/testmsg.o
                                0x314 (size before relaxing)
 .debug_str     0x00001931       0x4a build/obj/testmbox.o
                                0x36d (size before relaxing)
 .debug_str     0x0000197b       0x8a build/obj/testevt.o
                                0x43c (size before relaxing)
 .debug_str     0x00001a05       0x4f build/obj/testheap.o
                                0x371 (size before relaxing)
 .debug_str     0x00001a54       0x57 build/obj/testpools.o
                                0x1d4 (size before relaxing)
 .debug_str     0x00001aab       0x91 build/obj/testdyn.o
                                0x454 (size before relaxing)
 .debug_str     0x00001b3c       0x77 build/obj/testqueues.o
                                0x414 (size before relaxing)
 .debug_str     0x00001bb3      0x184 build/obj/testbmk.o
                                0x56e (size before relaxing)
 .debug_str     0x00001d37       0xf7 build/obj/hal.o
                                0x212 (size before relaxing)
 .debug_str     0x00001e2e      0x2a4 build/obj/adc.o
                                0x58b (size before relaxing)
 .debug_str     0x000020d2      0x279 build/obj/can.o
                                0x57f (size before relaxing)
 .debug_str     0x0000234b       0x22 build/obj/ext.o
                                0x127 (size before relaxing)
 .debug_str     0x0000236d       0x22 build/obj/gpt.o
                                0x127 (size before relaxing)
 .debug_str     0x0000238f       0x22 build/obj/i2c.o
                                0x127 (size before relaxing)
 .debug_str     0x000023b1       0x22 build/obj/icu.o
                                0x127 (size before relaxing)
 .debug_str     0x000023d3       0x22 build/obj/mac.o
                                0x127 (size before relaxing)
 .debug_str     0x000023f5       0x26 build/obj/mmc_spi.o
                                0x12b (size before relaxing)
 .debug_str     0x0000241b       0x24 build/obj/mmcsd.o
                                0x129 (size before relaxing)
 .debug_str     0x0000243f       0x9e build/obj/pal.o
                                0x1bd (size before relaxing)
 .debug_str     0x000024dd       0x22 build/obj/pwm.o
                                0x127 (size before relaxing)
 .debug_str     0x000024ff       0x22 build/obj/rtc.o
                                0x127 (size before relaxing)
 .debug_str     0x00002521       0x22 build/obj/sdc.o
                                0x127 (size before relaxing)
 .debug_str     0x00002543       0x25 build/obj/serial.o
                                0x12a (size before relaxing)
 .debug_str     0x00002568       0x29 build/obj/serial_usb.o
                                0x12e (size before relaxing)
 .debug_str     0x00002591      0x1ce build/obj/spi.o
                                0x565 (size before relaxing)
 .debug_str     0x0000275f       0x74 build/obj/tm.o
                                0x1dc (size before relaxing)
 .debug_str     0x000027d3       0x23 build/obj/uart.o
                                0x128 (size before relaxing)
 .debug_str     0x000027f6       0x22 build/obj/usb.o
                                0x127 (size before relaxing)
 .debug_str     0x00002818      0x422 build/obj/stm32_dma.o
                                0x5c6 (size before relaxing)
 .debug_str     0x00002c3a       0xd7 build/obj/hal_lld.o
                                0x271 (size before relaxing)
 .debug_str     0x00002d11       0xc0 build/obj/adc_lld.o
                                0x5bc (size before relaxing)
 .debug_str     0x00002dd1       0x3a build/obj/ext_lld_isr.o
                                0x13f (size before relaxing)
 .debug_str     0x00002e0b       0xfb build/obj/can_lld.o
                                0x918 (size before relaxing)
 .debug_str     0x00002f06       0x32 build/obj/ext_lld.o
                                0x137 (size before relaxing)
 .debug_str     0x00002f38       0x32 build/obj/gpt_lld.o
                                0x137 (size before relaxing)
 .debug_str     0x00002f6a       0x32 build/obj/icu_lld.o
                                0x137 (size before relaxing)
 .debug_str     0x00002f9c       0x32 build/obj/mac_lld.o
                                0x137 (size before relaxing)
 .debug_str     0x00002fce       0x32 build/obj/pwm_lld.o
                                0x137 (size before relaxing)
 .debug_str     0x00003000       0x35 build/obj/serial_lld.o
                                0x13a (size before relaxing)
 .debug_str     0x00003035       0x32 build/obj/sdc_lld.o
                                0x137 (size before relaxing)
 .debug_str     0x00003067      0x121 build/obj/spi_lld.o
                                0x5e1 (size before relaxing)
 .debug_str     0x00003188       0x64 build/obj/pal_lld.o
                                0x247 (size before relaxing)
 .debug_str     0x000031ec       0x38 build/obj/i2c_lld.o
                                0x13d (size before relaxing)
 .debug_str     0x00003224       0x38 build/obj/rtc_lld.o
                                0x13d (size before relaxing)
 .debug_str     0x0000325c       0x3b build/obj/uart_lld.o
                                0x140 (size before relaxing)
 .debug_str     0x00003297       0x38 build/obj/usb_lld.o
                                0x13d (size before relaxing)
 .debug_str     0x000032cf       0x1b build/obj/board.o
                                0x189 (size before relaxing)
 .debug_str     0x000032ea       0x5d build/obj/evtimer.o
                                0x34d (size before relaxing)
 .debug_str     0x00003347      0x4a9 build/obj/syscalls.o
                                0x602 (size before relaxing)
 .debug_str     0x000037f0      0x126 build/obj/shell.o
                                0x4e5 (size before relaxing)
 .debug_str     0x00003916       0xb6 build/obj/chprintf.o
                                0x212 (size before relaxing)
 .debug_str     0x000039cc       0x25 build/obj/main.o
                                0x351 (size before relaxing)
 .debug_str     0x000039f1       0xdd build/obj/can_comm.o
                                0x64f (size before relaxing)
 .debug_str     0x00003ace       0x35 build/obj/hw_test.o
                                0x178 (size before relaxing)
 .debug_str     0x00003b03       0x82 build/obj/spi_comm.o
                                0x4cd (size before relaxing)
 .debug_str     0x00003b85       0xaf build/obj/meas.o
                                0x5a1 (size before relaxing)

.comment        0x00000000       0x2a
 .comment       0x00000000       0x2a build/obj/crt0.o
                                 0x2b (size before relaxing)
 .comment       0x00000000       0x2b build/obj/vectors.o
 .comment       0x00000000       0x2b build/obj/chcore.o
 .comment       0x00000000       0x2b build/obj/chcore_v7m.o
 .comment       0x00000000       0x2b build/obj/nvic.o
 .comment       0x00000000       0x2b build/obj/chsys.o
 .comment       0x00000000       0x2b build/obj/chdebug.o
 .comment       0x00000000       0x2b build/obj/chlists.o
 .comment       0x00000000       0x2b build/obj/chvt.o
 .comment       0x00000000       0x2b build/obj/chschd.o
 .comment       0x00000000       0x2b build/obj/chthreads.o
 .comment       0x00000000       0x2b build/obj/chdynamic.o
 .comment       0x00000000       0x2b build/obj/chregistry.o
 .comment       0x00000000       0x2b build/obj/chsem.o
 .comment       0x00000000       0x2b build/obj/chmtx.o
 .comment       0x00000000       0x2b build/obj/chcond.o
 .comment       0x00000000       0x2b build/obj/chevents.o
 .comment       0x00000000       0x2b build/obj/chmsg.o
 .comment       0x00000000       0x2b build/obj/chmboxes.o
 .comment       0x00000000       0x2b build/obj/chqueues.o
 .comment       0x00000000       0x2b build/obj/chmemcore.o
 .comment       0x00000000       0x2b build/obj/chheap.o
 .comment       0x00000000       0x2b build/obj/chmempools.o
 .comment       0x00000000       0x2b build/obj/test.o
 .comment       0x00000000       0x2b build/obj/testthd.o
 .comment       0x00000000       0x2b build/obj/testsem.o
 .comment       0x00000000       0x2b build/obj/testmtx.o
 .comment       0x00000000       0x2b build/obj/testmsg.o
 .comment       0x00000000       0x2b build/obj/testmbox.o
 .comment       0x00000000       0x2b build/obj/testevt.o
 .comment       0x00000000       0x2b build/obj/testheap.o
 .comment       0x00000000       0x2b build/obj/testpools.o
 .comment       0x00000000       0x2b build/obj/testdyn.o
 .comment       0x00000000       0x2b build/obj/testqueues.o
 .comment       0x00000000       0x2b build/obj/testbmk.o
 .comment       0x00000000       0x2b build/obj/hal.o
 .comment       0x00000000       0x2b build/obj/adc.o
 .comment       0x00000000       0x2b build/obj/can.o
 .comment       0x00000000       0x2b build/obj/ext.o
 .comment       0x00000000       0x2b build/obj/gpt.o
 .comment       0x00000000       0x2b build/obj/i2c.o
 .comment       0x00000000       0x2b build/obj/icu.o
 .comment       0x00000000       0x2b build/obj/mac.o
 .comment       0x00000000       0x2b build/obj/mmc_spi.o
 .comment       0x00000000       0x2b build/obj/mmcsd.o
 .comment       0x00000000       0x2b build/obj/pal.o
 .comment       0x00000000       0x2b build/obj/pwm.o
 .comment       0x00000000       0x2b build/obj/rtc.o
 .comment       0x00000000       0x2b build/obj/sdc.o
 .comment       0x00000000       0x2b build/obj/serial.o
 .comment       0x00000000       0x2b build/obj/serial_usb.o
 .comment       0x00000000       0x2b build/obj/spi.o
 .comment       0x00000000       0x2b build/obj/tm.o
 .comment       0x00000000       0x2b build/obj/uart.o
 .comment       0x00000000       0x2b build/obj/usb.o
 .comment       0x00000000       0x2b build/obj/stm32_dma.o
 .comment       0x00000000       0x2b build/obj/hal_lld.o
 .comment       0x00000000       0x2b build/obj/adc_lld.o
 .comment       0x00000000       0x2b build/obj/ext_lld_isr.o
 .comment       0x00000000       0x2b build/obj/can_lld.o
 .comment       0x00000000       0x2b build/obj/ext_lld.o
 .comment       0x00000000       0x2b build/obj/gpt_lld.o
 .comment       0x00000000       0x2b build/obj/icu_lld.o
 .comment       0x00000000       0x2b build/obj/mac_lld.o
 .comment       0x00000000       0x2b build/obj/pwm_lld.o
 .comment       0x00000000       0x2b build/obj/serial_lld.o
 .comment       0x00000000       0x2b build/obj/sdc_lld.o
 .comment       0x00000000       0x2b build/obj/spi_lld.o
 .comment       0x00000000       0x2b build/obj/pal_lld.o
 .comment       0x00000000       0x2b build/obj/i2c_lld.o
 .comment       0x00000000       0x2b build/obj/rtc_lld.o
 .comment       0x00000000       0x2b build/obj/uart_lld.o
 .comment       0x00000000       0x2b build/obj/usb_lld.o
 .comment       0x00000000       0x2b build/obj/board.o
 .comment       0x00000000       0x2b build/obj/evtimer.o
 .comment       0x00000000       0x2b build/obj/syscalls.o
 .comment       0x00000000       0x2b build/obj/shell.o
 .comment       0x00000000       0x2b build/obj/chprintf.o
 .comment       0x00000000       0x2b build/obj/main.o
 .comment       0x00000000       0x2b build/obj/can_comm.o
 .comment       0x00000000       0x2b build/obj/hw_test.o
 .comment       0x00000000       0x2b build/obj/spi_comm.o
 .comment       0x00000000       0x2b build/obj/meas.o

.ARM.attributes
                0x00000000       0x31
 .ARM.attributes
                0x00000000       0x31 build/obj/crt0.o
 .ARM.attributes
                0x00000031       0x31 build/obj/vectors.o
 .ARM.attributes
                0x00000062       0x31 build/obj/chcore.o
 .ARM.attributes
                0x00000093       0x31 build/obj/chcore_v7m.o
 .ARM.attributes
                0x000000c4       0x31 build/obj/nvic.o
 .ARM.attributes
                0x000000f5       0x31 build/obj/chsys.o
 .ARM.attributes
                0x00000126       0x31 build/obj/chdebug.o
 .ARM.attributes
                0x00000157       0x31 build/obj/chlists.o
 .ARM.attributes
                0x00000188       0x31 build/obj/chvt.o
 .ARM.attributes
                0x000001b9       0x31 build/obj/chschd.o
 .ARM.attributes
                0x000001ea       0x31 build/obj/chthreads.o
 .ARM.attributes
                0x0000021b       0x31 build/obj/chdynamic.o
 .ARM.attributes
                0x0000024c       0x31 build/obj/chregistry.o
 .ARM.attributes
                0x0000027d       0x31 build/obj/chsem.o
 .ARM.attributes
                0x000002ae       0x31 build/obj/chmtx.o
 .ARM.attributes
                0x000002df       0x31 build/obj/chcond.o
 .ARM.attributes
                0x00000310       0x31 build/obj/chevents.o
 .ARM.attributes
                0x00000341       0x31 build/obj/chmsg.o
 .ARM.attributes
                0x00000372       0x31 build/obj/chmboxes.o
 .ARM.attributes
                0x000003a3       0x31 build/obj/chqueues.o
 .ARM.attributes
                0x000003d4       0x31 build/obj/chmemcore.o
 .ARM.attributes
                0x00000405       0x31 build/obj/chheap.o
 .ARM.attributes
                0x00000436       0x31 build/obj/chmempools.o
 .ARM.attributes
                0x00000467       0x31 build/obj/test.o
 .ARM.attributes
                0x00000498       0x31 build/obj/testthd.o
 .ARM.attributes
                0x000004c9       0x31 build/obj/testsem.o
 .ARM.attributes
                0x000004fa       0x31 build/obj/testmtx.o
 .ARM.attributes
                0x0000052b       0x31 build/obj/testmsg.o
 .ARM.attributes
                0x0000055c       0x31 build/obj/testmbox.o
 .ARM.attributes
                0x0000058d       0x31 build/obj/testevt.o
 .ARM.attributes
                0x000005be       0x31 build/obj/testheap.o
 .ARM.attributes
                0x000005ef       0x31 build/obj/testpools.o
 .ARM.attributes
                0x00000620       0x31 build/obj/testdyn.o
 .ARM.attributes
                0x00000651       0x31 build/obj/testqueues.o
 .ARM.attributes
                0x00000682       0x31 build/obj/testbmk.o
 .ARM.attributes
                0x000006b3       0x31 build/obj/hal.o
 .ARM.attributes
                0x000006e4       0x31 build/obj/adc.o
 .ARM.attributes
                0x00000715       0x31 build/obj/can.o
 .ARM.attributes
                0x00000746       0x31 build/obj/ext.o
 .ARM.attributes
                0x00000777       0x31 build/obj/gpt.o
 .ARM.attributes
                0x000007a8       0x31 build/obj/i2c.o
 .ARM.attributes
                0x000007d9       0x31 build/obj/icu.o
 .ARM.attributes
                0x0000080a       0x31 build/obj/mac.o
 .ARM.attributes
                0x0000083b       0x31 build/obj/mmc_spi.o
 .ARM.attributes
                0x0000086c       0x31 build/obj/mmcsd.o
 .ARM.attributes
                0x0000089d       0x31 build/obj/pal.o
 .ARM.attributes
                0x000008ce       0x31 build/obj/pwm.o
 .ARM.attributes
                0x000008ff       0x31 build/obj/rtc.o
 .ARM.attributes
                0x00000930       0x31 build/obj/sdc.o
 .ARM.attributes
                0x00000961       0x31 build/obj/serial.o
 .ARM.attributes
                0x00000992       0x31 build/obj/serial_usb.o
 .ARM.attributes
                0x000009c3       0x31 build/obj/spi.o
 .ARM.attributes
                0x000009f4       0x31 build/obj/tm.o
 .ARM.attributes
                0x00000a25       0x31 build/obj/uart.o
 .ARM.attributes
                0x00000a56       0x31 build/obj/usb.o
 .ARM.attributes
                0x00000a87       0x31 build/obj/stm32_dma.o
 .ARM.attributes
                0x00000ab8       0x31 build/obj/hal_lld.o
 .ARM.attributes
                0x00000ae9       0x31 build/obj/adc_lld.o
 .ARM.attributes
                0x00000b1a       0x31 build/obj/ext_lld_isr.o
 .ARM.attributes
                0x00000b4b       0x31 build/obj/can_lld.o
 .ARM.attributes
                0x00000b7c       0x31 build/obj/ext_lld.o
 .ARM.attributes
                0x00000bad       0x31 build/obj/gpt_lld.o
 .ARM.attributes
                0x00000bde       0x31 build/obj/icu_lld.o
 .ARM.attributes
                0x00000c0f       0x31 build/obj/mac_lld.o
 .ARM.attributes
                0x00000c40       0x31 build/obj/pwm_lld.o
 .ARM.attributes
                0x00000c71       0x31 build/obj/serial_lld.o
 .ARM.attributes
                0x00000ca2       0x31 build/obj/sdc_lld.o
 .ARM.attributes
                0x00000cd3       0x31 build/obj/spi_lld.o
 .ARM.attributes
                0x00000d04       0x31 build/obj/pal_lld.o
 .ARM.attributes
                0x00000d35       0x31 build/obj/i2c_lld.o
 .ARM.attributes
                0x00000d66       0x31 build/obj/rtc_lld.o
 .ARM.attributes
                0x00000d97       0x31 build/obj/uart_lld.o
 .ARM.attributes
                0x00000dc8       0x31 build/obj/usb_lld.o
 .ARM.attributes
                0x00000df9       0x31 build/obj/board.o
 .ARM.attributes
                0x00000e2a       0x31 build/obj/evtimer.o
 .ARM.attributes
                0x00000e5b       0x31 build/obj/syscalls.o
 .ARM.attributes
                0x00000e8c       0x31 build/obj/shell.o
 .ARM.attributes
                0x00000ebd       0x31 build/obj/chprintf.o
 .ARM.attributes
                0x00000eee       0x31 build/obj/main.o
 .ARM.attributes
                0x00000f1f       0x31 build/obj/can_comm.o
 .ARM.attributes
                0x00000f50       0x31 build/obj/hw_test.o
 .ARM.attributes
                0x00000f81       0x31 build/obj/spi_comm.o
 .ARM.attributes
                0x00000fb2       0x31 build/obj/meas.o
 .ARM.attributes
                0x00000fe3       0x29 c:/program files (x86)/codesourcery/sourcery g++ lite/bin/../lib/gcc/arm-none-eabi/4.5.2/../../../../arm-none-eabi/lib/thumb2\libc.a(lib_a-memset.o)
 .ARM.attributes
                0x0000100c       0x29 c:/program files (x86)/codesourcery/sourcery g++ lite/bin/../lib/gcc/arm-none-eabi/4.5.2/../../../../arm-none-eabi/lib/thumb2\libc.a(lib_a-strcasecmp.o)
 .ARM.attributes
                0x00001035       0x29 c:/program files (x86)/codesourcery/sourcery g++ lite/bin/../lib/gcc/arm-none-eabi/4.5.2/../../../../arm-none-eabi/lib/thumb2\libc.a(lib_a-strchr.o)
 .ARM.attributes
                0x0000105e       0x29 c:/program files (x86)/codesourcery/sourcery g++ lite/bin/../lib/gcc/arm-none-eabi/4.5.2/../../../../arm-none-eabi/lib/thumb2\libc.a(lib_a-strspn.o)
 .ARM.attributes
                0x00001087       0x29 c:/program files (x86)/codesourcery/sourcery g++ lite/bin/../lib/gcc/arm-none-eabi/4.5.2/../../../../arm-none-eabi/lib/thumb2\libc.a(lib_a-ctype_.o)

.debug_frame    0x00000000     0x2d94
 .debug_frame   0x00000000       0x50 build/obj/crt0.o
 .debug_frame   0x00000050       0x20 build/obj/vectors.o
 .debug_frame   0x00000070       0x20 build/obj/chcore.o
 .debug_frame   0x00000090       0xd0 build/obj/chcore_v7m.o
 .debug_frame   0x00000160       0x60 build/obj/nvic.o
 .debug_frame   0x000001c0       0x5c build/obj/chsys.o
 .debug_frame   0x0000021c       0x88 build/obj/chlists.o
 .debug_frame   0x000002a4       0x5c build/obj/chvt.o
 .debug_frame   0x00000300      0x108 build/obj/chschd.o
 .debug_frame   0x00000408      0x168 build/obj/chthreads.o
 .debug_frame   0x00000570       0x8c build/obj/chdynamic.o
 .debug_frame   0x000005fc       0x44 build/obj/chregistry.o
 .debug_frame   0x00000640      0x154 build/obj/chsem.o
 .debug_frame   0x00000794       0xdc build/obj/chmtx.o
 .debug_frame   0x00000870      0x10c build/obj/chcond.o
 .debug_frame   0x0000097c      0x198 build/obj/chevents.o
 .debug_frame   0x00000b14       0x68 build/obj/chmsg.o
 .debug_frame   0x00000b7c      0x154 build/obj/chmboxes.o
 .debug_frame   0x00000cd0      0x16c build/obj/chqueues.o
 .debug_frame   0x00000e3c       0x58 build/obj/chmemcore.o
 .debug_frame   0x00000e94       0x98 build/obj/chheap.o
 .debug_frame   0x00000f2c       0x9c build/obj/chmempools.o
 .debug_frame   0x00000fc8      0x1d8 build/obj/test.o
 .debug_frame   0x000011a0       0xc4 build/obj/testthd.o
 .debug_frame   0x00001264      0x138 build/obj/testsem.o
 .debug_frame   0x0000139c      0x394 build/obj/testmtx.o
 .debug_frame   0x00001730       0x48 build/obj/testmsg.o
 .debug_frame   0x00001778       0x44 build/obj/testmbox.o
 .debug_frame   0x000017bc      0x110 build/obj/testevt.o
 .debug_frame   0x000018cc       0x44 build/obj/testheap.o
 .debug_frame   0x00001910       0x50 build/obj/testpools.o
 .debug_frame   0x00001960       0xdc build/obj/testdyn.o
 .debug_frame   0x00001a3c       0xe0 build/obj/testqueues.o
 .debug_frame   0x00001b1c      0x2b4 build/obj/testbmk.o
 .debug_frame   0x00001dd0       0x4c build/obj/hal.o
 .debug_frame   0x00001e1c      0x118 build/obj/adc.o
 .debug_frame   0x00001f34      0x104 build/obj/can.o
 .debug_frame   0x00002038       0x54 build/obj/pal.o
 .debug_frame   0x0000208c      0x1a8 build/obj/spi.o
 .debug_frame   0x00002234       0x5c build/obj/tm.o
 .debug_frame   0x00002290      0x138 build/obj/stm32_dma.o
 .debug_frame   0x000023c8       0x3c build/obj/hal_lld.o
 .debug_frame   0x00002404       0xc8 build/obj/adc_lld.o
 .debug_frame   0x000024cc      0x154 build/obj/can_lld.o
 .debug_frame   0x00002620      0x138 build/obj/spi_lld.o
 .debug_frame   0x00002758       0x4c build/obj/pal_lld.o
 .debug_frame   0x000027a4       0x30 build/obj/board.o
 .debug_frame   0x000027d4       0x64 build/obj/evtimer.o
 .debug_frame   0x00002838       0x98 build/obj/syscalls.o
 .debug_frame   0x000028d0      0x140 build/obj/shell.o
 .debug_frame   0x00002a10       0x70 build/obj/chprintf.o
 .debug_frame   0x00002a80       0x64 build/obj/main.o
 .debug_frame   0x00002ae4       0x70 build/obj/can_comm.o
 .debug_frame   0x00002b54       0x38 build/obj/hw_test.o
 .debug_frame   0x00002b8c       0xd0 build/obj/spi_comm.o
 .debug_frame   0x00002c5c       0x88 build/obj/meas.o
 .debug_frame   0x00002ce4       0x2c c:/program files (x86)/codesourcery/sourcery g++ lite/bin/../lib/gcc/arm-none-eabi/4.5.2/../../../../arm-none-eabi/lib/thumb2\libc.a(lib_a-memset.o)
 .debug_frame   0x00002d10       0x2c c:/program files (x86)/codesourcery/sourcery g++ lite/bin/../lib/gcc/arm-none-eabi/4.5.2/../../../../arm-none-eabi/lib/thumb2\libc.a(lib_a-strcasecmp.o)
 .debug_frame   0x00002d3c       0x2c c:/program files (x86)/codesourcery/sourcery g++ lite/bin/../lib/gcc/arm-none-eabi/4.5.2/../../../../arm-none-eabi/lib/thumb2\libc.a(lib_a-strchr.o)
 .debug_frame   0x00002d68       0x2c c:/program files (x86)/codesourcery/sourcery g++ lite/bin/../lib/gcc/arm-none-eabi/4.5.2/../../../../arm-none-eabi/lib/thumb2\libc.a(lib_a-strspn.o)

Cross Reference Table

Symbol                                            File
ADCD1                                             build/obj/adc_lld.o
                                                  build/obj/meas.o
BusFaultVector                                    build/obj/vectors.o
CAND1                                             build/obj/can_lld.o
                                                  build/obj/can_comm.o
DebugMonitorVector                                build/obj/vectors.o
HardFaultVector                                   build/obj/vectors.o
MemManageVector                                   build/obj/vectors.o
NMIVector                                         build/obj/vectors.o
PendSVVector                                      build/obj/vectors.o
ResetHandler                                      build/obj/crt0.o
                                                  build/obj/vectors.o
SPID1                                             build/obj/spi_lld.o
                                                  build/obj/spi_comm.o
SPIExchangeData                                   build/obj/spi_comm.o
SPISendData                                       build/obj/spi_comm.o
SPV1020PWM                                        build/obj/spi_comm.o
                                                  build/obj/can_comm.o
SPV1020STATUS                                     build/obj/spi_comm.o
                                                  build/obj/can_comm.o
SPV1020VIN                                        build/obj/spi_comm.o
                                                  build/obj/can_comm.o
SVCallVector                                      build/obj/chcore_v7m.o
                                                  build/obj/vectors.o
SysTickVector                                     build/obj/chcore_v7m.o
                                                  build/obj/vectors.o
TestThread                                        build/obj/test.o
UsageFaultVector                                  build/obj/vectors.o
Vector1C                                          build/obj/vectors.o
Vector20                                          build/obj/vectors.o
Vector24                                          build/obj/vectors.o
Vector28                                          build/obj/vectors.o
Vector34                                          build/obj/vectors.o
Vector40                                          build/obj/vectors.o
Vector44                                          build/obj/vectors.o
Vector48                                          build/obj/vectors.o
Vector4C                                          build/obj/vectors.o
Vector50                                          build/obj/vectors.o
Vector54                                          build/obj/vectors.o
Vector58                                          build/obj/vectors.o
Vector5C                                          build/obj/vectors.o
Vector60                                          build/obj/vectors.o
Vector64                                          build/obj/vectors.o
Vector68                                          build/obj/vectors.o
Vector6C                                          build/obj/stm32_dma.o
                                                  build/obj/vectors.o
Vector70                                          build/obj/stm32_dma.o
                                                  build/obj/vectors.o
Vector74                                          build/obj/stm32_dma.o