Archive member included because of file (symbol)

c:/program files (x86)/codesourcery/sourcery g++ lite/bin/../lib/gcc/arm-none-eabi/4.5.2/../../../../arm-none-eabi/lib/thumb2\libc.a(lib_a-memset.o)
                              build/obj/syscalls.o (memset)
c:/program files (x86)/codesourcery/sourcery g++ lite/bin/../lib/gcc/arm-none-eabi/4.5.2/../../../../arm-none-eabi/lib/thumb2\libc.a(lib_a-strcasecmp.o)
                              build/obj/shell.o (strcasecmp)
c:/program files (x86)/codesourcery/sourcery g++ lite/bin/../lib/gcc/arm-none-eabi/4.5.2/../../../../arm-none-eabi/lib/thumb2\libc.a(lib_a-strpbrk.o)
                              build/obj/shell.o (strpbrk)
c:/program files (x86)/codesourcery/sourcery g++ lite/bin/../lib/gcc/arm-none-eabi/4.5.2/../../../../arm-none-eabi/lib/thumb2\libc.a(lib_a-strspn.o)
                              build/obj/shell.o (strspn)
c:/program files (x86)/codesourcery/sourcery g++ lite/bin/../lib/gcc/arm-none-eabi/4.5.2/../../../../arm-none-eabi/lib/thumb2\libc.a(lib_a-ctype_.o)
                              c:/program files (x86)/codesourcery/sourcery g++ lite/bin/../lib/gcc/arm-none-eabi/4.5.2/../../../../arm-none-eabi/lib/thumb2\libc.a(lib_a-strcasecmp.o) (__ctype_ptr__)

Discarded input sections

 .text          0x00000000        0x0 build/obj/crt0.o
 .data          0x00000000        0x0 build/obj/crt0.o
 .bss           0x00000000        0x0 build/obj/crt0.o
 .text.__early_init
                0x00000000       0x10 build/obj/crt0.o
 .text          0x00000000        0x0 build/obj/vectors.o
 .data          0x00000000        0x0 build/obj/vectors.o
 .bss           0x00000000        0x0 build/obj/vectors.o
 .text          0x00000000        0x0 build/obj/chcore.o
 .data          0x00000000        0x0 build/obj/chcore.o
 .bss           0x00000000        0x0 build/obj/chcore.o
 .text          0x00000000        0x0 build/obj/chcore_v7m.o
 .data          0x00000000        0x0 build/obj/chcore_v7m.o
 .bss           0x00000000        0x0 build/obj/chcore_v7m.o
 .text          0x00000000        0x0 build/obj/nvic.o
 .data          0x00000000        0x0 build/obj/nvic.o
 .bss           0x00000000        0x0 build/obj/nvic.o
 .text          0x00000000        0x0 build/obj/chsys.o
 .data          0x00000000        0x0 build/obj/chsys.o
 .bss           0x00000000        0x0 build/obj/chsys.o
 .text          0x00000000        0x0 build/obj/chdebug.o
 .data          0x00000000        0x0 build/obj/chdebug.o
 .bss           0x00000000        0x0 build/obj/chdebug.o
 .text          0x00000000        0x0 build/obj/chlists.o
 .data          0x00000000        0x0 build/obj/chlists.o
 .bss           0x00000000        0x0 build/obj/chlists.o
 .text.lifo_remove
                0x00000000       0x10 build/obj/chlists.o
 .text.list_insert
                0x00000000       0x10 build/obj/chlists.o
 .text          0x00000000        0x0 build/obj/chvt.o
 .data          0x00000000        0x0 build/obj/chvt.o
 .bss           0x00000000        0x0 build/obj/chvt.o
 .text          0x00000000        0x0 build/obj/chschd.o
 .data          0x00000000        0x0 build/obj/chschd.o
 .bss           0x00000000        0x0 build/obj/chschd.o
 .text.chSchRescheduleS
                0x00000000       0x20 build/obj/chschd.o
 .text          0x00000000        0x0 build/obj/chthreads.o
 .data          0x00000000        0x0 build/obj/chthreads.o
 .bss           0x00000000        0x0 build/obj/chthreads.o
 .text.chThdSetPriority
                0x00000000       0x30 build/obj/chthreads.o
 .text.chThdResume
                0x00000000       0x20 build/obj/chthreads.o
 .text.chThdTerminate
                0x00000000       0x20 build/obj/chthreads.o
 .text.chThdYield
                0x00000000       0x30 build/obj/chthreads.o
 .text.chThdWait
                0x00000000       0x40 build/obj/chthreads.o
 .text          0x00000000        0x0 build/obj/chdynamic.o
 .data          0x00000000        0x0 build/obj/chdynamic.o
 .bss           0x00000000        0x0 build/obj/chdynamic.o
 .text.chThdAddRef
                0x00000000       0x20 build/obj/chdynamic.o
 .text.chThdRelease
                0x00000000       0x60 build/obj/chdynamic.o
 .text.chThdCreateFromHeap
                0x00000000       0x40 build/obj/chdynamic.o
 .text.chThdCreateFromMemoryPool
                0x00000000       0x40 build/obj/chdynamic.o
 .text          0x00000000        0x0 build/obj/chregistry.o
 .data          0x00000000        0x0 build/obj/chregistry.o
 .bss           0x00000000        0x0 build/obj/chregistry.o
 .text.chRegFirstThread
                0x00000000       0x20 build/obj/chregistry.o
 .text.chRegNextThread
                0x00000000       0x40 build/obj/chregistry.o
 .text          0x00000000        0x0 build/obj/chsem.o
 .data          0x00000000        0x0 build/obj/chsem.o
 .bss           0x00000000        0x0 build/obj/chsem.o
 .text.chSemResetI
                0x00000000       0x60 build/obj/chsem.o
 .text.chSemReset
[...]
Memory Configuration

Name             Origin             Length             Attributes
flash            0x08000000         0x00020000
ram              0x20000000         0x00005000
*default*        0x00000000         0xffffffff

Linker script and memory map

LOAD build/obj/crt0.o
LOAD build/obj/vectors.o
LOAD build/obj/chcore.o
LOAD build/obj/chcore_v7m.o
LOAD build/obj/nvic.o
LOAD build/obj/chsys.o
LOAD build/obj/chdebug.o
LOAD build/obj/chlists.o
LOAD build/obj/chvt.o
LOAD build/obj/chschd.o
LOAD build/obj/chthreads.o
LOAD build/obj/chdynamic.o
LOAD build/obj/chregistry.o
LOAD build/obj/chsem.o
LOAD build/obj/chmtx.o
LOAD build/obj/chcond.o
LOAD build/obj/chevents.o
LOAD build/obj/chmsg.o
LOAD build/obj/chmboxes.o
LOAD build/obj/chqueues.o
LOAD build/obj/chmemcore.o
LOAD build/obj/chheap.o
LOAD build/obj/chmempools.o
LOAD build/obj/test.o
LOAD build/obj/testthd.o
LOAD build/obj/testsem.o
LOAD build/obj/testmtx.o
LOAD build/obj/testmsg.o
LOAD build/obj/testmbox.o
LOAD build/obj/testevt.o
LOAD build/obj/testheap.o
LOAD build/obj/testpools.o
LOAD build/obj/testdyn.o
LOAD build/obj/testqueues.o
LOAD build/obj/testbmk.o
LOAD build/obj/hal.o
LOAD build/obj/adc.o
LOAD build/obj/can.o
LOAD build/obj/ext.o
LOAD build/obj/gpt.o
LOAD build/obj/i2c.o
LOAD build/obj/icu.o
LOAD build/obj/mac.o
LOAD build/obj/mmc_spi.o
LOAD build/obj/mmcsd.o
LOAD build/obj/pal.o
LOAD build/obj/pwm.o
LOAD build/obj/rtc.o
LOAD build/obj/sdc.o
LOAD build/obj/serial.o
LOAD build/obj/serial_usb.o
LOAD build/obj/spi.o
LOAD build/obj/tm.o
LOAD build/obj/uart.o
LOAD build/obj/usb.o
LOAD build/obj/stm32_dma.o
LOAD build/obj/hal_lld.o
LOAD build/obj/adc_lld.o
LOAD build/obj/ext_lld_isr.o
LOAD build/obj/can_lld.o
LOAD build/obj/ext_lld.o
LOAD build/obj/mac_lld.o
LOAD build/obj/sdc_lld.o
LOAD build/obj/pal_lld.o
LOAD build/obj/i2c_lld.o
LOAD build/obj/rtc_lld.o
LOAD build/obj/spi_lld.o
LOAD build/obj/gpt_lld.o
LOAD build/obj/icu_lld.o
LOAD build/obj/pwm_lld.o
LOAD build/obj/serial_lld.o
LOAD build/obj/uart_lld.o
LOAD build/obj/usb_lld.o
LOAD build/obj/board.o
LOAD build/obj/evtimer.o
LOAD build/obj/syscalls.o
LOAD build/obj/shell.o
LOAD build/obj/chprintf.o
LOAD build/obj/main.o
LOAD build/obj/can_comm.o
LOAD build/obj/hw_test.o
LOAD build/obj/spi_comm.o
LOAD build/obj/meas.o
                0x00000400                __main_stack_size__ = 0x400
                0x00000400                __process_stack_size__ = 0x400
                0x20000000                __ram_start__ = 0x20000000
                0x00005000                __ram_size__ = 0x5000
                0x20005000                __ram_end__ = (__ram_start__ + __ram_size__)
                0x00000000                . = 0x0
                0x00000000                _text = .

startup         0x08000000       0xec
 *(vectors)
 vectors        0x08000000       0xec build/obj/vectors.o
                0x08000000                _vectors

constructors    0x080000ec        0x0
                0x080000ec                PROVIDE (__init_array_start, .)
 *(SORT(.init_array.*))
 *(.init_array)
                0x080000ec                PROVIDE (__init_array_end, .)

destructors     0x080000ec        0x0
                0x080000ec                PROVIDE (__fini_array_start, .)
 *(.fini_array)
 *(SORT(.fini_array.*))
                0x080000ec                PROVIDE (__fini_array_end, .)

.text           0x080000f0     0x29a8
 *(.text.startup.*)
 *(.text)
 *(.text.*)
 .text.__late_init
                0x080000f0       0x10 build/obj/crt0.o
                0x080000f0                __late_init
 .text._default_exit
                0x08000100       0x10 build/obj/crt0.o
                0x08000100                _default_exit
 .text.ResetHandler
                0x08000110      0x1d0 build/obj/crt0.o
                0x08000110                ResetHandler
 .text._unhandled_exception
                0x080002e0       0x10 build/obj/vectors.o
                0x080002e0                Vector58
                0x080002e0                VectorE8
                0x080002e0                Vector9C
                0x080002e0                VectorAC
                0x080002e0                Vector5C
                0x080002e0                NMIVector
                0x080002e0                VectorDC
                0x080002e0                VectorC8
                0x080002e0                VectorA8
                0x080002e0                VectorB4
                0x080002e0                UsageFaultVector
                0x080002e0                DebugMonitorVector
                0x080002e0                Vector40
                0x080002e0                VectorBC
                0x080002e0                PendSVVector
                0x080002e0                Vector64
                0x080002e0                VectorCC
                0x080002e0                Vector54
                0x080002e0                VectorD8
                0x080002e0                Vector24
                0x080002e0                BusFaultVector
                0x080002e0                VectorD0
                0x080002e0                VectorE4
                0x080002e0                VectorC0
                0x080002e0                HardFaultVector
                0x080002e0                VectorE0
                0x080002e0                MemManageVector
                0x080002e0                VectorA0
                0x080002e0                VectorC4
                0x080002e0                VectorB0
                0x080002e0                Vector60
                0x080002e0                Vector1C
                0x080002e0                Vector48
                0x080002e0                VectorD4
                0x080002e0                Vector4C
                0x080002e0                Vector68
                0x080002e0                _unhandled_exception
                0x080002e0                Vector88
                0x080002e0                Vector50
                0x080002e0                Vector44
                0x080002e0                Vector28
                0x080002e0                VectorB8
                0x080002e0                Vector34
                0x080002e0                VectorA4
                0x080002e0                Vector20
 .text.port_halt
                0x080002f0       0x10 build/obj/chcore.o
                0x080002f0                port_halt
 .text._port_switch_from_isr
                0x08000300       0x10 build/obj/chcore_v7m.o
                0x08000300                _port_switch_from_isr
 .text.SVCallVector
                0x08000310       0x20 build/obj/chcore_v7m.o
                0x08000310                SVCallVector
 .text._port_init
                0x08000330       0x30 build/obj/chcore_v7m.o
                0x08000330                _port_init
 .text._port_lock
                0x08000360       0x10 build/obj/chcore_v7m.o
                0x08000360                _port_lock
 .text._port_unlock
                0x08000370       0x10 build/obj/chcore_v7m.o
                0x08000370                _port_unlock
 .text._port_irq_epilogue
                0x08000380       0x80 build/obj/chcore_v7m.o
                0x08000380                _port_irq_epilogue
 .text.SysTickVector
                0x08000400       0x20 build/obj/chcore_v7m.o
                0x08000400                SysTickVector
 .text._port_switch
                0x08000420       0x10 build/obj/chcore_v7m.o
                0x08000420                _port_switch
 .text._port_thread_start
                0x08000430       0x20 build/obj/chcore_v7m.o
                0x08000430                _port_thread_start
 .text.nvicEnableVector
                0x08000450       0x50 build/obj/nvic.o
                0x08000450                nvicEnableVector
 .text.nvicDisableVector
                0x080004a0       0x40 build/obj/nvic.o
                0x080004a0                nvicDisableVector
 .text.nvicSetSystemHandlerPriority
                0x080004e0       0x30 build/obj/nvic.o
                0x080004e0                nvicSetSystemHandlerPriority
 .text._idle_thread
                0x08000510       0x20 build/obj/chsys.o
                0x08000510                _idle_thread
 .text.chSysInit
                0x08000530       0x60 build/obj/chsys.o
                0x08000530                chSysInit
 .text.chSysTimerHandlerI
                0x08000590       0x60 build/obj/chsys.o
                0x08000590                chSysTimerHandlerI
 .text.prio_insert
                0x080005f0       0x30 build/obj/chlists.o
                0x080005f0                prio_insert
 .text.queue_insert
                0x08000620       0x10 build/obj/chlists.o
                0x08000620                queue_insert
 .text.fifo_remove
                0x08000630       0x10 build/obj/chlists.o
                0x08000630                fifo_remove
 .text.dequeue  0x08000640       0x10 build/obj/chlists.o
                0x08000640                dequeue
 .text.list_remove
                0x08000650       0x10 build/obj/chlists.o
                0x08000650                list_remove
 .text._vt_init
                0x08000660       0x20 build/obj/chvt.o
                0x08000660                _vt_init
 .text.chVTSetI
                0x08000680       0x40 build/obj/chvt.o
                0x08000680                chVTSetI
 .text.chVTResetI
                0x080006c0       0x30 build/obj/chvt.o
                0x080006c0                chVTResetI
 .text.wakeup   0x080006f0       0x60 build/obj/chschd.o
 .text._scheduler_init
                0x08000750       0x20 build/obj/chschd.o
                0x08000750                _scheduler_init
 .text.chSchReadyI
                0x08000770       0x20 build/obj/chschd.o
                0x08000770                chSchReadyI
 .text.chSchGoSleepS
                0x08000790       0x30 build/obj/chschd.o
                0x08000790                chSchGoSleepS
 .text.chSchGoSleepTimeoutS
                0x080007c0       0x40 build/obj/chschd.o
                0x080007c0                chSchGoSleepTimeoutS
 .text.chSchWakeupS
                0x08000800       0x60 build/obj/chschd.o
                0x08000800                chSchWakeupS
 .text.chSchDoRescheduleBehind
                0x08000860       0x40 build/obj/chschd.o
                0x08000860                chSchDoRescheduleBehind
 .text.chSchDoRescheduleAhead
                0x080008a0       0x40 build/obj/chschd.o
                0x080008a0                chSchDoRescheduleAhead
 .text.chSchDoReschedule
                0x080008e0       0x20 build/obj/chschd.o
                0x080008e0                chSchDoReschedule
 .text._thread_init
                0x08000900       0x40 build/obj/chthreads.o
                0x08000900                _thread_init
 .text.chThdCreateI
                0x08000940       0x60 build/obj/chthreads.o
                0x08000940                chThdCreateI
 .text.chThdCreateStatic
                0x080009a0       0x30 build/obj/chthreads.o
                0x080009a0                chThdCreateStatic
 .text.chThdSleep
                0x080009d0       0x20 build/obj/chthreads.o
                0x080009d0                chThdSleep
 .text.chThdSleepUntil
                0x080009f0       0x20 build/obj/chthreads.o
                0x080009f0                chThdSleepUntil
 .text.chThdExitS
                0x08000a10       0x50 build/obj/chthreads.o
                0x08000a10                chThdExitS
 .text.chThdExit
                0x08000a60       0x10 build/obj/chthreads.o
                0x08000a60                chThdExit
 .text.chSemInit
                0x08000a70       0x10 build/obj/chsem.o
                0x08000a70                chSemInit
 .text.chSemWaitTimeoutS
                0x08000a80       0x40 build/obj/chsem.o
                0x08000a80                chSemWaitTimeoutS
 .text.chSemSignalI
                0x08000ac0       0x20 build/obj/chsem.o
                0x08000ac0                chSemSignalI
 .text.chMtxInit
                0x08000ae0       0x10 build/obj/chmtx.o
                0x08000ae0                chMtxInit
 .text.chMtxLockS
                0x08000af0       0x80 build/obj/chmtx.o
                0x08000af0                chMtxLockS
 .text.chMtxLock
                0x08000b70       0x10 build/obj/chmtx.o
                0x08000b70                chMtxLock
 .text.chMtxUnlock
                0x08000b80       0x60 build/obj/chmtx.o
                0x08000b80                chMtxUnlock
 .text.chEvtRegisterMask
                0x08000be0       0x30 build/obj/chevents.o
                0x08000be0                chEvtRegisterMask
 .text.chEvtUnregister
                0x08000c10       0x30 build/obj/chevents.o
                0x08000c10                chEvtUnregister
 .text.chEvtSignalI
                0x08000c40       0x40 build/obj/chevents.o
                0x08000c40                chEvtSignalI
 .text.chEvtBroadcastFlagsI
                0x08000c80       0x30 build/obj/chevents.o
                0x08000c80                chEvtBroadcastFlagsI
 .text.chEvtWaitAnyTimeout
                0x08000cb0       0x50 build/obj/chevents.o
                0x08000cb0                chEvtWaitAnyTimeout
 .text._core_init
                0x08000d00       0x30 build/obj/chmemcore.o
                0x08000d00                _core_init
 .text.chCoreAlloc
                0x08000d30       0x40 build/obj/chmemcore.o
                0x08000d30                chCoreAlloc
 .text._heap_init
                0x08000d70       0x20 build/obj/chheap.o
                0x08000d70                _heap_init
 .text.halInit  0x08000d90       0x30 build/obj/hal.o
                0x08000d90                halInit
 .text.adcInit  0x08000dc0       0x10 build/obj/adc.o
                0x08000dc0                adcInit
 .text.adcObjectInit
                0x08000dd0       0x20 build/obj/adc.o
                0x08000dd0                adcObjectInit
 .text.adcStart
                0x08000df0       0x20 build/obj/adc.o
                0x08000df0                adcStart
 .text.adcConvert
                0x08000e10       0x40 build/obj/adc.o
                0x08000e10                adcConvert
 .text.canInit  0x08000e50       0x10 build/obj/can.o
                0x08000e50                canInit
 .text.canObjectInit
                0x08000e60       0x40 build/obj/can.o
                0x08000e60                canObjectInit
 .text.canStart
                0x08000ea0       0x40 build/obj/can.o
                0x08000ea0                canStart
 .text.canTransmit
                0x08000ee0       0x50 build/obj/can.o
                0x08000ee0                canTransmit
 .text.canReceive
                0x08000f30       0x50 build/obj/can.o
                0x08000f30                canReceive
 .text.spiInit  0x08000f80       0x10 build/obj/spi.o
                0x08000f80                spiInit
 .text.spiObjectInit
                0x08000f90       0x10 build/obj/spi.o
                0x08000f90                spiObjectInit
 .text.spiStart
                0x08000fa0       0x20 build/obj/spi.o
                0x08000fa0                spiStart
 .text.spiStop  0x08000fc0       0x20 build/obj/spi.o
                0x08000fc0                spiStop
 .text.spiSelect
                0x08000fe0       0x10 build/obj/spi.o
                0x08000fe0                spiSelect
 .text.spiUnselect
                0x08000ff0       0x10 build/obj/spi.o
                0x08000ff0                spiUnselect
 .text.spiExchange
                0x08001000       0x30 build/obj/spi.o
                0x08001000                spiExchange
 .text.spiSend  0x08001030       0x30 build/obj/spi.o
                0x08001030                spiSend
 .text.spiAcquireBus
                0x08001060       0x10 build/obj/spi.o
                0x08001060                spiAcquireBus
 .text.spiReleaseBus
                0x08001070       0x10 build/obj/spi.o
                0x08001070                spiReleaseBus
 .text.tm_start
                0x08001080       0x10 build/obj/tm.o
 .text.tm_stop  0x08001090       0x30 build/obj/tm.o
 .text.tmInit   0x080010c0       0x40 build/obj/tm.o
                0x080010c0                tmInit
 .text.Vector6C
                0x08001100       0x30 build/obj/stm32_dma.o
                0x08001100                Vector6C
 .text.Vector70
                0x08001130       0x30 build/obj/stm32_dma.o
                0x08001130                Vector70
 .text.Vector74
                0x08001160       0x30 build/obj/stm32_dma.o
                0x08001160                Vector74
 .text.Vector78
                0x08001190       0x30 build/obj/stm32_dma.o
                0x08001190                Vector78
 .text.Vector7C
                0x080011c0       0x30 build/obj/stm32_dma.o
                0x080011c0                Vector7C
 .text.Vector80
                0x080011f0       0x30 build/obj/stm32_dma.o
                0x080011f0                Vector80
 .text.Vector84
                0x08001220       0x30 build/obj/stm32_dma.o
                0x08001220                Vector84
 .text.dmaInit  0x08001250       0x60 build/obj/stm32_dma.o
                0x08001250                dmaInit
 .text.dmaStreamAllocate
                0x080012b0       0x80 build/obj/stm32_dma.o
                0x080012b0                dmaStreamAllocate
 .text.dmaStreamRelease
                0x08001330       0x40 build/obj/stm32_dma.o
                0x08001330                dmaStreamRelease
 .text.hal_lld_init
                0x08001370       0x70 build/obj/hal_lld.o
                0x08001370                hal_lld_init
 .text.stm32_clock_init
                0x080013e0       0xa0 build/obj/hal_lld.o
                0x080013e0                stm32_clock_init
 .text.adc_lld_serve_rx_interrupt
                0x08001480      0x110 build/obj/adc_lld.o
 .text.adc_lld_init
                0x08001590       0x70 build/obj/adc_lld.o
                0x08001590                adc_lld_init
 .text.adc_lld_start
                0x08001600       0x50 build/obj/adc_lld.o
                0x08001600                adc_lld_start
 .text.adc_lld_start_conversion
                0x08001650       0x80 build/obj/adc_lld.o
                0x08001650                adc_lld_start_conversion
 .text.can_lld_set_filters
                0x080016d0      0x250 build/obj/can_lld.o
 .text.Vector8C
                0x08001920       0x50 build/obj/can_lld.o
                0x08001920                Vector8C
 .text.Vector90
                0x08001970       0x70 build/obj/can_lld.o
                0x08001970                Vector90
 .text.Vector94
                0x080019e0       0x70 build/obj/can_lld.o
                0x080019e0                Vector94
 .text.Vector98
                0x08001a50       0x80 build/obj/can_lld.o
                0x08001a50                Vector98
 .text.can_lld_init
                0x08001ad0       0x30 build/obj/can_lld.o
                0x08001ad0                can_lld_init
 .text.can_lld_start
                0x08001b00       0x80 build/obj/can_lld.o
                0x08001b00                can_lld_start
 .text.can_lld_is_tx_empty
                0x08001b80       0x40 build/obj/can_lld.o
                0x08001b80                can_lld_is_tx_empty
 .text.can_lld_transmit
                0x08001bc0       0x90 build/obj/can_lld.o
                0x08001bc0                can_lld_transmit
 .text.can_lld_is_rx_nonempty
                0x08001c50       0x50 build/obj/can_lld.o
                0x08001c50                can_lld_is_rx_nonempty
 .text.can_lld_receive
                0x08001ca0       0xe0 build/obj/can_lld.o
                0x08001ca0                can_lld_receive
 .text._pal_lld_init
                0x08001d80       0x70 build/obj/pal_lld.o
                0x08001d80                _pal_lld_init
 .text.spi_lld_serve_tx_interrupt
                0x08001df0       0x10 build/obj/spi_lld.o
 .text.spi_lld_serve_rx_interrupt
                0x08001e00       0x80 build/obj/spi_lld.o
 .text.spi_lld_init
                0x08001e80       0x40 build/obj/spi_lld.o
                0x08001e80                spi_lld_init
 .text.spi_lld_start
                0x08001ec0       0xa0 build/obj/spi_lld.o
                0x08001ec0                spi_lld_start
 .text.spi_lld_stop
                0x08001f60       0x40 build/obj/spi_lld.o
                0x08001f60                spi_lld_stop
 .text.spi_lld_select
                0x08001fa0       0x10 build/obj/spi_lld.o
                0x08001fa0                spi_lld_select
 .text.spi_lld_unselect
                0x08001fb0       0x10 build/obj/spi_lld.o
                0x08001fb0                spi_lld_unselect
 .text.spi_lld_exchange
                0x08001fc0       0x40 build/obj/spi_lld.o
                0x08001fc0                spi_lld_exchange
 .text.spi_lld_send
                0x08002000       0x40 build/obj/spi_lld.o
                0x08002000                spi_lld_send
 .text.__early_init
                0x08002040       0x10 build/obj/board.o
                0x08002040                __early_init
 .text.boardInit
                0x08002050       0x10 build/obj/board.o
                0x08002050                boardInit
 .text.Thread1  0x08002060       0x30 build/obj/main.o
 .text.task20ms
                0x08002090       0x30 build/obj/main.o
 .text.main     0x080020c0       0x70 build/obj/main.o
                0x080020c0                main
 .text.safety   0x08002130       0x60 build/obj/can_comm.o
 .text.can_tx   0x08002190       0xd0 build/obj/can_comm.o
 .text.can_rx   0x08002260      0x180 build/obj/can_comm.o
 .text.can_commInit
                0x080023e0      0x130 build/obj/can_comm.o
                0x080023e0                can_commInit
 .text.SPISendData
                0x08002510       0x60 build/obj/spi_comm.o
                0x08002510                SPISendData
 .text.SPV1020CURR_IN
                0x08002570       0x20 build/obj/spi_comm.o
                0x08002570                SPV1020CURR_IN
 .text.SPV1020PWM
                0x08002590       0x20 build/obj/spi_comm.o
                0x08002590                SPV1020PWM
 .text.SPV1020STATUS
                0x080025b0       0x20 build/obj/spi_comm.o
                0x080025b0                SPV1020STATUS
 .text.SPV1020VIN
                0x080025d0       0x20 build/obj/spi_comm.o
                0x080025d0                SPV1020VIN
 .text.SPV1020TURN_ON
                0x080025f0       0x20 build/obj/spi_comm.o
                0x080025f0                SPV1020TURN_ON
 .text.SPV1020SHUT_DOWN
                0x08002610       0x20 build/obj/spi_comm.o
                0x08002610                SPV1020SHUT_DOWN
 .text.spi_commInit
                0x08002630       0x30 build/obj/spi_comm.o
                0x08002630                spi_commInit
 .text.adcerrorcallback
                0x08002660       0x10 build/obj/meas.o
 .text.measInit
                0x08002670       0x20 build/obj/meas.o
                0x08002670                measInit
 .text.measGetValue
                0x08002690       0x10 build/obj/meas.o
                0x08002690                measGetValue
 .text.measInterpolateNTC
                0x080026a0       0x90 build/obj/meas.o
                0x080026a0                measInterpolateNTC
 .text.measCalc
                0x08002730      0x1b0 build/obj/meas.o
                0x08002730                measCalc
 *(.rodata)
 *(.rodata.*)
 .rodata.str1.4
                0x080028e0        0x5 build/obj/chsys.o
                                  0x8 (size before relaxing)
 *fill*         0x080028e5        0xb 00
 .rodata.ch_debug
                0x080028f0       0x18 build/obj/chregistry.o
                0x080028f0                ch_debug
 *fill*         0x08002908        0x8 00
 .rodata._stm32_dma_streams
                0x08002910       0x54 build/obj/stm32_dma.o
                0x08002910                _stm32_dma_streams
 *fill*         0x08002964        0xc 00
 .rodata.pal_default_config
                0x08002970       0x3c build/obj/board.o
                0x08002970                pal_default_config
 *fill*         0x080029ac        0x4 00
 .rodata.str1.4
                0x080029b0       0x11 build/obj/main.o
                                 0x14 (size before relaxing)
 *fill*         0x080029c1        0xf 00
 .rodata.str1.4
                0x080029d0       0x20 build/obj/can_comm.o
 .rodata.cancfg
                0x080029f0        0x8 build/obj/can_comm.o
 *fill*         0x080029f8        0x8 00
 .rodata.ls_spicfg_cs1
                0x08002a00        0xc build/obj/spi_comm.o
 *fill*         0x08002a0c        0x4 00
 .rodata.measNTCcalib
                0x08002a10       0x58 build/obj/meas.o
                0x08002a10                measNTCcalib
 *fill*         0x08002a68        0x8 00
 .rodata.adcgrpcfg
                0x08002a70       0x28 build/obj/meas.o
 *(.glue_7t)
 .glue_7t       0x00000000        0x0 linker stubs
 *(.glue_7)
 .glue_7        0x00000000        0x0 linker stubs
 *(.gcc*)

.vfp11_veneer   0x08002a98        0x0
 .vfp11_veneer  0x00000000        0x0 linker stubs

.v4_bx          0x08002a98        0x0
 .v4_bx         0x00000000        0x0 linker stubs

.ARM.extab
 *(.ARM.extab* .gnu.linkonce.armextab.*)

.ARM.exidx      0x08002a98        0x0
                0x08002a98                PROVIDE (__exidx_start, .)
 *(.ARM.exidx* .gnu.linkonce.armexidx.*)
                0x08002a98                PROVIDE (__exidx_end, .)

.eh_frame_hdr
 *(.eh_frame_hdr)

.eh_frame
 *(.eh_frame)

.textalign      0x08002a98        0x0
                0x08002a98                . = ALIGN (0x8)
                0x08002a98                . = ALIGN (0x4)
                0x08002a98                _etext = .
                0x08002a98                _textdata = _etext

.stacks         0x20000000      0x800
                0x20000000                . = ALIGN (0x8)
                0x20000000                __main_stack_base__ = .
                0x20000400                . = (. + __main_stack_size__)
 *fill*         0x20000000      0x400 00
                0x20000400                . = ALIGN (0x8)
                0x20000400                __main_stack_end__ = .
                0x20000400                __process_stack_base__ = .
                0x20000400                __main_thread_stack_base__ = .
                0x20000800                . = (. + __process_stack_size__)
 *fill*         0x20000400      0x400 00
                0x20000800                . = ALIGN (0x8)
                0x20000800                __process_stack_end__ = .
                0x20000800                __main_thread_stack_end__ = .

.data           0x20000800        0x0 load address 0x08002a98
                0x20000800                . = ALIGN (0x4)
                0x20000800                PROVIDE (_data, .)
 *(.data)
 *(.data.*)
 *(.ramtext)
                0x20000800                . = ALIGN (0x4)
                0x20000800                PROVIDE (_edata, .)

.bss            0x20000800      0xb9c load address 0x08002a98
                0x20000800                . = ALIGN (0x4)
                0x20000800                PROVIDE (_bss_start, .)
 *(.bss)
 *(.bss.*)
 .bss.mainthread.4627
                0x20000800       0x48 build/obj/chsys.o
 .bss._idle_thread_wa
                0x20000848       0xe0 build/obj/chsys.o
                0x20000848                _idle_thread_wa
 .bss.vtlist    0x20000928       0x10 build/obj/chvt.o
                0x20000928                vtlist
 .bss.rlist     0x20000938       0x1c build/obj/chschd.o
                0x20000938                rlist
 .bss.endmem    0x20000954        0x4 build/obj/chmemcore.o
 .bss.nextmem   0x20000958        0x4 build/obj/chmemcore.o
 *fill*         0x2000095c        0x4 00
 .bss.default_heap
                0x20000960       0x20 build/obj/chheap.o
 .bss.measurement_offset
                0x20000980        0x4 build/obj/tm.o
 .bss.dma_isr_redir
                0x20000984       0x38 build/obj/stm32_dma.o
 .bss.dma_streams_mask
                0x200009bc        0x4 build/obj/stm32_dma.o
 .bss.ADCD1     0x200009c0       0x34 build/obj/adc_lld.o
                0x200009c0                ADCD1
 .bss.CAND1     0x200009f4       0x38 build/obj/can_lld.o
                0x200009f4                CAND1
 .bss.dummytx   0x20000a2c        0x2 build/obj/spi_lld.o
 *fill*         0x20000a2e        0x2 00
 .bss.SPID1     0x20000a30       0x30 build/obj/spi_lld.o
                0x20000a30                SPID1
 .bss.dummyrx   0x20000a60        0x2 build/obj/spi_lld.o
 *fill*         0x20000a62        0x6 00
 .bss.waThread1
                0x20000a68      0x150 build/obj/main.o
 .bss.watask20ms
                0x20000bb8      0x1d0 build/obj/main.o
 .bss.can_tx_wa
                0x20000d88      0x1d0 build/obj/can_comm.o
 .bss.rx_id     0x20000f58        0x2 build/obj/can_comm.o
 *fill*         0x20000f5a        0x2 00
 .bss.txmsg     0x20000f5c       0x10 build/obj/can_comm.o
 *fill*         0x20000f6c        0x4 00
 .bss.can_rx_wa
                0x20000f70      0x1d0 build/obj/can_comm.o
 .bss.switch_off
                0x20001140        0x1 build/obj/can_comm.o
 *fill*         0x20001141        0x7 00
 .bss.safety_wa
                0x20001148      0x1d0 build/obj/can_comm.o
 .bss.period    0x20001318        0x4 build/obj/can_comm.o
 .bss.switch_on
                0x2000131c        0x1 build/obj/can_comm.o
 *fill*         0x2000131d        0x1 00
 .bss.messages  0x2000131e        0x2 build/obj/can_comm.o
 .bss.canstate  0x20001320        0x1 build/obj/can_comm.o
                0x20001320                canstate
 *fill*         0x20001321        0x3 00
 .bss.rxmsg     0x20001324       0x14 build/obj/can_comm.o
 .bss.tx_id     0x20001338        0x2 build/obj/can_comm.o
 *fill*         0x2000133a        0x2 00
 .bss.txbuf_nop
                0x2000133c        0x4 build/obj/spi_comm.o
 .bss.measValue
                0x20001340       0x18 build/obj/meas.o
 .bss.measstate
                0x20001358        0x1 build/obj/meas.o
                0x20001358                measstate
 *fill*         0x20001359        0x3 00
 .bss.samples   0x2000135c       0x40 build/obj/meas.o
 *(COMMON)
                0x2000139c                . = ALIGN (0x4)
                0x2000139c                PROVIDE (_bss_end, .)
                0x2000139c                PROVIDE (end, .)
                0x2000139c                _end = .
                0x2000139c                __heap_base__ = _end
                0x20005000                __heap_end__ = __ram_end__
START GROUP
LOAD c:/program files (x86)/codesourcery/sourcery g++ lite/bin/../lib/gcc/arm-none-eabi/4.5.2/thumb2\libgcc.a
LOAD c:/program files (x86)/codesourcery/sourcery g++ lite/bin/../lib/gcc/arm-none-eabi/4.5.2/../../../../arm-none-eabi/lib/thumb2\libc.a
END GROUP
OUTPUT(build/luxcontrol.elf elf32-littlearm)

.debug_abbrev   0x00000000     0x68ac
 .debug_abbrev  0x00000000       0xe1 build/obj/crt0.o
 .debug_abbrev  0x000000e1       0xae build/obj/vectors.o
 .debug_abbrev  0x0000018f       0x41 build/obj/chcore.o
 .debug_abbrev  0x000001d0      0x178 build/obj/chcore_v7m.o
 .debug_abbrev  0x00000348       0xec build/obj/nvic.o
 .debug_abbrev  0x00000434      0x17c build/obj/chsys.o
 .debug_abbrev  0x000005b0       0x2a build/obj/chdebug.o
 .debug_abbrev  0x000005da      0x163 build/obj/chlists.o
 .debug_abbrev  0x0000073d      0x13b build/obj/chvt.o
 .debug_abbrev  0x00000878      0x264 build/obj/chschd.o
 .debug_abbrev  0x00000adc      0x24e build/obj/chthreads.o
 .debug_abbrev  0x00000d2a      0x172 build/obj/chdynamic.o
 .debug_abbrev  0x00000e9c      0x141 build/obj/chregistry.o
 .debug_abbrev  0x00000fdd      0x1d7 build/obj/chsem.o
 .debug_abbrev  0x000011b4      0x213 build/obj/chmtx.o
 .debug_abbrev  0x000013c7      0x1bf build/obj/chcond.o
 .debug_abbrev  0x00001586      0x1f9 build/obj/chevents.o
 .debug_abbrev  0x0000177f      0x128 build/obj/chmsg.o
 .debug_abbrev  0x000018a7      0x19d build/obj/chmboxes.o
 .debug_abbrev  0x00001a44      0x20d build/obj/chqueues.o
 .debug_abbrev  0x00001c51      0x14d build/obj/chmemcore.o
 .debug_abbrev  0x00001d9e      0x1c9 build/obj/chheap.o
 .debug_abbrev  0x00001f67      0x1e2 build/obj/chmempools.o
 .debug_abbrev  0x00002149      0x3e5 build/obj/test.o
 .debug_abbrev  0x0000252e      0x196 build/obj/testthd.o
 .debug_abbrev  0x000026c4      0x1cb build/obj/testsem.o
 .debug_abbrev  0x0000288f      0x277 build/obj/testmtx.o
 .debug_abbrev  0x00002b06      0x164 build/obj/testmsg.o
 .debug_abbrev  0x00002c6a      0x198 build/obj/testmbox.o
 .debug_abbrev  0x00002e02      0x1eb build/obj/testevt.o
 .debug_abbrev  0x00002fed      0x19d build/obj/testheap.o
 .debug_abbrev  0x0000318a      0x14a build/obj/testpools.o
 .debug_abbrev  0x000032d4      0x204 build/obj/testdyn.o
 .debug_abbrev  0x000034d8      0x1f5 build/obj/testqueues.o
 .debug_abbrev  0x000036cd      0x2b4 build/obj/testbmk.o
 .debug_abbrev  0x00003981      0x17d build/obj/hal.o
 .debug_abbrev  0x00003afe      0x276 build/obj/adc.o
 .debug_abbrev  0x00003d74      0x1ed build/obj/can.o
 .debug_abbrev  0x00003f61       0x4f build/obj/ext.o
 .debug_abbrev  0x00003fb0       0x4f build/obj/gpt.o
 .debug_abbrev  0x00003fff       0x4f build/obj/i2c.o
 .debug_abbrev  0x0000404e       0x4f build/obj/icu.o
 .debug_abbrev  0x0000409d       0x4f build/obj/mac.o
 .debug_abbrev  0x000040ec       0x4f build/obj/mmc_spi.o
 .debug_abbrev  0x0000413b       0x4f build/obj/mmcsd.o
 .debug_abbrev  0x0000418a       0xfc build/obj/pal.o
 .debug_abbrev  0x00004286       0x4f build/obj/pwm.o
 .debug_abbrev  0x000042d5       0x4f build/obj/rtc.o
 .debug_abbrev  0x00004324       0x4f build/obj/sdc.o
 .debug_abbrev  0x00004373       0x4f build/obj/serial.o
 .debug_abbrev  0x000043c2       0x4f build/obj/serial_usb.o
 .debug_abbrev  0x00004411      0x1fb build/obj/spi.o
 .debug_abbrev  0x0000460c      0x169 build/obj/tm.o
 .debug_abbrev  0x00004775       0x4f build/obj/uart.o
 .debug_abbrev  0x000047c4       0x4f build/obj/usb.o
 .debug_abbrev  0x00004813      0x18a build/obj/stm32_dma.o
 .debug_abbrev  0x0000499d       0xf6 build/obj/hal_lld.o
 .debug_abbrev  0x00004a93      0x231 build/obj/adc_lld.o
 .debug_abbrev  0x00004cc4       0x4f build/obj/ext_lld_isr.o
 .debug_abbrev  0x00004d13      0x318 build/obj/can_lld.o
 .debug_abbrev  0x0000502b       0x4f build/obj/ext_lld.o
 .debug_abbrev  0x0000507a       0x4f build/obj/mac_lld.o
 .debug_abbrev  0x000050c9       0x4f build/obj/sdc_lld.o
 .debug_abbrev  0x00005118      0x129 build/obj/pal_lld.o
 .debug_abbrev  0x00005241       0x4f build/obj/i2c_lld.o
 .debug_abbrev  0x00005290       0x4f build/obj/rtc_lld.o
 .debug_abbrev  0x000052df      0x256 build/obj/spi_lld.o
 .debug_abbrev  0x00005535       0x4f build/obj/gpt_lld.o
 .debug_abbrev  0x00005584       0x4f build/obj/icu_lld.o
 .debug_abbrev  0x000055d3       0x4f build/obj/pwm_lld.o
 .debug_abbrev  0x00005622       0x4f build/obj/serial_lld.o
 .debug_abbrev  0x00005671       0x4f build/obj/uart_lld.o
 .debug_abbrev  0x000056c0       0x4f build/obj/usb_lld.o
 .debug_abbrev  0x0000570f       0xa9 build/obj/board.o
 .debug_abbrev  0x000057b8      0x138 build/obj/evtimer.o
 .debug_abbrev  0x000058f0      0x1b5 build/obj/syscalls.o
 .debug_abbrev  0x00005aa5      0x322 build/obj/shell.o
 .debug_abbrev  0x00005dc7      0x204 build/obj/chprintf.o
 .debug_abbrev  0x00005fcb      0x19a build/obj/main.o
 .debug_abbrev  0x00006165      0x238 build/obj/can_comm.o
 .debug_abbrev  0x0000639d      0x106 build/obj/hw_test.o
 .debug_abbrev  0x000064a3      0x1b4 build/obj/spi_comm.o
 .debug_abbrev  0x00006657      0x255 build/obj/meas.o

.debug_info     0x00000000    0x1a65e
 .debug_info    0x00000000      0x342 build/obj/crt0.o
 .debug_info    0x00000342      0x1f4 build/obj/vectors.o
 .debug_info    0x00000536       0x92 build/obj/chcore.o
 .debug_info    0x000005c8      0x797 build/obj/chcore_v7m.o
 .debug_info    0x00000d5f      0x440 build/obj/nvic.o
 .debug_info    0x0000119f      0x79e build/obj/chsys.o
 .debug_info    0x0000193d       0x7a build/obj/chdebug.o
 .debug_info    0x000019b7      0x553 build/obj/chlists.o
 .debug_info    0x00001f0a      0x222 build/obj/chvt.o
 .debug_info    0x0000212c      0x7b4 build/obj/chschd.o
 .debug_info    0x000028e0      0x84e build/obj/chthreads.o
 .debug_info    0x0000312e      0x6a3 build/obj/chdynamic.o
 .debug_info    0x000037d1      0x602 build/obj/chregistry.o
 .debug_info    0x00003dd3      0x72c build/obj/chsem.o
 .debug_info    0x000044ff      0x6c0 build/obj/chmtx.o
 .debug_info    0x00004bbf      0x673 build/obj/chcond.o
 .debug_info    0x00005232      0x8b7 build/obj/chevents.o
 .debug_info    0x00005ae9      0x4ff build/obj/chmsg.o
 .debug_info    0x00005fe8      0x7c1 build/obj/chmboxes.o
 .debug_info    0x000067a9      0x8b9 build/obj/chqueues.o
 .debug_info    0x00007062      0x1e2 build/obj/chmemcore.o
 .debug_info    0x00007244      0x657 build/obj/chheap.o
 .debug_info    0x0000789b      0x36b build/obj/chmempools.o
 .debug_info    0x00007c06      0xed3 build/obj/test.o
 .debug_info    0x00008ad9      0x73b build/obj/testthd.o
 .debug_info    0x00009214      0x875 build/obj/testsem.o
 .debug_info    0x00009a89      0xbe3 build/obj/testmtx.o
 .debug_info    0x0000a66c      0x5a7 build/obj/testmsg.o
 .debug_info    0x0000ac13      0x642 build/obj/testmbox.o
 .debug_info    0x0000b255      0x90e build/obj/testevt.o
 .debug_info    0x0000bb63      0x690 build/obj/testheap.o
 .debug_info    0x0000c1f3      0x256 build/obj/testpools.o
 .debug_info    0x0000c449      0x912 build/obj/testdyn.o
 .debug_info    0x0000cd5b      0x843 build/obj/testqueues.o
 .debug_info    0x0000d59e      0xcd1 build/obj/testbmk.o
 .debug_info    0x0000e26f      0x2ff build/obj/hal.o
 .debug_info    0x0000e56e      0xbfa build/obj/adc.o
 .debug_info    0x0000f168      0xc8f build/obj/can.o
 .debug_info    0x0000fdf7       0xa6 build/obj/ext.o
 .debug_info    0x0000fe9d       0xa6 build/obj/gpt.o
 .debug_info    0x0000ff43       0xa6 build/obj/i2c.o
 .debug_info    0x0000ffe9       0xa6 build/obj/icu.o
 .debug_info    0x0001008f       0xa6 build/obj/mac.o
 .debug_info    0x00010135       0xa6 build/obj/mmc_spi.o
 .debug_info    0x000101db       0xa6 build/obj/mmcsd.o
 .debug_info    0x00010281      0x24b build/obj/pal.o
 .debug_info    0x000104cc       0xa6 build/obj/pwm.o
 .debug_info    0x00010572       0xa6 build/obj/rtc.o
 .debug_info    0x00010618       0xa6 build/obj/sdc.o
 .debug_info    0x000106be       0xa6 build/obj/serial.o
 .debug_info    0x00010764       0xa6 build/obj/serial_usb.o
 .debug_info    0x0001080a      0xbe6 build/obj/spi.o
 .debug_info    0x000113f0      0x2a9 build/obj/tm.o
 .debug_info    0x00011699       0xa6 build/obj/uart.o
 .debug_info    0x0001173f       0xa6 build/obj/usb.o
 .debug_info    0x000117e5      0x64e build/obj/stm32_dma.o
 .debug_info    0x00011e33      0x3b9 build/obj/hal_lld.o
 .debug_info    0x000121ec      0xb6a build/obj/adc_lld.o
 .debug_info    0x00012d56       0xa6 build/obj/ext_lld_isr.o
 .debug_info    0x00012dfc     0x109e build/obj/can_lld.o
 .debug_info    0x00013e9a       0xa6 build/obj/ext_lld.o
 .debug_info    0x00013f40       0xa6 build/obj/mac_lld.o
 .debug_info    0x00013fe6       0xa6 build/obj/sdc_lld.o
 .debug_info    0x0001408c      0x3a1 build/obj/pal_lld.o
 .debug_info    0x0001442d       0xa6 build/obj/i2c_lld.o
 .debug_info    0x000144d3       0xa6 build/obj/rtc_lld.o
 .debug_info    0x00014579      0xbf6 build/obj/spi_lld.o
 .debug_info    0x0001516f       0xa6 build/obj/gpt_lld.o
 .debug_info    0x00015215       0xa6 build/obj/icu_lld.o
 .debug_info    0x000152bb       0xa6 build/obj/pwm_lld.o
 .debug_info    0x00015361       0xa6 build/obj/serial_lld.o
 .debug_info    0x00015407       0xa6 build/obj/uart_lld.o
 .debug_info    0x000154ad       0xa6 build/obj/usb_lld.o
 .debug_info    0x00015553      0x18c build/obj/board.o
 .debug_info    0x000156df      0x59f build/obj/evtimer.o
 .debug_info    0x00015c7e      0xc38 build/obj/syscalls.o
 .debug_info    0x000168b6      0xcad build/obj/shell.o
 .debug_info    0x00017563      0x510 build/obj/chprintf.o
 .debug_info    0x00017a73      0x6da build/obj/main.o
 .debug_info    0x0001814d      0xe47 build/obj/can_comm.o
 .debug_info    0x00018f94      0x1ed build/obj/hw_test.o
 .debug_info    0x00019181      0xa2e build/obj/spi_comm.o
 .debug_info    0x00019baf      0xaaf build/obj/meas.o

.debug_line     0x00000000     0xb015
 .debug_line    0x00000000      0x17d build/obj/crt0.o
 .debug_line    0x0000017d       0xf0 build/obj/vectors.o
 .debug_line    0x0000026d       0x5e build/obj/chcore.o
 .debug_line    0x000002cb      0x255 build/obj/chcore_v7m.o
 .debug_line    0x00000520      0x12c build/obj/nvic.o
 .debug_line    0x0000064c      0x1df build/obj/chsys.o
 .debug_line    0x0000082b       0x1d build/obj/chdebug.o
 .debug_line    0x00000848      0x1fa build/obj/chlists.o
 .debug_line    0x00000a42      0x17d build/obj/chvt.o
 .debug_line    0x00000bbf      0x2f3 build/obj/chschd.o
 .debug_line    0x00000eb2      0x35d build/obj/chthreads.o
 .debug_line    0x0000120f      0x277 build/obj/chdynamic.o
 .debug_line    0x00001486      0x21b build/obj/chregistry.o
 .debug_line    0x000016a1      0x2ca build/obj/chsem.o
 .debug_line    0x0000196b      0x2ad build/obj/chmtx.o
 .debug_line    0x00001c18      0x23e build/obj/chcond.o
 .debug_line    0x00001e56      0x30b build/obj/chevents.o
 .debug_line    0x00002161      0x1b8 build/obj/chmsg.o
 .debug_line    0x00002319      0x2a2 build/obj/chmboxes.o
 .debug_line    0x000025bb      0x3a7 build/obj/chqueues.o
 .debug_line    0x00002962      0x19c build/obj/chmemcore.o
 .debug_line    0x00002afe      0x2cd build/obj/chheap.o
 .debug_line    0x00002dcb      0x252 build/obj/chmempools.o
 .debug_line    0x0000301d      0x4fd build/obj/test.o
 .debug_line    0x0000351a      0x218 build/obj/testthd.o
 .debug_line    0x00003732      0x30f build/obj/testsem.o
 .debug_line    0x00003a41      0x4b7 build/obj/testmtx.o
 .debug_line    0x00003ef8      0x1a6 build/obj/testmsg.o
 .debug_line    0x0000409e      0x2de build/obj/testmbox.o
 .debug_line    0x0000437c      0x2b8 build/obj/testevt.o
 .debug_line    0x00004634      0x259 build/obj/testheap.o
 .debug_line    0x0000488d      0x13d build/obj/testpools.o
 .debug_line    0x000049ca      0x33f build/obj/testdyn.o
 .debug_line    0x00004d09      0x492 build/obj/testqueues.o
 .debug_line    0x0000519b      0x60d build/obj/testbmk.o
 .debug_line    0x000057a8      0x24f build/obj/hal.o
 .debug_line    0x000059f7      0x3ca build/obj/adc.o
 .debug_line    0x00005dc1      0x33f build/obj/can.o
 .debug_line    0x00006100       0xe8 build/obj/ext.o
 .debug_line    0x000061e8       0xe8 build/obj/gpt.o
 .debug_line    0x000062d0       0xe8 build/obj/i2c.o
 .debug_line    0x000063b8       0xe8 build/obj/icu.o
 .debug_line    0x000064a0       0xe8 build/obj/mac.o
 .debug_line    0x00006588       0xe8 build/obj/mmc_spi.o
 .debug_line    0x00006670       0xe8 build/obj/mmcsd.o
 .debug_line    0x00006758      0x1ea build/obj/pal.o
 .debug_line    0x00006942       0xe8 build/obj/pwm.o
 .debug_line    0x00006a2a       0xe8 build/obj/rtc.o
 .debug_line    0x00006b12       0xe8 build/obj/sdc.o
 .debug_line    0x00006bfa       0xe8 build/obj/serial.o
 .debug_line    0x00006ce2       0xe8 build/obj/serial_usb.o
 .debug_line    0x00006dca      0x44d build/obj/spi.o
 .debug_line    0x00007217      0x217 build/obj/tm.o
 .debug_line    0x0000742e       0xe8 build/obj/uart.o
 .debug_line    0x00007516       0xe8 build/obj/usb.o
 .debug_line    0x000075fe      0x297 build/obj/stm32_dma.o
 .debug_line    0x00007895      0x1e6 build/obj/hal_lld.o
 .debug_line    0x00007a7b      0x3de build/obj/adc_lld.o
 .debug_line    0x00007e59       0xe8 build/obj/ext_lld_isr.o
 .debug_line    0x00007f41      0x4b8 build/obj/can_lld.o
 .debug_line    0x000083f9       0xe8 build/obj/ext_lld.o
 .debug_line    0x000084e1       0xe8 build/obj/mac_lld.o
 .debug_line    0x000085c9       0xe8 build/obj/sdc_lld.o
 .debug_line    0x000086b1      0x231 build/obj/pal_lld.o
 .debug_line    0x000088e2       0xe8 build/obj/i2c_lld.o
 .debug_line    0x000089ca       0xe8 build/obj/rtc_lld.o
 .debug_line    0x00008ab2      0x47a build/obj/spi_lld.o
 .debug_line    0x00008f2c       0xe8 build/obj/gpt_lld.o
 .debug_line    0x00009014       0xe8 build/obj/icu_lld.o
 .debug_line    0x000090fc       0xe8 build/obj/pwm_lld.o
 .debug_line    0x000091e4       0xe8 build/obj/serial_lld.o
 .debug_line    0x000092cc       0xe8 build/obj/uart_lld.o
 .debug_line    0x000093b4       0xe8 build/obj/usb_lld.o
 .debug_line    0x0000949c      0x159 build/obj/board.o
 .debug_line    0x000095f5      0x1ca build/obj/evtimer.o
 .debug_line    0x000097bf      0x1f3 build/obj/syscalls.o
 .debug_line    0x000099b2      0x43b build/obj/shell.o
 .debug_line    0x00009ded      0x35c build/obj/chprintf.o
 .debug_line    0x0000a149      0x276 build/obj/main.o
 .debug_line    0x0000a3bf      0x3b1 build/obj/can_comm.o
 .debug_line    0x0000a770      0x1b7 build/obj/hw_test.o
 .debug_line    0x0000a927      0x37f build/obj/spi_comm.o
 .debug_line    0x0000aca6      0x36f build/obj/meas.o

.debug_loc      0x00000000     0x86a2
 .debug_loc     0x00000000       0x72 build/obj/crt0.o
 .debug_loc     0x00000072      0x10f build/obj/chcore_v7m.o
 .debug_loc     0x00000181      0x10a build/obj/nvic.o
 .debug_loc     0x0000028b       0xbc build/obj/chsys.o
 .debug_loc     0x00000347       0xcc build/obj/chlists.o
 .debug_loc     0x00000413       0xc7 build/obj/chvt.o
 .debug_loc     0x000004da      0x339 build/obj/chschd.o
 .debug_loc     0x00000813      0x339 build/obj/chthreads.o
 .debug_loc     0x00000b4c      0x25d build/obj/chdynamic.o
 .debug_loc     0x00000da9       0x88 build/obj/chregistry.o
 .debug_loc     0x00000e31      0x346 build/obj/chsem.o
 .debug_loc     0x00001177      0x2c1 build/obj/chmtx.o
 .debug_loc     0x00001438      0x263 build/obj/chcond.o
 .debug_loc     0x0000169b      0x534 build/obj/chevents.o
 .debug_loc     0x00001bcf      0x10b build/obj/chmsg.o
 .debug_loc     0x00001cda      0x49a build/obj/chmboxes.o
 .debug_loc     0x00002174      0x508 build/obj/chqueues.o
 .debug_loc     0x0000267c       0xb8 build/obj/chmemcore.o
 .debug_loc     0x00002734      0x277 build/obj/chheap.o
 .debug_loc     0x000029ab      0x208 build/obj/chmempools.o
 .debug_loc     0x00002bb3      0x5aa build/obj/test.o
 .debug_loc     0x0000315d      0x16b build/obj/testthd.o
 .debug_loc     0x000032c8      0x290 build/obj/testsem.o
 .debug_loc     0x00003558      0x604 build/obj/testmtx.o
 .debug_loc     0x00003b5c       0xe0 build/obj/testmsg.o
 .debug_loc     0x00003c3c      0x245 build/obj/testmbox.o
 .debug_loc     0x00003e81      0x261 build/obj/testevt.o
 .debug_loc     0x000040e2      0x1ad build/obj/testheap.o
 .debug_loc     0x0000428f      0x107 build/obj/testpools.o
 .debug_loc     0x00004396      0x25e build/obj/testdyn.o
 .debug_loc     0x000045f4      0x385 build/obj/testqueues.o
 .debug_loc     0x00004979      0x58c build/obj/testbmk.o
 .debug_loc     0x00004f05       0x6f build/obj/hal.o
 .debug_loc     0x00004f74      0x322 build/obj/adc.o
 .debug_loc     0x00005296      0x2aa build/obj/can.o
 .debug_loc     0x00005540       0xaa build/obj/pal.o
 .debug_loc     0x000055ea      0x44a build/obj/spi.o
 .debug_loc     0x00005a34       0x77 build/obj/tm.o
 .debug_loc     0x00005aab      0x287 build/obj/stm32_dma.o
 .debug_loc     0x00005d32       0x20 build/obj/hal_lld.o
 .debug_loc     0x00005d52      0x2a3 build/obj/adc_lld.o
 .debug_loc     0x00005ff5      0x57a build/obj/can_lld.o
 .debug_loc     0x0000656f      0x511 build/obj/pal_lld.o
 .debug_loc     0x00006a80      0x318 build/obj/spi_lld.o
 .debug_loc     0x00006d98       0xc2 build/obj/evtimer.o
 .debug_loc     0x00006e5a      0x145 build/obj/syscalls.o
 .debug_loc     0x00006f9f      0x774 build/obj/shell.o
 .debug_loc     0x00007713      0x8b3 build/obj/chprintf.o
 .debug_loc     0x00007fc6       0xd3 build/obj/main.o
 .debug_loc     0x00008099       0xfe build/obj/can_comm.o
 .debug_loc     0x00008197       0x20 build/obj/hw_test.o
 .debug_loc     0x000081b7      0x1ae build/obj/spi_comm.o
 .debug_loc     0x00008365      0x33d build/obj/meas.o

.debug_pubnames
                0x00000000     0x1a90
 .debug_pubnames
                0x00000000       0x56 build/obj/crt0.o
 .debug_pubnames
                0x00000056       0x38 build/obj/vectors.o
 .debug_pubnames
                0x0000008e       0x20 build/obj/chcore.o
 .debug_pubnames
                0x000000ae       0xbd build/obj/chcore_v7m.o
 .debug_pubnames
                0x0000016b       0x5e build/obj/nvic.o
 .debug_pubnames
                0x000001c9       0x5c build/obj/chsys.o
 .debug_pubnames
                0x00000225       0x7f build/obj/chlists.o
 .debug_pubnames
                0x000002a4       0x46 build/obj/chvt.o
 .debug_pubnames
                0x000002ea       0xde build/obj/chschd.o
 .debug_pubnames
                0x000003c8       0xdf build/obj/chthreads.o
 .debug_pubnames
                0x000004a7       0x69 build/obj/chdynamic.o
 .debug_pubnames
                0x00000510       0x48 build/obj/chregistry.o
 .debug_pubnames
                0x00000558       0xd1 build/obj/chsem.o
 .debug_pubnames
                0x00000629       0x94 build/obj/chmtx.o
 .debug_pubnames
                0x000006bd       0xb9 build/obj/chcond.o
 .debug_pubnames
                0x00000776      0x14b build/obj/chevents.o
 .debug_pubnames
                0x000008c1       0x3f build/obj/chmsg.o
 .debug_pubnames
                0x00000900       0xba build/obj/chmboxes.o
 .debug_pubnames
                0x000009ba       0xb3 build/obj/chqueues.o
 .debug_pubnames
                0x00000a6d       0x53 build/obj/chmemcore.o
 .debug_pubnames
                0x00000ac0       0x60 build/obj/chheap.o
 .debug_pubnames
                0x00000b20       0x75 build/obj/chmempools.o
 .debug_pubnames
                0x00000b95      0x158 build/obj/test.o
 .debug_pubnames
                0x00000ced       0x55 build/obj/testthd.o
 .debug_pubnames
                0x00000d42       0x55 build/obj/testsem.o
 .debug_pubnames
                0x00000d97       0x89 build/obj/testmtx.o
 .debug_pubnames
                0x00000e20       0x2e build/obj/testmsg.o
 .debug_pubnames
                0x00000e4e       0x30 build/obj/testmbox.o
 .debug_pubnames
                0x00000e7e       0x48 build/obj/testevt.o
 .debug_pubnames
                0x00000ec6       0x30 build/obj/testheap.o
 .debug_pubnames
                0x00000ef6       0x32 build/obj/testpools.o
 .debug_pubnames
                0x00000f28       0x48 build/obj/testdyn.o
 .debug_pubnames
                0x00000f70       0x44 build/obj/testqueues.o
 .debug_pubnames
                0x00000fb4       0xda build/obj/testbmk.o
 .debug_pubnames
                0x0000108e       0x48 build/obj/hal.o
 .debug_pubnames
                0x000010d6       0xd8 build/obj/adc.o
 .debug_pubnames
                0x000011ae       0x83 build/obj/can.o
 .debug_pubnames
                0x00001231       0x43 build/obj/pal.o
 .debug_pubnames
                0x00001274      0x111 build/obj/spi.o
 .debug_pubnames
                0x00001385       0x2e build/obj/tm.o
 .debug_pubnames
                0x000013b3       0xbb build/obj/stm32_dma.o
 .debug_pubnames
                0x0000146e       0x38 build/obj/hal_lld.o
 .debug_pubnames
                0x000014a6       0x89 build/obj/adc_lld.o
 .debug_pubnames
                0x0000152f      0x11c build/obj/can_lld.o
 .debug_pubnames
                0x0000164b       0x3e build/obj/pal_lld.o
 .debug_pubnames
                0x00001689       0xe1 build/obj/spi_lld.o
 .debug_pubnames
                0x0000176a       0x48 build/obj/board.o
 .debug_pubnames
                0x000017b2       0x2b build/obj/evtimer.o
 .debug_pubnames
                0x000017dd       0x6c build/obj/syscalls.o
 .debug_pubnames
                0x00001849       0x7a build/obj/shell.o
 .debug_pubnames
                0x000018c3       0x2f build/obj/chprintf.o
 .debug_pubnames
                0x000018f2       0x1b build/obj/main.o
 .debug_pubnames
                0x0000190d       0x40 build/obj/can_comm.o
 .debug_pubnames
                0x0000194d       0x32 build/obj/hw_test.o
 .debug_pubnames
                0x0000197f       0x9e build/obj/spi_comm.o
 .debug_pubnames
                0x00001a1d       0x73 build/obj/meas.o

.debug_pubtypes
                0x00000000     0x4af3
 .debug_pubtypes
                0x00000000       0x44 build/obj/crt0.o
 .debug_pubtypes
                0x00000044       0x3e build/obj/vectors.o
 .debug_pubtypes
                0x00000082       0x12 build/obj/chcore.o
 .debug_pubtypes
                0x00000094      0x132 build/obj/chcore_v7m.o
 .debug_pubtypes
                0x000001c6       0x38 build/obj/nvic.o
 .debug_pubtypes
                0x000001fe      0x198 build/obj/chsys.o
 .debug_pubtypes
                0x00000396       0x12 build/obj/chdebug.o
 .debug_pubtypes
                0x000003a8      0x10d build/obj/chlists.o
 .debug_pubtypes
                0x000004b5       0x67 build/obj/chvt.o
 .debug_pubtypes
                0x0000051c      0x170 build/obj/chschd.o
 .debug_pubtypes
                0x0000068c      0x16c build/obj/chthreads.o
 .debug_pubtypes
                0x000007f8      0x19f build/obj/chdynamic.o
 .debug_pubtypes
                0x00000997      0x141 build/obj/chregistry.o
 .debug_pubtypes
                0x00000ad8      0x141 build/obj/chsem.o
 .debug_pubtypes
                0x00000c19      0x126 build/obj/chmtx.o
 .debug_pubtypes
                0x00000d3f      0x133 build/obj/chcond.o
 .debug_pubtypes
                0x00000e72      0x18d build/obj/chevents.o
 .debug_pubtypes
                0x00000fff      0x11b build/obj/chmsg.o
 .debug_pubtypes
                0x0000111a      0x13f build/obj/chmboxes.o
 .debug_pubtypes
                0x00001259      0x180 build/obj/chqueues.o
 .debug_pubtypes
                0x000013d9       0x29 build/obj/chmemcore.o
 .debug_pubtypes
                0x00001402      0x174 build/obj/chheap.o
 .debug_pubtypes
                0x00001576       0x59 build/obj/chmempools.o
 .debug_pubtypes
                0x000015cf      0x1da build/obj/test.o
 .debug_pubtypes
                0x000017a9      0x162 build/obj/testthd.o
 .debug_pubtypes
                0x0000190b      0x19c build/obj/testsem.o
 .debug_pubtypes
                0x00001aa7      0x185 build/obj/testmtx.o
 .debug_pubtypes
                0x00001c2c      0x128 build/obj/testmsg.o
 .debug_pubtypes
                0x00001d54      0x179 build/obj/testmbox.o
 .debug_pubtypes
                0x00001ecd      0x1d4 build/obj/testevt.o
 .debug_pubtypes
                0x000020a1      0x192 build/obj/testheap.o
 .debug_pubtypes
                0x00002233       0x5a build/obj/testpools.o
 .debug_pubtypes
                0x0000228d      0x1ca build/obj/testdyn.o
 .debug_pubtypes
                0x00002457      0x1ba build/obj/testqueues.o
 .debug_pubtypes
                0x00002611      0x1d2 build/obj/testbmk.o
 .debug_pubtypes
                0x000027e3       0x76 build/obj/hal.o
 .debug_pubtypes
                0x00002859      0x22c build/obj/adc.o
 .debug_pubtypes
                0x00002a85      0x24f build/obj/can.o
 .debug_pubtypes
                0x00002cd4       0x1e build/obj/ext.o
 .debug_pubtypes
                0x00002cf2       0x1e build/obj/gpt.o
 .debug_pubtypes
                0x00002d10       0x1e build/obj/i2c.o
 .debug_pubtypes
                0x00002d2e       0x1e build/obj/icu.o
 .debug_pubtypes
                0x00002d4c       0x1e build/obj/mac.o
 .debug_pubtypes
                0x00002d6a       0x1e build/obj/mmc_spi.o
 .debug_pubtypes
                0x00002d88       0x1e build/obj/mmcsd.o
 .debug_pubtypes
                0x00002da6       0x84 build/obj/pal.o
 .debug_pubtypes
                0x00002e2a       0x1e build/obj/pwm.o
 .debug_pubtypes
                0x00002e48       0x1e build/obj/rtc.o
 .debug_pubtypes
                0x00002e66       0x1e build/obj/sdc.o
 .debug_pubtypes
                0x00002e84       0x1e build/obj/serial.o
 .debug_pubtypes
                0x00002ea2       0x1e build/obj/serial_usb.o
 .debug_pubtypes
                0x00002ec0      0x1dd build/obj/spi.o
 .debug_pubtypes
                0x0000309d       0x6e build/obj/tm.o
 .debug_pubtypes
                0x0000310b       0x1e build/obj/uart.o
 .debug_pubtypes
                0x00003129       0x1e build/obj/usb.o
 .debug_pubtypes
                0x00003147       0xce build/obj/stm32_dma.o
 .debug_pubtypes
                0x00003215       0x93 build/obj/hal_lld.o
 .debug_pubtypes
                0x000032a8      0x241 build/obj/adc_lld.o
 .debug_pubtypes
                0x000034e9       0x1e build/obj/ext_lld_isr.o
 .debug_pubtypes
                0x00003507      0x278 build/obj/can_lld.o
 .debug_pubtypes
                0x0000377f       0x1e build/obj/ext_lld.o
 .debug_pubtypes
                0x0000379d       0x1e build/obj/mac_lld.o
 .debug_pubtypes
                0x000037bb       0x1e build/obj/sdc_lld.o
 .debug_pubtypes
                0x000037d9       0xaa build/obj/pal_lld.o
 .debug_pubtypes
                0x00003883       0x1e build/obj/i2c_lld.o
 .debug_pubtypes
                0x000038a1       0x1e build/obj/rtc_lld.o
 .debug_pubtypes
                0x000038bf      0x20e build/obj/spi_lld.o
 .debug_pubtypes
                0x00003acd       0x1e build/obj/gpt_lld.o
 .debug_pubtypes
                0x00003aeb       0x1e build/obj/icu_lld.o
 .debug_pubtypes
                0x00003b09       0x1e build/obj/pwm_lld.o
 .debug_pubtypes
                0x00003b27       0x1e build/obj/serial_lld.o
 .debug_pubtypes
                0x00003b45       0x1e build/obj/uart_lld.o
 .debug_pubtypes
                0x00003b63       0x1e build/obj/usb_lld.o
 .debug_pubtypes
                0x00003b81       0x50 build/obj/board.o
 .debug_pubtypes
                0x00003bd1      0x19c build/obj/evtimer.o
 .debug_pubtypes
                0x00003d6d      0x19b build/obj/syscalls.o
 .debug_pubtypes
                0x00003f08      0x251 build/obj/shell.o
 .debug_pubtypes
                0x00004159       0xce build/obj/chprintf.o
 .debug_pubtypes
                0x00004227      0x193 build/obj/main.o
 .debug_pubtypes
                0x000043ba      0x2c7 build/obj/can_comm.o
 .debug_pubtypes
                0x00004681       0x59 build/obj/hw_test.o
 .debug_pubtypes
                0x000046da      0x1cf build/obj/spi_comm.o
 .debug_pubtypes
                0x000048a9      0x24a build/obj/meas.o

.debug_aranges  0x00000000     0x11d0
 .debug_aranges
                0x00000000       0x38 build/obj/crt0.o
 .debug_aranges
                0x00000038       0x20 build/obj/vectors.o
 .debug_aranges
                0x00000058       0x20 build/obj/chcore.o
 .debug_aranges
                0x00000078       0x60 build/obj/chcore_v7m.o
 .debug_aranges
                0x000000d8       0x30 build/obj/nvic.o
 .debug_aranges
                0x00000108       0x30 build/obj/chsys.o
 .debug_aranges
                0x00000138       0x50 build/obj/chlists.o
 .debug_aranges
                0x00000188       0x30 build/obj/chvt.o
 .debug_aranges
                0x000001b8       0x68 build/obj/chschd.o
 .debug_aranges
                0x00000220       0x78 build/obj/chthreads.o
 .debug_aranges
                0x00000298       0x38 build/obj/chdynamic.o
 .debug_aranges
                0x000002d0       0x28 build/obj/chregistry.o
 .debug_aranges
                0x000002f8       0x70 build/obj/chsem.o
 .debug_aranges
                0x00000368       0x58 build/obj/chmtx.o
 .debug_aranges
                0x000003c0       0x60 build/obj/chcond.o
 .debug_aranges
                0x00000420       0x88 build/obj/chevents.o
 .debug_aranges
                0x000004a8       0x30 build/obj/chmsg.o
 .debug_aranges
                0x000004d8       0x70 build/obj/chmboxes.o
 .debug_aranges
                0x00000548       0x70 build/obj/chqueues.o
 .debug_aranges
                0x000005b8       0x38 build/obj/chmemcore.o
 .debug_aranges
                0x000005f0       0x40 build/obj/chheap.o
 .debug_aranges
                0x00000630       0x48 build/obj/chmempools.o
 .debug_aranges
                0x00000678       0x98 build/obj/test.o
 .debug_aranges
                0x00000710       0x40 build/obj/testthd.o
 .debug_aranges
                0x00000750       0x70 build/obj/testsem.o
 .debug_aranges
                0x000007c0      0x108 build/obj/testmtx.o
 .debug_aranges
                0x000008c8       0x28 build/obj/testmsg.o
 .debug_aranges
                0x000008f0       0x28 build/obj/testmbox.o
 .debug_aranges
                0x00000918       0x70 build/obj/testevt.o
 .debug_aranges
                0x00000988       0x28 build/obj/testheap.o
 .debug_aranges
                0x000009b0       0x30 build/obj/testpools.o
 .debug_aranges
                0x000009e0       0x58 build/obj/testdyn.o
 .debug_aranges
                0x00000a38       0x50 build/obj/testqueues.o
 .debug_aranges
                0x00000a88       0xd0 build/obj/testbmk.o
 .debug_aranges
                0x00000b58       0x30 build/obj/hal.o
 .debug_aranges
                0x00000b88       0x70 build/obj/adc.o
 .debug_aranges
                0x00000bf8       0x58 build/obj/can.o
 .debug_aranges
                0x00000c50       0x30 build/obj/pal.o
 .debug_aranges
                0x00000c80       0x98 build/obj/spi.o
 .debug_aranges
                0x00000d18       0x38 build/obj/tm.o
 .debug_aranges
                0x00000d50       0x68 build/obj/stm32_dma.o
 .debug_aranges
                0x00000db8       0x28 build/obj/hal_lld.o
 .debug_aranges
                0x00000de0       0x48 build/obj/adc_lld.o
 .debug_aranges
                0x00000e28       0x90 build/obj/can_lld.o
 .debug_aranges
                0x00000eb8       0x28 build/obj/pal_lld.o
 .debug_aranges
                0x00000ee0       0x78 build/obj/spi_lld.o
 .debug_aranges
                0x00000f58       0x28 build/obj/board.o
 .debug_aranges
                0x00000f80       0x30 build/obj/evtimer.o
 .debug_aranges
                0x00000fb0       0x50 build/obj/syscalls.o
 .debug_aranges
                0x00001000       0x78 build/obj/shell.o
 .debug_aranges
                0x00001078       0x30 build/obj/chprintf.o
 .debug_aranges
                0x000010a8       0x30 build/obj/main.o
 .debug_aranges
                0x000010d8       0x38 build/obj/can_comm.o
 .debug_aranges
                0x00001110       0x28 build/obj/hw_test.o
 .debug_aranges
                0x00001138       0x58 build/obj/spi_comm.o
 .debug_aranges
                0x00001190       0x40 build/obj/meas.o

.debug_ranges   0x00000000     0x1260
 .debug_ranges  0x00000000       0x58 build/obj/crt0.o
 .debug_ranges  0x00000058       0x10 build/obj/vectors.o
 .debug_ranges  0x00000068       0x10 build/obj/chcore.o
 .debug_ranges  0x00000078       0x68 build/obj/chcore_v7m.o
 .debug_ranges  0x000000e0       0x20 build/obj/nvic.o
 .debug_ranges  0x00000100       0x20 build/obj/chsys.o
 .debug_ranges  0x00000120       0x40 build/obj/chlists.o
 .debug_ranges  0x00000160       0x20 build/obj/chvt.o
 .debug_ranges  0x00000180      0x110 build/obj/chschd.o
 .debug_ranges  0x00000290       0x68 build/obj/chthreads.o
 .debug_ranges  0x000002f8       0x28 build/obj/chdynamic.o
 .debug_ranges  0x00000320       0x18 build/obj/chregistry.o
 .debug_ranges  0x00000338       0x78 build/obj/chsem.o
 .debug_ranges  0x000003b0       0x90 build/obj/chmtx.o
 .debug_ranges  0x00000440       0x50 build/obj/chcond.o
 .debug_ranges  0x00000490       0x78 build/obj/chevents.o
 .debug_ranges  0x00000508       0x20 build/obj/chmsg.o
 .debug_ranges  0x00000528       0x60 build/obj/chmboxes.o
 .debug_ranges  0x00000588       0x90 build/obj/chqueues.o
 .debug_ranges  0x00000618       0x28 build/obj/chmemcore.o
 .debug_ranges  0x00000640       0x30 build/obj/chheap.o
 .debug_ranges  0x00000670       0xe0 build/obj/chmempools.o
 .debug_ranges  0x00000750       0xe0 build/obj/test.o
 .debug_ranges  0x00000830       0x30 build/obj/testthd.o
 .debug_ranges  0x00000860       0x60 build/obj/testsem.o
 .debug_ranges  0x000008c0       0xf8 build/obj/testmtx.o
 .debug_ranges  0x000009b8       0x18 build/obj/testmsg.o
 .debug_ranges  0x000009d0       0x18 build/obj/testmbox.o
 .debug_ranges  0x000009e8       0x60 build/obj/testevt.o
 .debug_ranges  0x00000a48       0x18 build/obj/testheap.o
 .debug_ranges  0x00000a60       0x20 build/obj/testpools.o
 .debug_ranges  0x00000a80       0x48 build/obj/testdyn.o
 .debug_ranges  0x00000ac8       0x40 build/obj/testqueues.o
 .debug_ranges  0x00000b08       0xc0 build/obj/testbmk.o
 .debug_ranges  0x00000bc8       0x20 build/obj/hal.o
 .debug_ranges  0x00000be8       0x78 build/obj/adc.o
 .debug_ranges  0x00000c60       0x78 build/obj/can.o
 .debug_ranges  0x00000cd8       0x20 build/obj/pal.o
 .debug_ranges  0x00000cf8       0x88 build/obj/spi.o
 .debug_ranges  0x00000d80       0x50 build/obj/tm.o
 .debug_ranges  0x00000dd0       0x58 build/obj/stm32_dma.o
 .debug_ranges  0x00000e28       0x30 build/obj/hal_lld.o
 .debug_ranges  0x00000e58       0x70 build/obj/adc_lld.o
 .debug_ranges  0x00000ec8       0xb0 build/obj/can_lld.o
 .debug_ranges  0x00000f78       0x18 build/obj/pal_lld.o
 .debug_ranges  0x00000f90       0x68 build/obj/spi_lld.o
 .debug_ranges  0x00000ff8       0x18 build/obj/board.o
 .debug_ranges  0x00001010       0x20 build/obj/evtimer.o
 .debug_ranges  0x00001030       0x40 build/obj/syscalls.o
 .debug_ranges  0x00001070       0xb8 build/obj/shell.o
 .debug_ranges  0x00001128       0x60 build/obj/chprintf.o
 .debug_ranges  0x00001188       0x20 build/obj/main.o
 .debug_ranges  0x000011a8       0x28 build/obj/can_comm.o
 .debug_ranges  0x000011d0       0x18 build/obj/hw_test.o
 .debug_ranges  0x000011e8       0x48 build/obj/spi_comm.o
 .debug_ranges  0x00001230       0x30 build/obj/meas.o

.debug_str      0x00000000     0x3e2c
 .debug_str     0x00000000      0x1e4 build/obj/crt0.o
                                0x218 (size before relaxing)
 .debug_str     0x000001e4      0x147 build/obj/vectors.o
                                0x23f (size before relaxing)
 .debug_str     0x0000032b       0x38 build/obj/chcore.o
                                0x112 (size before relaxing)
 .debug_str     0x00000363      0x2ad build/obj/chcore_v7m.o
                                0x3b5 (size before relaxing)
 .debug_str     0x00000610       0xbe build/obj/nvic.o
                                0x209 (size before relaxing)
 .debug_str     0x000006ce      0x1ce build/obj/chsys.o
                                0x45f (size before relaxing)
 .debug_str     0x0000089c       0x29 build/obj/chdebug.o
                                0x103 (size before relaxing)
 .debug_str     0x000008c5       0x7a build/obj/chlists.o
                                0x2c4 (size before relaxing)
 .debug_str     0x0000093f       0x4a build/obj/chvt.o
                                0x192 (size before relaxing)
 .debug_str     0x00000989       0xdd build/obj/chschd.o
                                0x3bf (size before relaxing)
 .debug_str     0x00000a66       0xdf build/obj/chthreads.o
                                0x3d5 (size before relaxing)
 .debug_str     0x00000b45       0xf7 build/obj/chdynamic.o
                                0x38e (size before relaxing)
 .debug_str     0x00000c3c       0x4d build/obj/chregistry.o
                                0x3d5 (size before relaxing)
 .debug_str     0x00000c89       0xba build/obj/chsem.o
                                0x366 (size before relaxing)
 .debug_str     0x00000d43       0x90 build/obj/chmtx.o
                                0x321 (size before relaxing)
 .debug_str     0x00000dd3       0xbb build/obj/chcond.o
                                0x349 (size before relaxing)
 .debug_str     0x00000e8e      0x19d build/obj/chevents.o
                                0x436 (size before relaxing)
 .debug_str     0x0000102b       0x48 build/obj/chmsg.o
                                0x2d1 (size before relaxing)
 .debug_str     0x00001073       0xed build/obj/chmboxes.o
                                0x35a (size before relaxing)
 .debug_str     0x00001160      0x124 build/obj/chqueues.o
                                0x3ca (size before relaxing)
 .debug_str     0x00001284       0x86 build/obj/chmemcore.o
                                0x174 (size before relaxing)
 .debug_str     0x0000130a       0x75 build/obj/chheap.o
                                0x33d (size before relaxing)
 .debug_str     0x0000137f       0x77 build/obj/chmempools.o
                                0x1c2 (size before relaxing)
 .debug_str     0x000013f6      0x26f build/obj/test.o
                                0x5b9 (size before relaxing)
 .debug_str     0x00001665       0x78 build/obj/testthd.o
                                0x3a0 (size before relaxing)
 .debug_str     0x000016dd       0xe1 build/obj/testsem.o
                                0x41b (size before relaxing)
 .debug_str     0x000017be      0x19f build/obj/testmtx.o
                                0x4df (size before relaxing)
 .debug_str     0x0000195d       0x36 build/obj/testmsg.o
                                0x2fe (size before relaxing)
 .debug_str     0x00001993       0x4a build/obj/testmbox.o
                                0x357 (size before relaxing)
 .debug_str     0x000019dd       0x8a build/obj/testevt.o
                                0x426 (size before relaxing)
 .debug_str     0x00001a67       0x4f build/obj/testheap.o
                                0x35b (size before relaxing)
 .debug_str     0x00001ab6       0x57 build/obj/testpools.o
                                0x1be (size before relaxing)
 .debug_str     0x00001b0d       0x91 build/obj/testdyn.o
                                0x43e (size before relaxing)
 .debug_str     0x00001b9e       0x77 build/obj/testqueues.o
                                0x3fe (size before relaxing)
 .debug_str     0x00001c15      0x184 build/obj/testbmk.o
                                0x558 (size before relaxing)
 .debug_str     0x00001d99       0xf7 build/obj/hal.o
                                0x1fc (size before relaxing)
 .debug_str     0x00001e90      0x29d build/obj/adc.o
                                0x575 (size before relaxing)
 .debug_str     0x0000212d      0x253 build/obj/can.o
                                0x53e (size before relaxing)
 .debug_str     0x00002380       0x22 build/obj/ext.o
                                0x111 (size before relaxing)
 .debug_str     0x000023a2       0x22 build/obj/gpt.o
                                0x111 (size before relaxing)
 .debug_str     0x000023c4       0x22 build/obj/i2c.o
                                0x111 (size before relaxing)
 .debug_str     0x000023e6       0x22 build/obj/icu.o
                                0x111 (size before relaxing)
 .debug_str     0x00002408       0x22 build/obj/mac.o
                                0x111 (size before relaxing)
 .debug_str     0x0000242a       0x26 build/obj/mmc_spi.o
                                0x115 (size before relaxing)
 .debug_str     0x00002450       0x24 build/obj/mmcsd.o
                                0x113 (size before relaxing)
 .debug_str     0x00002474       0x9e build/obj/pal.o
                                0x1a7 (size before relaxing)
 .debug_str     0x00002512       0x22 build/obj/pwm.o
                                0x111 (size before relaxing)
 .debug_str     0x00002534       0x22 build/obj/rtc.o
                                0x111 (size before relaxing)
 .debug_str     0x00002556       0x22 build/obj/sdc.o
                                0x111 (size before relaxing)
 .debug_str     0x00002578       0x25 build/obj/serial.o
                                0x114 (size before relaxing)
 .debug_str     0x0000259d       0x29 build/obj/serial_usb.o
                                0x118 (size before relaxing)
 .debug_str     0x000025c6      0x1ce build/obj/spi.o
                                0x54f (size before relaxing)
 .debug_str     0x00002794       0x74 build/obj/tm.o
                                0x1c6 (size before relaxing)
 .debug_str     0x00002808       0x23 build/obj/uart.o
                                0x112 (size before relaxing)
 .debug_str     0x0000282b       0x22 build/obj/usb.o
                                0x111 (size before relaxing)
 .debug_str     0x0000284d      0x422 build/obj/stm32_dma.o
                                0x5b0 (size before relaxing)
 .debug_str     0x00002c6f       0xd7 build/obj/hal_lld.o
                                0x25b (size before relaxing)
 .debug_str     0x00002d46       0xc0 build/obj/adc_lld.o
                                0x5a6 (size before relaxing)
 .debug_str     0x00002e06       0x3a build/obj/ext_lld_isr.o
                                0x129 (size before relaxing)
 .debug_str     0x00002e40      0x1ba build/obj/can_lld.o
                                0x6ce (size before relaxing)
 .debug_str     0x00002ffa       0x32 build/obj/ext_lld.o
                                0x121 (size before relaxing)
 .debug_str     0x0000302c       0x32 build/obj/mac_lld.o
                                0x121 (size before relaxing)
 .debug_str     0x0000305e       0x32 build/obj/sdc_lld.o
                                0x121 (size before relaxing)
 .debug_str     0x00003090       0x64 build/obj/pal_lld.o
                                0x231 (size before relaxing)
 .debug_str     0x000030f4       0x38 build/obj/i2c_lld.o
                                0x127 (size before relaxing)
 .debug_str     0x0000312c       0x38 build/obj/rtc_lld.o
                                0x127 (size before relaxing)
 .debug_str     0x00003164      0x127 build/obj/spi_lld.o
                                0x5d1 (size before relaxing)
 .debug_str     0x0000328b       0x38 build/obj/gpt_lld.o
                                0x127 (size before relaxing)
 .debug_str     0x000032c3       0x38 build/obj/icu_lld.o
                                0x127 (size before relaxing)
 .debug_str     0x000032fb       0x38 build/obj/pwm_lld.o
                                0x127 (size before relaxing)
 .debug_str     0x00003333       0x3d build/obj/serial_lld.o
                                0x12c (size before relaxing)
 .debug_str     0x00003370       0x3b build/obj/uart_lld.o
                                0x12a (size before relaxing)
 .debug_str     0x000033ab       0x38 build/obj/usb_lld.o
                                0x127 (size before relaxing)
 .debug_str     0x000033e3       0x1b build/obj/board.o
                                0x173 (size before relaxing)
 .debug_str     0x000033fe       0x5d build/obj/evtimer.o
                                0x337 (size before relaxing)
 .debug_str     0x0000345b      0x4a9 build/obj/syscalls.o
                                0x5ec (size before relaxing)
 .debug_str     0x00003904      0x157 build/obj/shell.o
                                0x508 (size before relaxing)
 .debug_str     0x00003a5b       0xbe build/obj/chprintf.o
                                0x235 (size before relaxing)
 .debug_str     0x00003b19       0x25 build/obj/main.o
                                0x35f (size before relaxing)
 .debug_str     0x00003b3e      0x170 build/obj/can_comm.o
                                0x697 (size before relaxing)
 .debug_str     0x00003cae       0x35 build/obj/hw_test.o
                                0x162 (size before relaxing)
 .debug_str     0x00003ce3       0x9a build/obj/spi_comm.o
                                0x4ca (size before relaxing)
 .debug_str     0x00003d7d       0xaf build/obj/meas.o
                                0x58b (size before relaxing)

.comment        0x00000000       0x2a
 .comment       0x00000000       0x2a build/obj/crt0.o
                                 0x2b (size before relaxing)
 .comment       0x00000000       0x2b build/obj/vectors.o
 .comment       0x00000000       0x2b build/obj/chcore.o
 .comment       0x00000000       0x2b build/obj/chcore_v7m.o
 .comment       0x00000000       0x2b build/obj/nvic.o
 .comment       0x00000000       0x2b build/obj/chsys.o
 .comment       0x00000000       0x2b build/obj/chdebug.o
 .comment       0x00000000       0x2b build/obj/chlists.o
 .comment       0x00000000       0x2b build/obj/chvt.o
 .comment       0x00000000       0x2b build/obj/chschd.o
 .comment       0x00000000       0x2b build/obj/chthreads.o
 .comment       0x00000000       0x2b build/obj/chdynamic.o
 .comment       0x00000000       0x2b build/obj/chregistry.o
 .comment       0x00000000       0x2b build/obj/chsem.o
 .comment       0x00000000       0x2b build/obj/chmtx.o
 .comment       0x00000000       0x2b build/obj/chcond.o
 .comment       0x00000000       0x2b build/obj/chevents.o
 .comment       0x00000000       0x2b build/obj/chmsg.o
 .comment       0x00000000       0x2b build/obj/chmboxes.o
 .comment       0x00000000       0x2b build/obj/chqueues.o
 .comment       0x00000000       0x2b build/obj/chmemcore.o
 .comment       0x00000000       0x2b build/obj/chheap.o
 .comment       0x00000000       0x2b build/obj/chmempools.o
 .comment       0x00000000       0x2b build/obj/test.o
 .comment       0x00000000       0x2b build/obj/testthd.o
 .comment       0x00000000       0x2b build/obj/testsem.o
 .comment       0x00000000       0x2b build/obj/testmtx.o
 .comment       0x00000000       0x2b build/obj/testmsg.o
 .comment       0x00000000       0x2b build/obj/testmbox.o
 .comment       0x00000000       0x2b build/obj/testevt.o
 .comment       0x00000000       0x2b build/obj/testheap.o
 .comment       0x00000000       0x2b build/obj/testpools.o
 .comment       0x00000000       0x2b build/obj/testdyn.o
 .comment       0x00000000       0x2b build/obj/testqueues.o
 .comment       0x00000000       0x2b build/obj/testbmk.o
 .comment       0x00000000       0x2b build/obj/hal.o
 .comment       0x00000000       0x2b build/obj/adc.o
 .comment       0x00000000       0x2b build/obj/can.o
 .comment       0x00000000       0x2b build/obj/ext.o
 .comment       0x00000000       0x2b build/obj/gpt.o
 .comment       0x00000000       0x2b build/obj/i2c.o
 .comment       0x00000000       0x2b build/obj/icu.o
 .comment       0x00000000       0x2b build/obj/mac.o
 .comment       0x00000000       0x2b build/obj/mmc_spi.o
 .comment       0x00000000       0x2b build/obj/mmcsd.o
 .comment       0x00000000       0x2b build/obj/pal.o
 .comment       0x00000000       0x2b build/obj/pwm.o
 .comment       0x00000000       0x2b build/obj/rtc.o
 .comment       0x00000000       0x2b build/obj/sdc.o
 .comment       0x00000000       0x2b build/obj/serial.o
 .comment       0x00000000       0x2b build/obj/serial_usb.o
 .comment       0x00000000       0x2b build/obj/spi.o
 .comment       0x00000000       0x2b build/obj/tm.o
 .comment       0x00000000       0x2b build/obj/uart.o
 .comment       0x00000000       0x2b build/obj/usb.o
 .comment       0x00000000       0x2b build/obj/stm32_dma.o
 .comment       0x00000000       0x2b build/obj/hal_lld.o
 .comment       0x00000000       0x2b build/obj/adc_lld.o
 .comment       0x00000000       0x2b build/obj/ext_lld_isr.o
 .comment       0x00000000       0x2b build/obj/can_lld.o
 .comment       0x00000000       0x2b build/obj/ext_lld.o
 .comment       0x00000000       0x2b build/obj/mac_lld.o
 .comment       0x00000000       0x2b build/obj/sdc_lld.o
 .comment       0x00000000       0x2b build/obj/pal_lld.o
 .comment       0x00000000       0x2b build/obj/i2c_lld.o
 .comment       0x00000000       0x2b build/obj/rtc_lld.o
 .comment       0x00000000       0x2b build/obj/spi_lld.o
 .comment       0x00000000       0x2b build/obj/gpt_lld.o
 .comment       0x00000000       0x2b build/obj/icu_lld.o
 .comment       0x00000000       0x2b build/obj/pwm_lld.o
 .comment       0x00000000       0x2b build/obj/serial_lld.o
 .comment       0x00000000       0x2b build/obj/uart_lld.o
 .comment       0x00000000       0x2b build/obj/usb_lld.o
 .comment       0x00000000       0x2b build/obj/board.o
 .comment       0x00000000       0x2b build/obj/evtimer.o
 .comment       0x00000000       0x2b build/obj/syscalls.o
 .comment       0x00000000       0x2b build/obj/shell.o
 .comment       0x00000000       0x2b build/obj/chprintf.o
 .comment       0x00000000       0x2b build/obj/main.o
 .comment       0x00000000       0x2b build/obj/can_comm.o
 .comment       0x00000000       0x2b build/obj/hw_test.o
 .comment       0x00000000       0x2b build/obj/spi_comm.o
 .comment       0x00000000       0x2b build/obj/meas.o

.ARM.attributes
                0x00000000       0x31
 .ARM.attributes
                0x00000000       0x31 build/obj/crt0.o
 .ARM.attributes
                0x00000031       0x31 build/obj/vectors.o
 .ARM.attributes
                0x00000062       0x31 build/obj/chcore.o
 .ARM.attributes
                0x00000093       0x31 build/obj/chcore_v7m.o
 .ARM.attributes
                0x000000c4       0x31 build/obj/nvic.o
 .ARM.attributes
                0x000000f5       0x31 build/obj/chsys.o
 .ARM.attributes
                0x00000126       0x31 build/obj/chdebug.o
 .ARM.attributes
                0x00000157       0x31 build/obj/chlists.o
 .ARM.attributes
                0x00000188       0x31 build/obj/chvt.o
 .ARM.attributes
                0x000001b9       0x31 build/obj/chschd.o
 .ARM.attributes
                0x000001ea       0x31 build/obj/chthreads.o
 .ARM.attributes
                0x0000021b       0x31 build/obj/chdynamic.o
 .ARM.attributes
                0x0000024c       0x31 build/obj/chregistry.o
 .ARM.attributes
                0x0000027d       0x31 build/obj/chsem.o
 .ARM.attributes
                0x000002ae       0x31 build/obj/chmtx.o
 .ARM.attributes
                0x000002df       0x31 build/obj/chcond.o
 .ARM.attributes
                0x00000310       0x31 build/obj/chevents.o
 .ARM.attributes
                0x00000341       0x31 build/obj/chmsg.o
 .ARM.attributes
                0x00000372       0x31 build/obj/chmboxes.o
 .ARM.attributes
                0x000003a3       0x31 build/obj/chqueues.o
 .ARM.attributes
                0x000003d4       0x31 build/obj/chmemcore.o
 .ARM.attributes
                0x00000405       0x31 build/obj/chheap.o
 .ARM.attributes
                0x00000436       0x31 build/obj/chmempools.o
 .ARM.attributes
                0x00000467       0x31 build/obj/test.o
 .ARM.attributes
                0x00000498       0x31 build/obj/testthd.o
 .ARM.attributes
                0x000004c9       0x31 build/obj/testsem.o
 .ARM.attributes
                0x000004fa       0x31 build/obj/testmtx.o
 .ARM.attributes
                0x0000052b       0x31 build/obj/testmsg.o
 .ARM.attributes
                0x0000055c       0x31 build/obj/testmbox.o
 .ARM.attributes
                0x0000058d       0x31 build/obj/testevt.o
 .ARM.attributes
                0x000005be       0x31 build/obj/testheap.o
 .ARM.attributes
                0x000005ef       0x31 build/obj/testpools.o
 .ARM.attributes
                0x00000620       0x31 build/obj/testdyn.o
 .ARM.attributes
                0x00000651       0x31 build/obj/testqueues.o
 .ARM.attributes
                0x00000682       0x31 build/obj/testbmk.o
 .ARM.attributes
                0x000006b3       0x31 build/obj/hal.o
 .ARM.attributes
                0x000006e4       0x31 build/obj/adc.o
 .ARM.attributes
                0x00000715       0x31 build/obj/can.o
 .ARM.attributes
                0x00000746       0x31 build/obj/ext.o
 .ARM.attributes
                0x00000777       0x31 build/obj/gpt.o
 .ARM.attributes
                0x000007a8       0x31 build/obj/i2c.o
 .ARM.attributes
                0x000007d9       0x31 build/obj/icu.o
 .ARM.attributes
                0x0000080a       0x31 build/obj/mac.o
 .ARM.attributes
                0x0000083b       0x31 build/obj/mmc_spi.o
 .ARM.attributes
                0x0000086c       0x31 build/obj/mmcsd.o
 .ARM.attributes
                0x0000089d       0x31 build/obj/pal.o
 .ARM.attributes
                0x000008ce       0x31 build/obj/pwm.o
 .ARM.attributes
                0x000008ff       0x31 build/obj/rtc.o
 .ARM.attributes
                0x00000930       0x31 build/obj/sdc.o
 .ARM.attributes
                0x00000961       0x31 build/obj/serial.o
 .ARM.attributes
                0x00000992       0x31 build/obj/serial_usb.o
 .ARM.attributes
                0x000009c3       0x31 build/obj/spi.o
 .ARM.attributes
                0x000009f4       0x31 build/obj/tm.o
 .ARM.attributes
                0x00000a25       0x31 build/obj/uart.o
 .ARM.attributes
                0x00000a56       0x31 build/obj/usb.o
 .ARM.attributes
                0x00000a87       0x31 build/obj/stm32_dma.o
 .ARM.attributes
                0x00000ab8       0x31 build/obj/hal_lld.o
 .ARM.attributes
                0x00000ae9       0x31 build/obj/adc_lld.o
 .ARM.attributes
                0x00000b1a       0x31 build/obj/ext_lld_isr.o
 .ARM.attributes
                0x00000b4b       0x31 build/obj/can_lld.o
 .ARM.attributes
                0x00000b7c       0x31 build/obj/ext_lld.o
 .ARM.attributes
                0x00000bad       0x31 build/obj/mac_lld.o
 .ARM.attributes
                0x00000bde       0x31 build/obj/sdc_lld.o
 .ARM.attributes
                0x00000c0f       0x31 build/obj/pal_lld.o
 .ARM.attributes
                0x00000c40       0x31 build/obj/i2c_lld.o
 .ARM.attributes
                0x00000c71       0x31 build/obj/rtc_lld.o
 .ARM.attributes
                0x00000ca2       0x31 build/obj/spi_lld.o
 .ARM.attributes
                0x00000cd3       0x31 build/obj/gpt_lld.o
 .ARM.attributes
                0x00000d04       0x31 build/obj/icu_lld.o
 .ARM.attributes
                0x00000d35       0x31 build/obj/pwm_lld.o
 .ARM.attributes
                0x00000d66       0x31 build/obj/serial_lld.o
 .ARM.attributes
                0x00000d97       0x31 build/obj/uart_lld.o
 .ARM.attributes
                0x00000dc8       0x31 build/obj/usb_lld.o
 .ARM.attributes
                0x00000df9       0x31 build/obj/board.o
 .ARM.attributes
                0x00000e2a       0x31 build/obj/evtimer.o
 .ARM.attributes
                0x00000e5b       0x31 build/obj/syscalls.o
 .ARM.attributes
                0x00000e8c       0x31 build/obj/shell.o
 .ARM.attributes
                0x00000ebd       0x31 build/obj/chprintf.o
 .ARM.attributes
                0x00000eee       0x31 build/obj/main.o
 .ARM.attributes
                0x00000f1f       0x31 build/obj/can_comm.o
 .ARM.attributes
                0x00000f50       0x31 build/obj/hw_test.o
 .ARM.attributes
                0x00000f81       0x31 build/obj/spi_comm.o
 .ARM.attributes
                0x00000fb2       0x31 build/obj/meas.o
 .ARM.attributes
                0x00000fe3       0x29 c:/program files (x86)/codesourcery/sourcery g++ lite/bin/../lib/gcc/arm-none-eabi/4.5.2/../../../../arm-none-eabi/lib/thumb2\libc.a(lib_a-memset.o)
 .ARM.attributes
                0x0000100c       0x29 c:/program files (x86)/codesourcery/sourcery g++ lite/bin/../lib/gcc/arm-none-eabi/4.5.2/../../../../arm-none-eabi/lib/thumb2\libc.a(lib_a-strcasecmp.o)
 .ARM.attributes
                0x00001035       0x29 c:/program files (x86)/codesourcery/sourcery g++ lite/bin/../lib/gcc/arm-none-eabi/4.5.2/../../../../arm-none-eabi/lib/thumb2\libc.a(lib_a-strpbrk.o)
 .ARM.attributes
                0x0000105e       0x29 c:/program files (x86)/codesourcery/sourcery g++ lite/bin/../lib/gcc/arm-none-eabi/4.5.2/../../../../arm-none-eabi/lib/thumb2\libc.a(lib_a-strspn.o)
 .ARM.attributes
                0x00001087       0x29 c:/program files (x86)/codesourcery/sourcery g++ lite/bin/../lib/gcc/arm-none-eabi/4.5.2/../../../../arm-none-eabi/lib/thumb2\libc.a(lib_a-ctype_.o)

.debug_frame    0x00000000     0x2e84
 .debug_frame   0x00000000       0x50 build/obj/crt0.o
 .debug_frame   0x00000050       0x20 build/obj/vectors.o
 .debug_frame   0x00000070       0x20 build/obj/chcore.o
 .debug_frame   0x00000090       0xd0 build/obj/chcore_v7m.o
 .debug_frame   0x00000160       0x60 build/obj/nvic.o
 .debug_frame   0x000001c0       0x5c build/obj/chsys.o
 .debug_frame   0x0000021c       0x88 build/obj/chlists.o
 .debug_frame   0x000002a4       0x4c build/obj/chvt.o
 .debug_frame   0x000002f0      0x108 build/obj/chschd.o
 .debug_frame   0x000003f8      0x168 build/obj/chthreads.o
 .debug_frame   0x00000560       0x8c build/obj/chdynamic.o
 .debug_frame   0x000005ec       0x44 build/obj/chregistry.o
 .debug_frame   0x00000630      0x154 build/obj/chsem.o
 .debug_frame   0x00000784       0xdc build/obj/chmtx.o
 .debug_frame   0x00000860      0x10c build/obj/chcond.o
 .debug_frame   0x0000096c      0x198 build/obj/chevents.o
 .debug_frame   0x00000b04       0x68 build/obj/chmsg.o
 .debug_frame   0x00000b6c      0x154 build/obj/chmboxes.o
 .debug_frame   0x00000cc0      0x16c build/obj/chqueues.o
 .debug_frame   0x00000e2c       0x58 build/obj/chmemcore.o
 .debug_frame   0x00000e84       0x98 build/obj/chheap.o
 .debug_frame   0x00000f1c       0x9c build/obj/chmempools.o
 .debug_frame   0x00000fb8      0x1cc build/obj/test.o
 .debug_frame   0x00001184       0xc4 build/obj/testthd.o
 .debug_frame   0x00001248      0x138 build/obj/testsem.o
 .debug_frame   0x00001380      0x394 build/obj/testmtx.o
 .debug_frame   0x00001714       0x48 build/obj/testmsg.o
 .debug_frame   0x0000175c       0x44 build/obj/testmbox.o
 .debug_frame   0x000017a0      0x110 build/obj/testevt.o
 .debug_frame   0x000018b0       0x44 build/obj/testheap.o
 .debug_frame   0x000018f4       0x50 build/obj/testpools.o
 .debug_frame   0x00001944       0xdc build/obj/testdyn.o
 .debug_frame   0x00001a20       0xe0 build/obj/testqueues.o
 .debug_frame   0x00001b00      0x2b4 build/obj/testbmk.o
 .debug_frame   0x00001db4       0x4c build/obj/hal.o
 .debug_frame   0x00001e00      0x118 build/obj/adc.o
 .debug_frame   0x00001f18      0x104 build/obj/can.o
 .debug_frame   0x0000201c       0x54 build/obj/pal.o
 .debug_frame   0x00002070      0x1a8 build/obj/spi.o
 .debug_frame   0x00002218       0x5c build/obj/tm.o
 .debug_frame   0x00002274      0x138 build/obj/stm32_dma.o
 .debug_frame   0x000023ac       0x3c build/obj/hal_lld.o
 .debug_frame   0x000023e8       0xc8 build/obj/adc_lld.o
 .debug_frame   0x000024b0      0x184 build/obj/can_lld.o
 .debug_frame   0x00002634       0x4c build/obj/pal_lld.o
 .debug_frame   0x00002680      0x138 build/obj/spi_lld.o
 .debug_frame   0x000027b8       0x30 build/obj/board.o
 .debug_frame   0x000027e8       0x64 build/obj/evtimer.o
 .debug_frame   0x0000284c       0x98 build/obj/syscalls.o
 .debug_frame   0x000028e4      0x184 build/obj/shell.o
 .debug_frame   0x00002a68       0x90 build/obj/chprintf.o
 .debug_frame   0x00002af8       0x64 build/obj/main.o
 .debug_frame   0x00002b5c       0xbc build/obj/can_comm.o
 .debug_frame   0x00002c18       0x38 build/obj/hw_test.o
 .debug_frame   0x00002c50       0xfc build/obj/spi_comm.o
 .debug_frame   0x00002d4c       0x88 build/obj/meas.o
 .debug_frame   0x00002dd4       0x2c c:/program files (x86)/codesourcery/sourcery g++ lite/bin/../lib/gcc/arm-none-eabi/4.5.2/../../../../arm-none-eabi/lib/thumb2\libc.a(lib_a-memset.o)
 .debug_frame   0x00002e00       0x2c c:/program files (x86)/codesourcery/sourcery g++ lite/bin/../lib/gcc/arm-none-eabi/4.5.2/../../../../arm-none-eabi/lib/thumb2\libc.a(lib_a-strcasecmp.o)
 .debug_frame   0x00002e2c       0x2c c:/program files (x86)/codesourcery/sourcery g++ lite/bin/../lib/gcc/arm-none-eabi/4.5.2/../../../../arm-none-eabi/lib/thumb2\libc.a(lib_a-strpbrk.o)
 .debug_frame   0x00002e58       0x2c c:/program files (x86)/codesourcery/sourcery g++ lite/bin/../lib/gcc/arm-none-eabi/4.5.2/../../../../arm-none-eabi/lib/thumb2\libc.a(lib_a-strspn.o)

Cross Reference Table

Symbol                                            File
ADCD1                                             build/obj/adc_lld.o
                                                  build/obj/meas.o
BusFaultVector                                    build/obj/vectors.o
CAND1                                             build/obj/can_lld.o
                                                  build/obj/can_comm.o
DebugMonitorVector                                build/obj/vectors.o
HardFaultVector                                   build/obj/vectors.o
MemManageVector                                   build/obj/vectors.o
NMIVector                                         build/obj/vectors.o
PendSVVector                                      build/obj/vectors.o
ResetHandler                                      build/obj/crt0.o
                                                  build/obj/vectors.o
SPID1                                             build/obj/spi_lld.o
                                                  build/obj/spi_comm.o
SPISendData                                       build/obj/spi_comm.o
SPV1020CURR_IN                                    build/obj/spi_comm.o
                                                  build/obj/can_comm.o
SPV1020PWM                                        build/obj/spi_comm.o
                                                  build/obj/can_comm.o
SPV1020SHUT_DOWN                                  build/obj/spi_comm.o
                                                  build/obj/can_comm.o
                                                  build/obj/main.o
SPV1020STATUS                                     build/obj/spi_comm.o
                                                  build/obj/can_comm.o
SPV1020TURN_ON                                    build/obj/spi_comm.o
                                                  build/obj/can_comm.o
SPV1020VIN                                        build/obj/spi_comm.o
                                                  build/obj/can_comm.o
SVCallVector                                      build/obj/chcore_v7m.o
                                                  build/obj/vectors.o
SysTickVector                                     build/obj/chcore_v7m.o
                                                  build/obj/vectors.o
TestThread                                        build/obj/test.o
UsageFaultVector                                  build/obj/vectors.o
Vector1C                                          build/obj/vectors.o
Vector20                                          build/obj/vectors.o
Vector24                                          build/obj/vectors.o